../Drivers/BSP/LWIP/Target/ethernetif.c:157:6:HAL_ETH_RxCpltCallback	16	static
../Drivers/BSP/LWIP/Target/ethernetif.c:166:6:HAL_ETH_TxCpltCallback	16	static
../Drivers/BSP/LWIP/Target/ethernetif.c:175:6:HAL_ETH_ErrorCallback	16	static
../Drivers/BSP/LWIP/Target/ethernetif.c:197:13:low_level_init	176	static
../Drivers/BSP/LWIP/Target/ethernetif.c:365:14:low_level_output	80	static
../Drivers/BSP/LWIP/Target/ethernetif.c:420:22:low_level_input	24	static
../Drivers/BSP/LWIP/Target/ethernetif.c:441:6:ethernetif_input	24	static
../Drivers/BSP/LWIP/Target/ethernetif.c:498:7:ethernetif_init	16	static
../Drivers/BSP/LWIP/Target/ethernetif.c:549:6:pbuf_free_custom	24	static
../Drivers/BSP/LWIP/Target/ethernetif.c:572:7:sys_jiffies	8	static
../Drivers/BSP/LWIP/Target/ethernetif.c:583:7:sys_now	8	static
../Drivers/BSP/LWIP/Target/ethernetif.c:596:6:HAL_ETH_MspInit	64	static
../Drivers/BSP/LWIP/Target/ethernetif.c:663:6:HAL_ETH_MspDeInit	32	static
../Drivers/BSP/LWIP/Target/ethernetif.c:714:9:ETH_PHY_IO_Init	8	static
../Drivers/BSP/LWIP/Target/ethernetif.c:731:9:ETH_PHY_IO_DeInit	4	static
../Drivers/BSP/LWIP/Target/ethernetif.c:743:9:ETH_PHY_IO_ReadReg	24	static
../Drivers/BSP/LWIP/Target/ethernetif.c:760:9:ETH_PHY_IO_WriteReg	24	static
../Drivers/BSP/LWIP/Target/ethernetif.c:774:9:ETH_PHY_IO_GetTick	8	static
../Drivers/BSP/LWIP/Target/ethernetif.c:783:6:ethernet_link_thread	136	static
../Drivers/BSP/LWIP/Target/ethernetif.c:853:6:HAL_ETH_RxAllocateCallback	32	static
../Drivers/BSP/LWIP/Target/ethernetif.c:875:6:HAL_ETH_RxLinkCallback	40	static
../Drivers/BSP/LWIP/Target/ethernetif.c:915:6:HAL_ETH_TxFreeCallback	16	static
