Archive member included to satisfy reference by file (symbol)

C:/ST/STM32CubeIDE_1.14.0/STM32CubeIDE/plugins/com.st.stm32cube.ide.mcu.externaltools.gnu-tools-for-stm32.11.3.rel1.win32_1.1.100.202309141235/tools/bin/../lib/gcc/arm-none-eabi/11.3.1/../../../../arm-none-eabi/lib/thumb/v8-m.main+fp/hard\libc_nano.a(libc_a-exit.o)
                              C:/ST/STM32CubeIDE_1.14.0/STM32CubeIDE/plugins/com.st.stm32cube.ide.mcu.externaltools.gnu-tools-for-stm32.11.3.rel1.win32_1.1.100.202309141235/tools/bin/../lib/gcc/arm-none-eabi/11.3.1/../../../../arm-none-eabi/lib/thumb/v8-m.main+fp/hard/crt0.o (exit)
C:/ST/STM32CubeIDE_1.14.0/STM32CubeIDE/plugins/com.st.stm32cube.ide.mcu.externaltools.gnu-tools-for-stm32.11.3.rel1.win32_1.1.100.202309141235/tools/bin/../lib/gcc/arm-none-eabi/11.3.1/../../../../arm-none-eabi/lib/thumb/v8-m.main+fp/hard\libc_nano.a(libc_a-malloc.o)
                              ./Middlewares/Solvine/Utils/src/svList.o (free)
C:/ST/STM32CubeIDE_1.14.0/STM32CubeIDE/plugins/com.st.stm32cube.ide.mcu.externaltools.gnu-tools-for-stm32.11.3.rel1.win32_1.1.100.202309141235/tools/bin/../lib/gcc/arm-none-eabi/11.3.1/../../../../arm-none-eabi/lib/thumb/v8-m.main+fp/hard\libc_nano.a(libc_a-mallocr.o)
                              C:/ST/STM32CubeIDE_1.14.0/STM32CubeIDE/plugins/com.st.stm32cube.ide.mcu.externaltools.gnu-tools-for-stm32.11.3.rel1.win32_1.1.100.202309141235/tools/bin/../lib/gcc/arm-none-eabi/11.3.1/../../../../arm-none-eabi/lib/thumb/v8-m.main+fp/hard\libc_nano.a(libc_a-malloc.o) (_malloc_r)
C:/ST/STM32CubeIDE_1.14.0/STM32CubeIDE/plugins/com.st.stm32cube.ide.mcu.externaltools.gnu-tools-for-stm32.11.3.rel1.win32_1.1.100.202309141235/tools/bin/../lib/gcc/arm-none-eabi/11.3.1/../../../../arm-none-eabi/lib/thumb/v8-m.main+fp/hard\libc_nano.a(libc_a-mlock.o)
                              C:/ST/STM32CubeIDE_1.14.0/STM32CubeIDE/plugins/com.st.stm32cube.ide.mcu.externaltools.gnu-tools-for-stm32.11.3.rel1.win32_1.1.100.202309141235/tools/bin/../lib/gcc/arm-none-eabi/11.3.1/../../../../arm-none-eabi/lib/thumb/v8-m.main+fp/hard\libc_nano.a(libc_a-mallocr.o) (__malloc_lock)
C:/ST/STM32CubeIDE_1.14.0/STM32CubeIDE/plugins/com.st.stm32cube.ide.mcu.externaltools.gnu-tools-for-stm32.11.3.rel1.win32_1.1.100.202309141235/tools/bin/../lib/gcc/arm-none-eabi/11.3.1/../../../../arm-none-eabi/lib/thumb/v8-m.main+fp/hard\libc_nano.a(libc_a-findfp.o)
                              C:/ST/STM32CubeIDE_1.14.0/STM32CubeIDE/plugins/com.st.stm32cube.ide.mcu.externaltools.gnu-tools-for-stm32.11.3.rel1.win32_1.1.100.202309141235/tools/bin/../lib/gcc/arm-none-eabi/11.3.1/../../../../arm-none-eabi/lib/thumb/v8-m.main+fp/hard\libc_nano.a(libc_a-exit.o) (__stdio_exit_handler)
C:/ST/STM32CubeIDE_1.14.0/STM32CubeIDE/plugins/com.st.stm32cube.ide.mcu.externaltools.gnu-tools-for-stm32.11.3.rel1.win32_1.1.100.202309141235/tools/bin/../lib/gcc/arm-none-eabi/11.3.1/../../../../arm-none-eabi/lib/thumb/v8-m.main+fp/hard\libc_nano.a(libc_a-fwalk.o)
                              C:/ST/STM32CubeIDE_1.14.0/STM32CubeIDE/plugins/com.st.stm32cube.ide.mcu.externaltools.gnu-tools-for-stm32.11.3.rel1.win32_1.1.100.202309141235/tools/bin/../lib/gcc/arm-none-eabi/11.3.1/../../../../arm-none-eabi/lib/thumb/v8-m.main+fp/hard\libc_nano.a(libc_a-findfp.o) (_fwalk_sglue)
C:/ST/STM32CubeIDE_1.14.0/STM32CubeIDE/plugins/com.st.stm32cube.ide.mcu.externaltools.gnu-tools-for-stm32.11.3.rel1.win32_1.1.100.202309141235/tools/bin/../lib/gcc/arm-none-eabi/11.3.1/../../../../arm-none-eabi/lib/thumb/v8-m.main+fp/hard\libc_nano.a(libc_a-stdio.o)
                              C:/ST/STM32CubeIDE_1.14.0/STM32CubeIDE/plugins/com.st.stm32cube.ide.mcu.externaltools.gnu-tools-for-stm32.11.3.rel1.win32_1.1.100.202309141235/tools/bin/../lib/gcc/arm-none-eabi/11.3.1/../../../../arm-none-eabi/lib/thumb/v8-m.main+fp/hard\libc_nano.a(libc_a-findfp.o) (__sread)
C:/ST/STM32CubeIDE_1.14.0/STM32CubeIDE/plugins/com.st.stm32cube.ide.mcu.externaltools.gnu-tools-for-stm32.11.3.rel1.win32_1.1.100.202309141235/tools/bin/../lib/gcc/arm-none-eabi/11.3.1/../../../../arm-none-eabi/lib/thumb/v8-m.main+fp/hard\libc_nano.a(libc_a-vsnprintf.o)
                              ./Drivers/BSP/src/UART.o (vsnprintf)
C:/ST/STM32CubeIDE_1.14.0/STM32CubeIDE/plugins/com.st.stm32cube.ide.mcu.externaltools.gnu-tools-for-stm32.11.3.rel1.win32_1.1.100.202309141235/tools/bin/../lib/gcc/arm-none-eabi/11.3.1/../../../../arm-none-eabi/lib/thumb/v8-m.main+fp/hard\libc_nano.a(libc_a-vsprintf.o)
                              ./Drivers/BSP/src/svDebug.o (vsprintf)
C:/ST/STM32CubeIDE_1.14.0/STM32CubeIDE/plugins/com.st.stm32cube.ide.mcu.externaltools.gnu-tools-for-stm32.11.3.rel1.win32_1.1.100.202309141235/tools/bin/../lib/gcc/arm-none-eabi/11.3.1/../../../../arm-none-eabi/lib/thumb/v8-m.main+fp/hard\libc_nano.a(libc_a-memset.o)
[...]
Memory Configuration

Name             Origin             Length             Attributes
RAM              0x0000000020000000 0x00000000000a0000 xrw
FLASH            0x0000000008000000 0x0000000000200000 xr
*default*        0x0000000000000000 0xffffffffffffffff

Linker script and memory map

LOAD C:/ST/STM32CubeIDE_1.14.0/STM32CubeIDE/plugins/com.st.stm32cube.ide.mcu.externaltools.gnu-tools-for-stm32.11.3.rel1.win32_1.1.100.202309141235/tools/bin/../lib/gcc/arm-none-eabi/11.3.1/thumb/v8-m.main+fp/hard/crti.o
LOAD C:/ST/STM32CubeIDE_1.14.0/STM32CubeIDE/plugins/com.st.stm32cube.ide.mcu.externaltools.gnu-tools-for-stm32.11.3.rel1.win32_1.1.100.202309141235/tools/bin/../lib/gcc/arm-none-eabi/11.3.1/thumb/v8-m.main+fp/hard/crtbegin.o
LOAD C:/ST/STM32CubeIDE_1.14.0/STM32CubeIDE/plugins/com.st.stm32cube.ide.mcu.externaltools.gnu-tools-for-stm32.11.3.rel1.win32_1.1.100.202309141235/tools/bin/../lib/gcc/arm-none-eabi/11.3.1/../../../../arm-none-eabi/lib/thumb/v8-m.main+fp/hard/crt0.o
LOAD ./Core/App/src/AppMain.o
LOAD ./Core/Src/app_freertos.o
LOAD ./Core/Src/main.o
LOAD ./Core/Src/stm32h5xx_hal_msp.o
LOAD ./Core/Src/stm32h5xx_hal_timebase_tim.o
LOAD ./Core/Src/stm32h5xx_it.o
LOAD ./Core/Src/syscalls.o
LOAD ./Core/Src/sysmem.o
LOAD ./Core/Src/system_stm32h5xx.o
LOAD ./Core/Startup/startup_stm32h563zitx.o
LOAD ./Drivers/BSP/src/FLASH.o
LOAD ./Drivers/BSP/src/LED.o
LOAD ./Drivers/BSP/src/RESET.o
LOAD ./Drivers/BSP/src/RTC.o
LOAD ./Drivers/BSP/src/UART.o
LOAD ./Drivers/BSP/src/printf.o
LOAD ./Drivers/BSP/src/svDebug.o
LOAD ./Drivers/BSP/src/svPlatform.o
LOAD ./Drivers/STM32H5xx_HAL_Driver/Src/stm32h5xx_hal.o
LOAD ./Drivers/STM32H5xx_HAL_Driver/Src/stm32h5xx_hal_cortex.o
LOAD ./Drivers/STM32H5xx_HAL_Driver/Src/stm32h5xx_hal_dma.o
LOAD ./Drivers/STM32H5xx_HAL_Driver/Src/stm32h5xx_hal_dma_ex.o
LOAD ./Drivers/STM32H5xx_HAL_Driver/Src/stm32h5xx_hal_exti.o
LOAD ./Drivers/STM32H5xx_HAL_Driver/Src/stm32h5xx_hal_fdcan.o
LOAD ./Drivers/STM32H5xx_HAL_Driver/Src/stm32h5xx_hal_flash.o
LOAD ./Drivers/STM32H5xx_HAL_Driver/Src/stm32h5xx_hal_flash_ex.o
LOAD ./Drivers/STM32H5xx_HAL_Driver/Src/stm32h5xx_hal_gpio.o
LOAD ./Drivers/STM32H5xx_HAL_Driver/Src/stm32h5xx_hal_icache.o
LOAD ./Drivers/STM32H5xx_HAL_Driver/Src/stm32h5xx_hal_pwr.o
LOAD ./Drivers/STM32H5xx_HAL_Driver/Src/stm32h5xx_hal_pwr_ex.o
LOAD ./Drivers/STM32H5xx_HAL_Driver/Src/stm32h5xx_hal_rcc.o
LOAD ./Drivers/STM32H5xx_HAL_Driver/Src/stm32h5xx_hal_rcc_ex.o
LOAD ./Drivers/STM32H5xx_HAL_Driver/Src/stm32h5xx_hal_rtc.o
LOAD ./Drivers/STM32H5xx_HAL_Driver/Src/stm32h5xx_hal_rtc_ex.o
LOAD ./Drivers/STM32H5xx_HAL_Driver/Src/stm32h5xx_hal_tim.o
LOAD ./Drivers/STM32H5xx_HAL_Driver/Src/stm32h5xx_hal_tim_ex.o
LOAD ./Drivers/STM32H5xx_HAL_Driver/Src/stm32h5xx_hal_uart.o
LOAD ./Drivers/STM32H5xx_HAL_Driver/Src/stm32h5xx_hal_uart_ex.o
LOAD ./Middlewares/Solvine/Utils/src/svCLI.o
LOAD ./Middlewares/Solvine/Utils/src/svLinkBuffer.o
LOAD ./Middlewares/Solvine/Utils/src/svList.o
LOAD ./Middlewares/Solvine/Utils/src/svOvRingBuffer.o
LOAD ./Middlewares/Solvine/Utils/src/svRingBuffer.o
LOAD ./Middlewares/Solvine/Utils/src/svTaskTimer.o
LOAD ./Middlewares/Solvine/Utils/src/svUtils.o
LOAD ./Middlewares/Third_Party/FreeRTOS/Source/CMSIS_RTOS_V2/cmsis_os2.o
LOAD ./Middlewares/Third_Party/FreeRTOS/Source/croutine.o
LOAD ./Middlewares/Third_Party/FreeRTOS/Source/event_groups.o
LOAD ./Middlewares/Third_Party/FreeRTOS/Source/list.o
LOAD ./Middlewares/Third_Party/FreeRTOS/Source/queue.o
LOAD ./Middlewares/Third_Party/FreeRTOS/Source/stream_buffer.o
LOAD ./Middlewares/Third_Party/FreeRTOS/Source/tasks.o
LOAD ./Middlewares/Third_Party/FreeRTOS/Source/timers.o
LOAD ./Middlewares/Third_Party/FreeRTOS/Source/portable/GCC/ARM_CM33_NTZ/non_secure/port.o
LOAD ./Middlewares/Third_Party/FreeRTOS/Source/portable/GCC/ARM_CM33_NTZ/non_secure/portasm.o
LOAD ./Middlewares/Third_Party/FreeRTOS/Source/portable/MemMang/heap_4.o
LOAD ./Middlewares/Third_Party/lwrb/src/lwrb.o
START GROUP
LOAD C:/ST/STM32CubeIDE_1.14.0/STM32CubeIDE/plugins/com.st.stm32cube.ide.mcu.externaltools.gnu-tools-for-stm32.11.3.rel1.win32_1.1.100.202309141235/tools/bin/../lib/gcc/arm-none-eabi/11.3.1/../../../../arm-none-eabi/lib/thumb/v8-m.main+fp/hard\libc_nano.a
LOAD C:/ST/STM32CubeIDE_1.14.0/STM32CubeIDE/plugins/com.st.stm32cube.ide.mcu.externaltools.gnu-tools-for-stm32.11.3.rel1.win32_1.1.100.202309141235/tools/bin/../lib/gcc/arm-none-eabi/11.3.1/../../../../arm-none-eabi/lib/thumb/v8-m.main+fp/hard\libm.a
END GROUP
START GROUP
LOAD C:/ST/STM32CubeIDE_1.14.0/STM32CubeIDE/plugins/com.st.stm32cube.ide.mcu.externaltools.gnu-tools-for-stm32.11.3.rel1.win32_1.1.100.202309141235/tools/bin/../lib/gcc/arm-none-eabi/11.3.1/thumb/v8-m.main+fp/hard\libgcc.a
LOAD C:/ST/STM32CubeIDE_1.14.0/STM32CubeIDE/plugins/com.st.stm32cube.ide.mcu.externaltools.gnu-tools-for-stm32.11.3.rel1.win32_1.1.100.202309141235/tools/bin/../lib/gcc/arm-none-eabi/11.3.1/../../../../arm-none-eabi/lib/thumb/v8-m.main+fp/hard\libc_nano.a
END GROUP
START GROUP
LOAD C:/ST/STM32CubeIDE_1.14.0/STM32CubeIDE/plugins/com.st.stm32cube.ide.mcu.externaltools.gnu-tools-for-stm32.11.3.rel1.win32_1.1.100.202309141235/tools/bin/../lib/gcc/arm-none-eabi/11.3.1/thumb/v8-m.main+fp/hard\libgcc.a
LOAD C:/ST/STM32CubeIDE_1.14.0/STM32CubeIDE/plugins/com.st.stm32cube.ide.mcu.externaltools.gnu-tools-for-stm32.11.3.rel1.win32_1.1.100.202309141235/tools/bin/../lib/gcc/arm-none-eabi/11.3.1/../../../../arm-none-eabi/lib/thumb/v8-m.main+fp/hard\libc_nano.a
LOAD C:/ST/STM32CubeIDE_1.14.0/STM32CubeIDE/plugins/com.st.stm32cube.ide.mcu.externaltools.gnu-tools-for-stm32.11.3.rel1.win32_1.1.100.202309141235/tools/bin/../lib/gcc/arm-none-eabi/11.3.1/../../../../arm-none-eabi/lib/thumb/v8-m.main+fp/hard\libnosys.a
END GROUP
START GROUP
LOAD C:/ST/STM32CubeIDE_1.14.0/STM32CubeIDE/plugins/com.st.stm32cube.ide.mcu.externaltools.gnu-tools-for-stm32.11.3.rel1.win32_1.1.100.202309141235/tools/bin/../lib/gcc/arm-none-eabi/11.3.1/thumb/v8-m.main+fp/hard\libgcc.a
LOAD C:/ST/STM32CubeIDE_1.14.0/STM32CubeIDE/plugins/com.st.stm32cube.ide.mcu.externaltools.gnu-tools-for-stm32.11.3.rel1.win32_1.1.100.202309141235/tools/bin/../lib/gcc/arm-none-eabi/11.3.1/../../../../arm-none-eabi/lib/thumb/v8-m.main+fp/hard\libc_nano.a
LOAD C:/ST/STM32CubeIDE_1.14.0/STM32CubeIDE/plugins/com.st.stm32cube.ide.mcu.externaltools.gnu-tools-for-stm32.11.3.rel1.win32_1.1.100.202309141235/tools/bin/../lib/gcc/arm-none-eabi/11.3.1/../../../../arm-none-eabi/lib/thumb/v8-m.main+fp/hard\libnosys.a
END GROUP
LOAD C:/ST/STM32CubeIDE_1.14.0/STM32CubeIDE/plugins/com.st.stm32cube.ide.mcu.externaltools.gnu-tools-for-stm32.11.3.rel1.win32_1.1.100.202309141235/tools/bin/../lib/gcc/arm-none-eabi/11.3.1/thumb/v8-m.main+fp/hard/crtend.o
LOAD C:/ST/STM32CubeIDE_1.14.0/STM32CubeIDE/plugins/com.st.stm32cube.ide.mcu.externaltools.gnu-tools-for-stm32.11.3.rel1.win32_1.1.100.202309141235/tools/bin/../lib/gcc/arm-none-eabi/11.3.1/thumb/v8-m.main+fp/hard/crtn.o
                0x00000000200a0000                _estack = (ORIGIN (RAM) + LENGTH (RAM))
                0x0000000000000200                _Min_Heap_Size = 0x200
                0x0000000000000400                _Min_Stack_Size = 0x400

.isr_vector     0x0000000008000000      0x24c
                0x0000000008000000                . = ALIGN (0x4)
 *(.isr_vector)
 .isr_vector    0x0000000008000000      0x24c ./Core/Startup/startup_stm32h563zitx.o
                0x0000000008000000                g_pfnVectors
                0x000000000800024c                . = ALIGN (0x4)

.text           0x0000000008000250     0xf4c4
                0x0000000008000250                . = ALIGN (0x4)
 *(.text)
 .text          0x0000000008000250       0x40 C:/ST/STM32CubeIDE_1.14.0/STM32CubeIDE/plugins/com.st.stm32cube.ide.mcu.externaltools.gnu-tools-for-stm32.11.3.rel1.win32_1.1.100.202309141235/tools/bin/../lib/gcc/arm-none-eabi/11.3.1/thumb/v8-m.main+fp/hard/crtbegin.o
 .text          0x0000000008000290       0x14 C:/ST/STM32CubeIDE_1.14.0/STM32CubeIDE/plugins/com.st.stm32cube.ide.mcu.externaltools.gnu-tools-for-stm32.11.3.rel1.win32_1.1.100.202309141235/tools/bin/../lib/gcc/arm-none-eabi/11.3.1/../../../../arm-none-eabi/lib/thumb/v8-m.main+fp/hard\libc_nano.a(libc_a-strcmp.o)
                0x0000000008000290                strcmp
 .text          0x00000000080002a4       0x10 C:/ST/STM32CubeIDE_1.14.0/STM32CubeIDE/plugins/com.st.stm32cube.ide.mcu.externaltools.gnu-tools-for-stm32.11.3.rel1.win32_1.1.100.202309141235/tools/bin/../lib/gcc/arm-none-eabi/11.3.1/../../../../arm-none-eabi/lib/thumb/v8-m.main+fp/hard\libc_nano.a(libc_a-strlen.o)
                0x00000000080002a4                strlen
 .text          0x00000000080002b4       0x30 C:/ST/STM32CubeIDE_1.14.0/STM32CubeIDE/plugins/com.st.stm32cube.ide.mcu.externaltools.gnu-tools-for-stm32.11.3.rel1.win32_1.1.100.202309141235/tools/bin/../lib/gcc/arm-none-eabi/11.3.1/thumb/v8-m.main+fp/hard\libgcc.a(_aeabi_uldivmod.o)
                0x00000000080002b4                __aeabi_uldivmod
 .text          0x00000000080002e4      0x2ec C:/ST/STM32CubeIDE_1.14.0/STM32CubeIDE/plugins/com.st.stm32cube.ide.mcu.externaltools.gnu-tools-for-stm32.11.3.rel1.win32_1.1.100.202309141235/tools/bin/../lib/gcc/arm-none-eabi/11.3.1/thumb/v8-m.main+fp/hard\libgcc.a(_udivmoddi4.o)
                0x00000000080002e4                __udivmoddi4
 .text          0x00000000080005d0        0x4 C:/ST/STM32CubeIDE_1.14.0/STM32CubeIDE/plugins/com.st.stm32cube.ide.mcu.externaltools.gnu-tools-for-stm32.11.3.rel1.win32_1.1.100.202309141235/tools/bin/../lib/gcc/arm-none-eabi/11.3.1/thumb/v8-m.main+fp/hard\libgcc.a(_dvmd_tls.o)
                0x00000000080005d0                __aeabi_idiv0
                0x00000000080005d0                __aeabi_ldiv0
 *(.text*)
 .text.AppMain  0x00000000080005d4       0x48 ./Core/App/src/AppMain.o
                0x00000000080005d4                AppMain
 .text.HAL_GPIO_EXTI_Rising_Callback
                0x000000000800061c       0x28 ./Core/App/src/AppMain.o
                0x000000000800061c                HAL_GPIO_EXTI_Rising_Callback
 .text.MX_FREERTOS_Init
                0x0000000008000644       0x24 ./Core/Src/app_freertos.o
                0x0000000008000644                MX_FREERTOS_Init
 .text.StartDefaultTask
                0x0000000008000668       0x10 ./Core/Src/app_freertos.o
                0x0000000008000668                StartDefaultTask
 .text.main     0x0000000008000678       0x36 ./Core/Src/main.o
                0x0000000008000678                main
 *fill*         0x00000000080006ae        0x2 
 .text.SystemClock_Config
                0x00000000080006b0       0xd4 ./Core/Src/main.o
                0x00000000080006b0                SystemClock_Config
 .text.MX_FDCAN1_Init
                0x0000000008000784       0x8c ./Core/Src/main.o
 .text.MX_FLASH_Init
                0x0000000008000810       0x24 ./Core/Src/main.o
 .text.MX_ICACHE_Init
                0x0000000008000834       0x16 ./Core/Src/main.o
 *fill*         0x000000000800084a        0x2 
 .text.MX_LPUART1_UART_Init
                0x000000000800084c       0x94 ./Core/Src/main.o
 .text.MX_USART3_UART_Init
                0x00000000080008e0       0x98 ./Core/Src/main.o
 .text.MX_GPIO_Init
                0x0000000008000978      0x1dc ./Core/Src/main.o
 .text.HAL_TIM_PeriodElapsedCallback
                0x0000000008000b54       0x24 ./Core/Src/main.o
                0x0000000008000b54                HAL_TIM_PeriodElapsedCallback
 .text.Error_Handler
                0x0000000008000b78        0xa ./Core/Src/main.o
                0x0000000008000b78                Error_Handler
 .text.HAL_MspInit
                0x0000000008000b82       0x14 ./Core/Src/stm32h5xx_hal_msp.o
                0x0000000008000b82                HAL_MspInit
 *fill*         0x0000000008000b96        0x2 
 .text.HAL_FDCAN_MspInit
                0x0000000008000b98      0x12c ./Core/Src/stm32h5xx_hal_msp.o
                0x0000000008000b98                HAL_FDCAN_MspInit
 .text.HAL_UART_MspInit
                0x0000000008000cc4      0x2d4 ./Core/Src/stm32h5xx_hal_msp.o
                0x0000000008000cc4                HAL_UART_MspInit
 .text.HAL_InitTick
                0x0000000008000f98       0xec ./Core/Src/stm32h5xx_hal_timebase_tim.o
                0x0000000008000f98                HAL_InitTick
 .text.NMI_Handler
                0x0000000008001084        0x6 ./Core/Src/stm32h5xx_it.o
                0x0000000008001084                NMI_Handler
 .text.HardFault_Handler
                0x000000000800108a        0x6 ./Core/Src/stm32h5xx_it.o
                0x000000000800108a                HardFault_Handler
 .text.MemManage_Handler
                0x0000000008001090        0x6 ./Core/Src/stm32h5xx_it.o
                0x0000000008001090                MemManage_Handler
 .text.BusFault_Handler
                0x0000000008001096        0x6 ./Core/Src/stm32h5xx_it.o
                0x0000000008001096                BusFault_Handler
 .text.UsageFault_Handler
                0x000000000800109c        0x6 ./Core/Src/stm32h5xx_it.o
                0x000000000800109c                UsageFault_Handler
 .text.DebugMon_Handler
                0x00000000080010a2        0xe ./Core/Src/stm32h5xx_it.o
                0x00000000080010a2                DebugMon_Handler
 .text.EXTI13_IRQHandler
                0x00000000080010b0       0x10 ./Core/Src/stm32h5xx_it.o
                0x00000000080010b0                EXTI13_IRQHandler
 .text.FDCAN1_IT0_IRQHandler
                0x00000000080010c0       0x14 ./Core/Src/stm32h5xx_it.o
                0x00000000080010c0                FDCAN1_IT0_IRQHandler
 .text.TIM6_IRQHandler
                0x00000000080010d4       0x14 ./Core/Src/stm32h5xx_it.o
                0x00000000080010d4                TIM6_IRQHandler
 .text.USART2_IRQHandler
                0x00000000080010e8       0x14 ./Core/Src/stm32h5xx_it.o
                0x00000000080010e8                USART2_IRQHandler
 .text._sbrk    0x00000000080010fc       0x6c ./Core/Src/sysmem.o
                0x00000000080010fc                _sbrk
 .text.SystemInit
                0x0000000008001168       0xf8 ./Core/Src/system_stm32h5xx.o
                0x0000000008001168                SystemInit
 .text.Reset_Handler
                0x0000000008001260       0x50 ./Core/Startup/startup_stm32h563zitx.o
                0x0000000008001260                Reset_Handler
 .text.Default_Handler
                0x00000000080012b0        0x2 ./Core/Startup/startup_stm32h563zitx.o
                0x00000000080012b0                EXTI2_IRQHandler
                0x00000000080012b0                TIM8_TRG_COM_IRQHandler
                0x00000000080012b0                TIM8_CC_IRQHandler
                0x00000000080012b0                EXTI5_IRQHandler
                0x00000000080012b0                I3C1_ER_IRQHandler
                0x00000000080012b0                UART8_IRQHandler
                0x00000000080012b0                SPI4_IRQHandler
                0x00000000080012b0                GPDMA2_Channel1_IRQHandler
                0x00000000080012b0                FLASH_S_IRQHandler
                0x00000000080012b0                TIM1_CC_IRQHandler
                0x00000000080012b0                GPDMA2_Channel3_IRQHandler
                0x00000000080012b0                TAMP_IRQHandler
                0x00000000080012b0                EXTI12_IRQHandler
                0x00000000080012b0                CORDIC_IRQHandler
                0x00000000080012b0                USB_DRD_FS_IRQHandler
                0x00000000080012b0                EXTI3_IRQHandler
                0x00000000080012b0                LPTIM4_IRQHandler
                0x00000000080012b0                GPDMA1_Channel5_IRQHandler
                0x00000000080012b0                EXTI8_IRQHandler
                0x00000000080012b0                GPDMA2_Channel5_IRQHandler
                0x00000000080012b0                LPTIM2_IRQHandler
                0x00000000080012b0                I2C3_ER_IRQHandler
                0x00000000080012b0                GPDMA2_Channel2_IRQHandler
                0x00000000080012b0                USART10_IRQHandler
                0x00000000080012b0                LPTIM3_IRQHandler
                0x00000000080012b0                EXTI0_IRQHandler
                0x00000000080012b0                I2C2_EV_IRQHandler
                0x00000000080012b0                FPU_IRQHandler
                0x00000000080012b0                GPDMA1_Channel3_IRQHandler
                0x00000000080012b0                GPDMA1_Channel7_IRQHandler
                0x00000000080012b0                FDCAN1_IT1_IRQHandler
                0x00000000080012b0                RAMCFG_IRQHandler
                0x00000000080012b0                DCACHE1_IRQHandler
                0x00000000080012b0                SPI1_IRQHandler
                0x00000000080012b0                OCTOSPI1_IRQHandler
                0x00000000080012b0                GPDMA1_Channel2_IRQHandler
                0x00000000080012b0                TIM8_UP_IRQHandler
                0x00000000080012b0                RCC_S_IRQHandler
                0x00000000080012b0                SAI2_IRQHandler
                0x00000000080012b0                ADC1_IRQHandler
                0x00000000080012b0                USART6_IRQHandler
                0x00000000080012b0                EXTI15_IRQHandler
                0x00000000080012b0                TIM17_IRQHandler
                0x00000000080012b0                USART3_IRQHandler
                0x00000000080012b0                RTC_IRQHandler
                0x00000000080012b0                EXTI9_IRQHandler
                0x00000000080012b0                LPTIM5_IRQHandler
                0x00000000080012b0                UART5_IRQHandler
                0x00000000080012b0                TIM4_IRQHandler
                0x00000000080012b0                I2C1_EV_IRQHandler
                0x00000000080012b0                GPDMA1_Channel1_IRQHandler
                0x00000000080012b0                TIM16_IRQHandler
                0x00000000080012b0                UART4_IRQHandler
                0x00000000080012b0                SecureFault_Handler
                0x00000000080012b0                TIM3_IRQHandler
                0x00000000080012b0                RCC_IRQHandler
                0x00000000080012b0                UART9_IRQHandler
                0x00000000080012b0                TIM1_TRG_COM_IRQHandler
                0x00000000080012b0                Default_Handler
                0x00000000080012b0                FMAC_IRQHandler
                0x00000000080012b0                CEC_IRQHandler
                0x00000000080012b0                USART11_IRQHandler
                0x00000000080012b0                TIM14_IRQHandler
                0x00000000080012b0                TIM13_IRQHandler
                0x00000000080012b0                GPDMA2_Channel4_IRQHandler
                0x00000000080012b0                SPI5_IRQHandler
                0x00000000080012b0                TIM12_IRQHandler
                0x00000000080012b0                TIM7_IRQHandler
                0x00000000080012b0                SDMMC1_IRQHandler
                0x00000000080012b0                TIM5_IRQHandler
                0x00000000080012b0                UCPD1_IRQHandler
                0x00000000080012b0                GPDMA1_Channel0_IRQHandler
                0x00000000080012b0                I3C1_EV_IRQHandler
                0x00000000080012b0                TIM15_IRQHandler
                0x00000000080012b0                PVD_AVD_IRQHandler
                0x00000000080012b0                I2C3_EV_IRQHandler
                0x00000000080012b0                ETH_WKUP_IRQHandler
                0x00000000080012b0                ADC2_IRQHandler
                0x00000000080012b0                SPI2_IRQHandler
                0x00000000080012b0                EXTI14_IRQHandler
                0x00000000080012b0                EXTI11_IRQHandler
                0x00000000080012b0                CRS_IRQHandler
                0x00000000080012b0                EXTI4_IRQHandler
                0x00000000080012b0                GPDMA2_Channel0_IRQHandler
                0x00000000080012b0                RTC_S_IRQHandler
                0x00000000080012b0                RNG_IRQHandler
                0x00000000080012b0                FDCAN2_IT1_IRQHandler
                0x00000000080012b0                ETH_IRQHandler
                0x00000000080012b0                GPDMA2_Channel6_IRQHandler
                0x00000000080012b0                TIM1_UP_IRQHandler
                0x00000000080012b0                UART12_IRQHandler
                0x00000000080012b0                WWDG_IRQHandler
                0x00000000080012b0                SPI6_IRQHandler
                0x00000000080012b0                I2C4_EV_IRQHandler
                0x00000000080012b0                FDCAN2_IT0_IRQHandler
                0x00000000080012b0                IWDG_IRQHandler
                0x00000000080012b0                LPUART1_IRQHandler
                0x00000000080012b0                TIM2_IRQHandler
                0x00000000080012b0                GPDMA1_Channel4_IRQHandler
                0x00000000080012b0                EXTI7_IRQHandler
                0x00000000080012b0                TIM1_BRK_IRQHandler
                0x00000000080012b0                EXTI1_IRQHandler
                0x00000000080012b0                SDMMC2_IRQHandler
                0x00000000080012b0                LPTIM6_IRQHandler
                0x00000000080012b0                DAC1_IRQHandler
                0x00000000080012b0                DTS_IRQHandler
                0x00000000080012b0                UART7_IRQHandler
                0x00000000080012b0                GTZC_IRQHandler
                0x00000000080012b0                GPDMA1_Channel6_IRQHandler
                0x00000000080012b0                GPDMA2_Channel7_IRQHandler
                0x00000000080012b0                I2C2_ER_IRQHandler
                0x00000000080012b0                TIM8_BRK_IRQHandler
                0x00000000080012b0                FLASH_IRQHandler
                0x00000000080012b0                USART1_IRQHandler
                0x00000000080012b0                EXTI10_IRQHandler
                0x00000000080012b0                SPI3_IRQHandler
                0x00000000080012b0                I2C1_ER_IRQHandler
                0x00000000080012b0                FMC_IRQHandler
                0x00000000080012b0                EXTI6_IRQHandler
                0x00000000080012b0                LPTIM1_IRQHandler
                0x00000000080012b0                DCMI_PSSI_IRQHandler
                0x00000000080012b0                I2C4_ER_IRQHandler
                0x00000000080012b0                ICACHE_IRQHandler
                0x00000000080012b0                SAI1_IRQHandler
                0x00000000080012b0                HASH_IRQHandler
 *fill*         0x00000000080012b2        0x2 
 .text.Flash_Erase
                0x00000000080012b4       0xb4 ./Drivers/BSP/src/FLASH.o
                0x00000000080012b4                Flash_Erase
 .text.Flash_InSector
                0x0000000008001368       0x92 ./Drivers/BSP/src/FLASH.o
 .text.Flash_Write
                0x00000000080013fa      0x164 ./Drivers/BSP/src/FLASH.o
                0x00000000080013fa                Flash_Write
 .text.Flash_Read
                0x000000000800155e       0x4a ./Drivers/BSP/src/FLASH.o
                0x000000000800155e                Flash_Read
 .text.CLI_FlashTest
                0x00000000080015a8      0x148 ./Drivers/BSP/src/FLASH.o
 .text.LED_Init
                0x00000000080016f0       0x24 ./Drivers/BSP/src/LED.o
                0x00000000080016f0                LED_Init
 .text.LED_OnOff
                0x0000000008001714       0x90 ./Drivers/BSP/src/LED.o
                0x0000000008001714                LED_OnOff
 .text.LED_SimpleAnimation
                0x00000000080017a4       0x76 ./Drivers/BSP/src/LED.o
                0x00000000080017a4                LED_SimpleAnimation
 .text.CLI_LEDTest
                0x000000000800181a       0x34 ./Drivers/BSP/src/LED.o
 *fill*         0x000000000800184e        0x2 
 .text.RESET_Init
                0x0000000008001850       0x90 ./Drivers/BSP/src/RESET.o
                0x0000000008001850                RESET_Init
 .text.RTC_ReadBackupReg
                0x00000000080018e0       0x20 ./Drivers/BSP/src/RTC.o
                0x00000000080018e0                RTC_ReadBackupReg
 .text.RTC_WriteBackupReg
                0x0000000008001900       0x20 ./Drivers/BSP/src/RTC.o
                0x0000000008001900                RTC_WriteBackupReg
 .text.UART_Init
                0x0000000008001920      0x124 ./Drivers/BSP/src/UART.o
                0x0000000008001920                UART_Init
 .text.IsUartConnected
                0x0000000008001a44       0x20 ./Drivers/BSP/src/UART.o
                0x0000000008001a44                IsUartConnected
 .text.UART_Write
                0x0000000008001a64       0x54 ./Drivers/BSP/src/UART.o
                0x0000000008001a64                UART_Write
 .text.HAL_UART_RxCpltCallback
                0x0000000008001ab8       0x50 ./Drivers/BSP/src/UART.o
                0x0000000008001ab8                HAL_UART_RxCpltCallback
 .text.svDebugRxChar
                0x0000000008001b08       0x24 ./Drivers/BSP/src/svDebug.o
                0x0000000008001b08                svDebugRxChar
 .text.svDebugProcess
                0x0000000008001b2c       0x58 ./Drivers/BSP/src/svDebug.o
                0x0000000008001b2c                svDebugProcess
 .text.svDebugCallback
                0x0000000008001b84       0x58 ./Drivers/BSP/src/svDebug.o
                0x0000000008001b84                svDebugCallback
 .text.svDebugInit
                0x0000000008001bdc       0x44 ./Drivers/BSP/src/svDebug.o
                0x0000000008001bdc                svDebugInit
 .text.svDebugPutChar
                0x0000000008001c20       0x24 ./Drivers/BSP/src/svDebug.o
                0x0000000008001c20                svDebugPutChar
 .text.svDebugMessage
                0x0000000008001c44       0x3c ./Drivers/BSP/src/svDebug.o
                0x0000000008001c44                svDebugMessage
 .text.GetElapsedTime
                0x0000000008001c80       0x2e ./Drivers/BSP/src/svPlatform.o
                0x0000000008001c80                GetElapsedTime
 *fill*         0x0000000008001cae        0x2 
 .text.HAL_Init
                0x0000000008001cb0       0x4c ./Drivers/STM32H5xx_HAL_Driver/Src/stm32h5xx_hal.o
                0x0000000008001cb0                HAL_Init
 .text.HAL_IncTick
                0x0000000008001cfc       0x28 ./Drivers/STM32H5xx_HAL_Driver/Src/stm32h5xx_hal.o
                0x0000000008001cfc                HAL_IncTick
 .text.HAL_GetTick
                0x0000000008001d24       0x18 ./Drivers/STM32H5xx_HAL_Driver/Src/stm32h5xx_hal.o
                0x0000000008001d24                HAL_GetTick
 .text.HAL_Delay
                0x0000000008001d3c       0x48 ./Drivers/STM32H5xx_HAL_Driver/Src/stm32h5xx_hal.o
                0x0000000008001d3c                HAL_Delay
 .text.__NVIC_SetPriorityGrouping
                0x0000000008001d84       0x48 ./Drivers/STM32H5xx_HAL_Driver/Src/stm32h5xx_hal_cortex.o
 .text.__NVIC_GetPriorityGrouping
                0x0000000008001dcc       0x1c ./Drivers/STM32H5xx_HAL_Driver/Src/stm32h5xx_hal_cortex.o
 .text.__NVIC_EnableIRQ
                0x0000000008001de8       0x3c ./Drivers/STM32H5xx_HAL_Driver/Src/stm32h5xx_hal_cortex.o
 .text.__NVIC_SetPriority
                0x0000000008001e24       0x54 ./Drivers/STM32H5xx_HAL_Driver/Src/stm32h5xx_hal_cortex.o
 .text.NVIC_EncodePriority
                0x0000000008001e78       0x66 ./Drivers/STM32H5xx_HAL_Driver/Src/stm32h5xx_hal_cortex.o
 .text.HAL_NVIC_SetPriorityGrouping
                0x0000000008001ede       0x16 ./Drivers/STM32H5xx_HAL_Driver/Src/stm32h5xx_hal_cortex.o
                0x0000000008001ede                HAL_NVIC_SetPriorityGrouping
 .text.HAL_NVIC_SetPriority
                0x0000000008001ef4       0x34 ./Drivers/STM32H5xx_HAL_Driver/Src/stm32h5xx_hal_cortex.o
                0x0000000008001ef4                HAL_NVIC_SetPriority
 .text.HAL_NVIC_EnableIRQ
                0x0000000008001f28       0x1c ./Drivers/STM32H5xx_HAL_Driver/Src/stm32h5xx_hal_cortex.o
                0x0000000008001f28                HAL_NVIC_EnableIRQ
 .text.HAL_DMA_Abort
                0x0000000008001f44       0xf8 ./Drivers/STM32H5xx_HAL_Driver/Src/stm32h5xx_hal_dma.o
                0x0000000008001f44                HAL_DMA_Abort
 .text.HAL_DMA_Abort_IT
                0x000000000800203c       0x52 ./Drivers/STM32H5xx_HAL_Driver/Src/stm32h5xx_hal_dma.o
                0x000000000800203c                HAL_DMA_Abort_IT
 *fill*         0x000000000800208e        0x2 
 .text.HAL_FDCAN_Init
                0x0000000008002090      0x2b4 ./Drivers/STM32H5xx_HAL_Driver/Src/stm32h5xx_hal_fdcan.o
                0x0000000008002090                HAL_FDCAN_Init
 .text.HAL_FDCAN_IRQHandler
                0x0000000008002344      0x24a ./Drivers/STM32H5xx_HAL_Driver/Src/stm32h5xx_hal_fdcan.o
                0x0000000008002344                HAL_FDCAN_IRQHandler
 .text.HAL_FDCAN_TxEventFifoCallback
                0x000000000800258e       0x16 ./Drivers/STM32H5xx_HAL_Driver/Src/stm32h5xx_hal_fdcan.o
                0x000000000800258e                HAL_FDCAN_TxEventFifoCallback
 .text.HAL_FDCAN_RxFifo0Callback
                0x00000000080025a4       0x16 ./Drivers/STM32H5xx_HAL_Driver/Src/stm32h5xx_hal_fdcan.o
                0x00000000080025a4                HAL_FDCAN_RxFifo0Callback
 .text.HAL_FDCAN_RxFifo1Callback
                0x00000000080025ba       0x16 ./Drivers/STM32H5xx_HAL_Driver/Src/stm32h5xx_hal_fdcan.o
                0x00000000080025ba                HAL_FDCAN_RxFifo1Callback
 .text.HAL_FDCAN_TxFifoEmptyCallback
                0x00000000080025d0       0x14 ./Drivers/STM32H5xx_HAL_Driver/Src/stm32h5xx_hal_fdcan.o
                0x00000000080025d0                HAL_FDCAN_TxFifoEmptyCallback
 .text.HAL_FDCAN_TxBufferCompleteCallback
                0x00000000080025e4       0x16 ./Drivers/STM32H5xx_HAL_Driver/Src/stm32h5xx_hal_fdcan.o
                0x00000000080025e4                HAL_FDCAN_TxBufferCompleteCallback
 .text.HAL_FDCAN_TxBufferAbortCallback
                0x00000000080025fa       0x16 ./Drivers/STM32H5xx_HAL_Driver/Src/stm32h5xx_hal_fdcan.o
                0x00000000080025fa                HAL_FDCAN_TxBufferAbortCallback
 .text.HAL_FDCAN_TimestampWraparoundCallback
                0x0000000008002610       0x14 ./Drivers/STM32H5xx_HAL_Driver/Src/stm32h5xx_hal_fdcan.o
                0x0000000008002610                HAL_FDCAN_TimestampWraparoundCallback
 .text.HAL_FDCAN_TimeoutOccurredCallback
                0x0000000008002624       0x14 ./Drivers/STM32H5xx_HAL_Driver/Src/stm32h5xx_hal_fdcan.o
                0x0000000008002624                HAL_FDCAN_TimeoutOccurredCallback
 .text.HAL_FDCAN_HighPriorityMessageCallback
                0x0000000008002638       0x14 ./Drivers/STM32H5xx_HAL_Driver/Src/stm32h5xx_hal_fdcan.o
                0x0000000008002638                HAL_FDCAN_HighPriorityMessageCallback
 .text.HAL_FDCAN_ErrorCallback
                0x000000000800264c       0x14 ./Drivers/STM32H5xx_HAL_Driver/Src/stm32h5xx_hal_fdcan.o
                0x000000000800264c                HAL_FDCAN_ErrorCallback
 .text.HAL_FDCAN_ErrorStatusCallback
                0x0000000008002660       0x16 ./Drivers/STM32H5xx_HAL_Driver/Src/stm32h5xx_hal_fdcan.o
                0x0000000008002660                HAL_FDCAN_ErrorStatusCallback
 *fill*         0x0000000008002676        0x2 
 .text.FDCAN_CalcultateRamBlockAddresses
                0x0000000008002678       0xc4 ./Drivers/STM32H5xx_HAL_Driver/Src/stm32h5xx_hal_fdcan.o
 .text.HAL_FLASH_Program
                0x000000000800273c       0xf0 ./Drivers/STM32H5xx_HAL_Driver/Src/stm32h5xx_hal_flash.o
                0x000000000800273c                HAL_FLASH_Program
 .text.HAL_FLASH_Unlock
                0x000000000800282c       0x4c ./Drivers/STM32H5xx_HAL_Driver/Src/stm32h5xx_hal_flash.o
                0x000000000800282c                HAL_FLASH_Unlock
 .text.HAL_FLASH_Lock
                0x0000000008002878       0x38 ./Drivers/STM32H5xx_HAL_Driver/Src/stm32h5xx_hal_flash.o
                0x0000000008002878                HAL_FLASH_Lock
 .text.FLASH_WaitForLastOperation
                0x00000000080028b0       0x9c ./Drivers/STM32H5xx_HAL_Driver/Src/stm32h5xx_hal_flash.o
                0x00000000080028b0                FLASH_WaitForLastOperation
 .text.FLASH_Program_QuadWord
                0x000000000800294c       0x78 ./Drivers/STM32H5xx_HAL_Driver/Src/stm32h5xx_hal_flash.o
 .text.FLASH_Program_QuadWord_OBK
                0x00000000080029c4       0x98 ./Drivers/STM32H5xx_HAL_Driver/Src/stm32h5xx_hal_flash.o
 .text.FLASH_Program_HalfWord
                0x0000000008002a5c       0x34 ./Drivers/STM32H5xx_HAL_Driver/Src/stm32h5xx_hal_flash.o
 .text.HAL_FLASHEx_Erase
                0x0000000008002a90      0x100 ./Drivers/STM32H5xx_HAL_Driver/Src/stm32h5xx_hal_flash_ex.o
                0x0000000008002a90                HAL_FLASHEx_Erase
 .text.FLASH_MassErase
                0x0000000008002b90       0x70 ./Drivers/STM32H5xx_HAL_Driver/Src/stm32h5xx_hal_flash_ex.o
 .text.FLASH_Erase_Sector
                0x0000000008002c00       0x70 ./Drivers/STM32H5xx_HAL_Driver/Src/stm32h5xx_hal_flash_ex.o
                0x0000000008002c00                FLASH_Erase_Sector
 .text.FLASH_OBKErase
                0x0000000008002c70       0x28 ./Drivers/STM32H5xx_HAL_Driver/Src/stm32h5xx_hal_flash_ex.o
 .text.HAL_GPIO_Init
                0x0000000008002c98      0x2a4 ./Drivers/STM32H5xx_HAL_Driver/Src/stm32h5xx_hal_gpio.o
                0x0000000008002c98                HAL_GPIO_Init
 .text.HAL_GPIO_WritePin
                0x0000000008002f3c       0x30 ./Drivers/STM32H5xx_HAL_Driver/Src/stm32h5xx_hal_gpio.o
                0x0000000008002f3c                HAL_GPIO_WritePin
 .text.HAL_GPIO_TogglePin
                0x0000000008002f6c       0x34 ./Drivers/STM32H5xx_HAL_Driver/Src/stm32h5xx_hal_gpio.o
                0x0000000008002f6c                HAL_GPIO_TogglePin
 .text.HAL_GPIO_EXTI_IRQHandler
                0x0000000008002fa0       0x4c ./Drivers/STM32H5xx_HAL_Driver/Src/stm32h5xx_hal_gpio.o
                0x0000000008002fa0                HAL_GPIO_EXTI_IRQHandler
 .text.HAL_GPIO_EXTI_Falling_Callback
                0x0000000008002fec       0x16 ./Drivers/STM32H5xx_HAL_Driver/Src/stm32h5xx_hal_gpio.o
                0x0000000008002fec                HAL_GPIO_EXTI_Falling_Callback
 *fill*         0x0000000008003002        0x2 
 .text.HAL_ICACHE_Enable
                0x0000000008003004       0x20 ./Drivers/STM32H5xx_HAL_Driver/Src/stm32h5xx_hal_icache.o
                0x0000000008003004                HAL_ICACHE_Enable
 .text.HAL_RCC_OscConfig
                0x0000000008003024      0x870 ./Drivers/STM32H5xx_HAL_Driver/Src/stm32h5xx_hal_rcc.o
                0x0000000008003024                HAL_RCC_OscConfig
 .text.HAL_RCC_ClockConfig
                0x0000000008003894      0x370 ./Drivers/STM32H5xx_HAL_Driver/Src/stm32h5xx_hal_rcc.o
                0x0000000008003894                HAL_RCC_ClockConfig
 .text.HAL_RCC_GetSysClockFreq
                0x0000000008003c04      0x258 ./Drivers/STM32H5xx_HAL_Driver/Src/stm32h5xx_hal_rcc.o
                0x0000000008003c04                HAL_RCC_GetSysClockFreq
 .text.HAL_RCC_GetHCLKFreq
                0x0000000008003e5c       0x38 ./Drivers/STM32H5xx_HAL_Driver/Src/stm32h5xx_hal_rcc.o
                0x0000000008003e5c                HAL_RCC_GetHCLKFreq
 .text.HAL_RCC_GetPCLK1Freq
                0x0000000008003e94       0x2c ./Drivers/STM32H5xx_HAL_Driver/Src/stm32h5xx_hal_rcc.o
                0x0000000008003e94                HAL_RCC_GetPCLK1Freq
 .text.HAL_RCC_GetPCLK2Freq
                0x0000000008003ec0       0x2c ./Drivers/STM32H5xx_HAL_Driver/Src/stm32h5xx_hal_rcc.o
                0x0000000008003ec0                HAL_RCC_GetPCLK2Freq
 .text.HAL_RCC_GetPCLK3Freq
                0x0000000008003eec       0x2c ./Drivers/STM32H5xx_HAL_Driver/Src/stm32h5xx_hal_rcc.o
                0x0000000008003eec                HAL_RCC_GetPCLK3Freq
 .text.HAL_RCC_GetClockConfig
                0x0000000008003f18       0x70 ./Drivers/STM32H5xx_HAL_Driver/Src/stm32h5xx_hal_rcc.o
                0x0000000008003f18                HAL_RCC_GetClockConfig
 .text.HAL_RCCEx_PeriphCLKConfig
                0x0000000008003f88     0x1f14 ./Drivers/STM32H5xx_HAL_Driver/Src/stm32h5xx_hal_rcc_ex.o
                0x0000000008003f88                HAL_RCCEx_PeriphCLKConfig
 .text.HAL_RCCEx_GetPLL1ClockFreq
                0x0000000008005e9c      0x2d4 ./Drivers/STM32H5xx_HAL_Driver/Src/stm32h5xx_hal_rcc_ex.o
                0x0000000008005e9c                HAL_RCCEx_GetPLL1ClockFreq
 .text.HAL_RCCEx_GetPLL2ClockFreq
                0x0000000008006170      0x2d4 ./Drivers/STM32H5xx_HAL_Driver/Src/stm32h5xx_hal_rcc_ex.o
                0x0000000008006170                HAL_RCCEx_GetPLL2ClockFreq
 .text.HAL_RCCEx_GetPLL3ClockFreq
                0x0000000008006444      0x2d4 ./Drivers/STM32H5xx_HAL_Driver/Src/stm32h5xx_hal_rcc_ex.o
                0x0000000008006444                HAL_RCCEx_GetPLL3ClockFreq
 .text.HAL_RCCEx_GetPeriphCLKFreq
                0x0000000008006718     0x26b4 ./Drivers/STM32H5xx_HAL_Driver/Src/stm32h5xx_hal_rcc_ex.o
                0x0000000008006718                HAL_RCCEx_GetPeriphCLKFreq
 .text.RCCEx_PLL2_Config
                0x0000000008008dcc      0x130 ./Drivers/STM32H5xx_HAL_Driver/Src/stm32h5xx_hal_rcc_ex.o
 .text.RCCEx_PLL3_Config
                0x0000000008008efc      0x130 ./Drivers/STM32H5xx_HAL_Driver/Src/stm32h5xx_hal_rcc_ex.o
 .text.HAL_RTCEx_BKUPWrite
                0x000000000800902c       0x30 ./Drivers/STM32H5xx_HAL_Driver/Src/stm32h5xx_hal_rtc_ex.o
                0x000000000800902c                HAL_RTCEx_BKUPWrite
 .text.HAL_RTCEx_BKUPRead
                0x000000000800905c       0x2c ./Drivers/STM32H5xx_HAL_Driver/Src/stm32h5xx_hal_rtc_ex.o
                0x000000000800905c                HAL_RTCEx_BKUPRead
 .text.HAL_TIM_Base_Init
                0x0000000008009088       0xae ./Drivers/STM32H5xx_HAL_Driver/Src/stm32h5xx_hal_tim.o
                0x0000000008009088                HAL_TIM_Base_Init
 .text.HAL_TIM_Base_MspInit
                0x0000000008009136       0x14 ./Drivers/STM32H5xx_HAL_Driver/Src/stm32h5xx_hal_tim.o
                0x0000000008009136                HAL_TIM_Base_MspInit
 *fill*         0x000000000800914a        0x2 
 .text.HAL_TIM_Base_Start_IT
                0x000000000800914c      0x15c ./Drivers/STM32H5xx_HAL_Driver/Src/stm32h5xx_hal_tim.o
                0x000000000800914c                HAL_TIM_Base_Start_IT
 .text.HAL_TIM_IRQHandler
                0x00000000080092a8      0x294 ./Drivers/STM32H5xx_HAL_Driver/Src/stm32h5xx_hal_tim.o
                0x00000000080092a8                HAL_TIM_IRQHandler
 .text.HAL_TIM_OC_DelayElapsedCallback
                0x000000000800953c       0x14 ./Drivers/STM32H5xx_HAL_Driver/Src/stm32h5xx_hal_tim.o
                0x000000000800953c                HAL_TIM_OC_DelayElapsedCallback
 .text.HAL_TIM_IC_CaptureCallback
                0x0000000008009550       0x14 ./Drivers/STM32H5xx_HAL_Driver/Src/stm32h5xx_hal_tim.o
                0x0000000008009550                HAL_TIM_IC_CaptureCallback
 .text.HAL_TIM_PWM_PulseFinishedCallback
                0x0000000008009564       0x14 ./Drivers/STM32H5xx_HAL_Driver/Src/stm32h5xx_hal_tim.o
                0x0000000008009564                HAL_TIM_PWM_PulseFinishedCallback
 .text.HAL_TIM_TriggerCallback
                0x0000000008009578       0x14 ./Drivers/STM32H5xx_HAL_Driver/Src/stm32h5xx_hal_tim.o
                0x0000000008009578                HAL_TIM_TriggerCallback
 .text.TIM_Base_SetConfig
                0x000000000800958c      0x23c ./Drivers/STM32H5xx_HAL_Driver/Src/stm32h5xx_hal_tim.o
                0x000000000800958c                TIM_Base_SetConfig
 .text.HAL_TIMEx_CommutCallback
                0x00000000080097c8       0x14 ./Drivers/STM32H5xx_HAL_Driver/Src/stm32h5xx_hal_tim_ex.o
                0x00000000080097c8                HAL_TIMEx_CommutCallback
 .text.HAL_TIMEx_BreakCallback
                0x00000000080097dc       0x14 ./Drivers/STM32H5xx_HAL_Driver/Src/stm32h5xx_hal_tim_ex.o
                0x00000000080097dc                HAL_TIMEx_BreakCallback
 .text.HAL_TIMEx_Break2Callback
                0x00000000080097f0       0x14 ./Drivers/STM32H5xx_HAL_Driver/Src/stm32h5xx_hal_tim_ex.o
                0x00000000080097f0                HAL_TIMEx_Break2Callback
 .text.HAL_TIMEx_EncoderIndexCallback
                0x0000000008009804       0x14 ./Drivers/STM32H5xx_HAL_Driver/Src/stm32h5xx_hal_tim_ex.o
                0x0000000008009804                HAL_TIMEx_EncoderIndexCallback
 .text.HAL_TIMEx_DirectionChangeCallback
                0x0000000008009818       0x14 ./Drivers/STM32H5xx_HAL_Driver/Src/stm32h5xx_hal_tim_ex.o
                0x0000000008009818                HAL_TIMEx_DirectionChangeCallback
 .text.HAL_TIMEx_IndexErrorCallback
                0x000000000800982c       0x14 ./Drivers/STM32H5xx_HAL_Driver/Src/stm32h5xx_hal_tim_ex.o
                0x000000000800982c                HAL_TIMEx_IndexErrorCallback
 .text.HAL_TIMEx_TransitionErrorCallback
                0x0000000008009840       0x14 ./Drivers/STM32H5xx_HAL_Driver/Src/stm32h5xx_hal_tim_ex.o
                0x0000000008009840                HAL_TIMEx_TransitionErrorCallback
 .text.HAL_UART_Init
                0x0000000008009854       0xa0 ./Drivers/STM32H5xx_HAL_Driver/Src/stm32h5xx_hal_uart.o
                0x0000000008009854                HAL_UART_Init
 .text.HAL_UART_Transmit
                0x00000000080098f4      0x13c ./Drivers/STM32H5xx_HAL_Driver/Src/stm32h5xx_hal_uart.o
                0x00000000080098f4                HAL_UART_Transmit
 .text.HAL_UART_Receive_IT
                0x0000000008009a30       0xc4 ./Drivers/STM32H5xx_HAL_Driver/Src/stm32h5xx_hal_uart.o
                0x0000000008009a30                HAL_UART_Receive_IT
 .text.HAL_UART_IRQHandler
                0x0000000008009af4      0x5a8 ./Drivers/STM32H5xx_HAL_Driver/Src/stm32h5xx_hal_uart.o
                0x0000000008009af4                HAL_UART_IRQHandler
 .text.HAL_UART_TxCpltCallback
                0x000000000800a09c       0x14 ./Drivers/STM32H5xx_HAL_Driver/Src/stm32h5xx_hal_uart.o
                0x000000000800a09c                HAL_UART_TxCpltCallback
 .text.HAL_UART_ErrorCallback
                0x000000000800a0b0       0x14 ./Drivers/STM32H5xx_HAL_Driver/Src/stm32h5xx_hal_uart.o
                0x000000000800a0b0                HAL_UART_ErrorCallback
 .text.HAL_UARTEx_RxEventCallback
                0x000000000800a0c4       0x18 ./Drivers/STM32H5xx_HAL_Driver/Src/stm32h5xx_hal_uart.o
                0x000000000800a0c4                HAL_UARTEx_RxEventCallback
 .text.UART_SetConfig
                0x000000000800a0dc      0x3dc ./Drivers/STM32H5xx_HAL_Driver/Src/stm32h5xx_hal_uart.o
                0x000000000800a0dc                UART_SetConfig
 .text.UART_AdvFeatureConfig
                0x000000000800a4b8      0x144 ./Drivers/STM32H5xx_HAL_Driver/Src/stm32h5xx_hal_uart.o
                0x000000000800a4b8                UART_AdvFeatureConfig
 .text.UART_CheckIdleState
                0x000000000800a5fc      0x154 ./Drivers/STM32H5xx_HAL_Driver/Src/stm32h5xx_hal_uart.o
                0x000000000800a5fc                UART_CheckIdleState
 .text.UART_WaitOnFlagUntilTimeout
                0x000000000800a750       0xce ./Drivers/STM32H5xx_HAL_Driver/Src/stm32h5xx_hal_uart.o
                0x000000000800a750                UART_WaitOnFlagUntilTimeout
 *fill*         0x000000000800a81e        0x2 
 .text.UART_Start_Receive_IT
                0x000000000800a820      0x244 ./Drivers/STM32H5xx_HAL_Driver/Src/stm32h5xx_hal_uart.o
                0x000000000800a820                UART_Start_Receive_IT
 .text.UART_EndRxTransfer
                0x000000000800aa64       0xcc ./Drivers/STM32H5xx_HAL_Driver/Src/stm32h5xx_hal_uart.o
 .text.UART_DMAAbortOnError
                0x000000000800ab30       0x2c ./Drivers/STM32H5xx_HAL_Driver/Src/stm32h5xx_hal_uart.o
 .text.UART_EndTransmit_IT
                0x000000000800ab5c       0x56 ./Drivers/STM32H5xx_HAL_Driver/Src/stm32h5xx_hal_uart.o
 *fill*         0x000000000800abb2        0x2 
 .text.UART_RxISR_8BIT
                0x000000000800abb4      0x1c4 ./Drivers/STM32H5xx_HAL_Driver/Src/stm32h5xx_hal_uart.o
 .text.UART_RxISR_16BIT
                0x000000000800ad78      0x1c4 ./Drivers/STM32H5xx_HAL_Driver/Src/stm32h5xx_hal_uart.o
 .text.UART_RxISR_8BIT_FIFOEN
                0x000000000800af3c      0x370 ./Drivers/STM32H5xx_HAL_Driver/Src/stm32h5xx_hal_uart.o
 .text.UART_RxISR_16BIT_FIFOEN
                0x000000000800b2ac      0x378 ./Drivers/STM32H5xx_HAL_Driver/Src/stm32h5xx_hal_uart.o
 .text.HAL_UARTEx_WakeupCallback
                0x000000000800b624       0x14 ./Drivers/STM32H5xx_HAL_Driver/Src/stm32h5xx_hal_uart_ex.o
                0x000000000800b624                HAL_UARTEx_WakeupCallback
 .text.HAL_UARTEx_RxFifoFullCallback
                0x000000000800b638       0x14 ./Drivers/STM32H5xx_HAL_Driver/Src/stm32h5xx_hal_uart_ex.o
                0x000000000800b638                HAL_UARTEx_RxFifoFullCallback
 .text.HAL_UARTEx_TxFifoEmptyCallback
                0x000000000800b64c       0x14 ./Drivers/STM32H5xx_HAL_Driver/Src/stm32h5xx_hal_uart_ex.o
                0x000000000800b64c                HAL_UARTEx_TxFifoEmptyCallback
 .text.HAL_UARTEx_DisableFifoMode
                0x000000000800b660       0x72 ./Drivers/STM32H5xx_HAL_Driver/Src/stm32h5xx_hal_uart_ex.o
                0x000000000800b660                HAL_UARTEx_DisableFifoMode
 .text.HAL_UARTEx_SetTxFifoThreshold
                0x000000000800b6d2       0x7c ./Drivers/STM32H5xx_HAL_Driver/Src/stm32h5xx_hal_uart_ex.o
                0x000000000800b6d2                HAL_UARTEx_SetTxFifoThreshold
 .text.HAL_UARTEx_SetRxFifoThreshold
                0x000000000800b74e       0x7c ./Drivers/STM32H5xx_HAL_Driver/Src/stm32h5xx_hal_uart_ex.o
                0x000000000800b74e                HAL_UARTEx_SetRxFifoThreshold
 *fill*         0x000000000800b7ca        0x2 
 .text.UARTEx_SetNbDataToProcess
                0x000000000800b7cc       0x9c ./Drivers/STM32H5xx_HAL_Driver/Src/stm32h5xx_hal_uart_ex.o
 .text.svCLI_Init
                0x000000000800b868       0xa4 ./Middlewares/Solvine/Utils/src/svCLI.o
                0x000000000800b868                svCLI_Init
 .text.svCLI_Printf
                0x000000000800b90c       0x58 ./Middlewares/Solvine/Utils/src/svCLI.o
 .text.svCLI_ShowHelp
                0x000000000800b964       0xe0 ./Middlewares/Solvine/Utils/src/svCLI.o
                0x000000000800b964                svCLI_ShowHelp
 .text._strlenOffspace
                0x000000000800ba44       0x5a ./Middlewares/Solvine/Utils/src/svCLI.o
 .text._toLower
                0x000000000800ba9e       0x2a ./Middlewares/Solvine/Utils/src/svCLI.o
 .text._isPrintable
                0x000000000800bac8       0x28 ./Middlewares/Solvine/Utils/src/svCLI.o
 .text._isHex   0x000000000800baf0       0x40 ./Middlewares/Solvine/Utils/src/svCLI.o
 .text._fromHex
                0x000000000800bb30       0x56 ./Middlewares/Solvine/Utils/src/svCLI.o
 .text._strNoCaseCmp
                0x000000000800bb86       0x6c ./Middlewares/Solvine/Utils/src/svCLI.o
 .text._svMemCpy
                0x000000000800bbf2       0x36 ./Middlewares/Solvine/Utils/src/svCLI.o
 .text._svClearLine
                0x000000000800bc28       0x6c ./Middlewares/Solvine/Utils/src/svCLI.o
 .text.svCLIHandleHistory
                0x000000000800bc94      0x110 ./Middlewares/Solvine/Utils/src/svCLI.o
 .text.svCLI_Search
                0x000000000800bda4       0xb8 ./Middlewares/Solvine/Utils/src/svCLI.o
 .text.svCLI_ParseNumber
                0x000000000800be5c       0xf6 ./Middlewares/Solvine/Utils/src/svCLI.o
                0x000000000800be5c                svCLI_ParseNumber
 *fill*         0x000000000800bf52        0x2 
 .text.svCLI_ParsenExecute
                0x000000000800bf54      0x124 ./Middlewares/Solvine/Utils/src/svCLI.o
 .text.svCLI_SetBypassFtn
                0x000000000800c078       0xec ./Middlewares/Solvine/Utils/src/svCLI.o
                0x000000000800c078                svCLI_SetBypassFtn
 .text.svCLI_Handler
                0x000000000800c164      0x28c ./Middlewares/Solvine/Utils/src/svCLI.o
                0x000000000800c164                svCLI_Handler
 .text.CLI_Help
                0x000000000800c3f0       0x1a ./Middlewares/Solvine/Utils/src/svCLI.o
 .text.svRingBuffer_GetCount
                0x000000000800c40a       0x44 ./Middlewares/Solvine/Utils/src/svRingBuffer.o
                0x000000000800c40a                svRingBuffer_GetCount
 .text.svRingBuffer_Reset
                0x000000000800c44e       0x30 ./Middlewares/Solvine/Utils/src/svRingBuffer.o
                0x000000000800c44e                svRingBuffer_Reset
 .text.svRingBuffer_Push
                0x000000000800c47e       0x68 ./Middlewares/Solvine/Utils/src/svRingBuffer.o
                0x000000000800c47e                svRingBuffer_Push
 .text.svRingBuffer_Pop
                0x000000000800c4e6       0x3c ./Middlewares/Solvine/Utils/src/svRingBuffer.o
                0x000000000800c4e6                svRingBuffer_Pop
 *fill*         0x000000000800c522        0x2 
 .text.__NVIC_SetPriority
                0x000000000800c524       0x54 ./Middlewares/Third_Party/FreeRTOS/Source/CMSIS_RTOS_V2/cmsis_os2.o
 .text.SysTick_Handler
                0x000000000800c578       0x20 ./Middlewares/Third_Party/FreeRTOS/Source/CMSIS_RTOS_V2/cmsis_os2.o
                0x000000000800c578                SysTick_Handler
 .text.SVC_Setup
                0x000000000800c598       0x12 ./Middlewares/Third_Party/FreeRTOS/Source/CMSIS_RTOS_V2/cmsis_os2.o
 .text.IRQ_Context
                0x000000000800c5aa       0x4e ./Middlewares/Third_Party/FreeRTOS/Source/CMSIS_RTOS_V2/cmsis_os2.o
 .text.osKernelInitialize
                0x000000000800c5f8       0x4c ./Middlewares/Third_Party/FreeRTOS/Source/CMSIS_RTOS_V2/cmsis_os2.o
                0x000000000800c5f8                osKernelInitialize
 .text.osKernelStart
                0x000000000800c644       0x54 ./Middlewares/Third_Party/FreeRTOS/Source/CMSIS_RTOS_V2/cmsis_os2.o
                0x000000000800c644                osKernelStart
 .text.osThreadNew
                0x000000000800c698      0x122 ./Middlewares/Third_Party/FreeRTOS/Source/CMSIS_RTOS_V2/cmsis_os2.o
                0x000000000800c698                osThreadNew
 .text.osDelay  0x000000000800c7ba       0x34 ./Middlewares/Third_Party/FreeRTOS/Source/CMSIS_RTOS_V2/cmsis_os2.o
                0x000000000800c7ba                osDelay
 *fill*         0x000000000800c7ee        0x2 
 .text.vApplicationGetIdleTaskMemory
                0x000000000800c7f0       0x34 ./Middlewares/Third_Party/FreeRTOS/Source/CMSIS_RTOS_V2/cmsis_os2.o
                0x000000000800c7f0                vApplicationGetIdleTaskMemory
 .text.vApplicationGetTimerTaskMemory
                0x000000000800c824       0x34 ./Middlewares/Third_Party/FreeRTOS/Source/CMSIS_RTOS_V2/cmsis_os2.o
                0x000000000800c824                vApplicationGetTimerTaskMemory
 .text.vListInitialise
                0x000000000800c858       0x40 ./Middlewares/Third_Party/FreeRTOS/Source/list.o
                0x000000000800c858                vListInitialise
 .text.vListInitialiseItem
                0x000000000800c898       0x1a ./Middlewares/Third_Party/FreeRTOS/Source/list.o
                0x000000000800c898                vListInitialiseItem
 .text.vListInsert
                0x000000000800c8b2       0x72 ./Middlewares/Third_Party/FreeRTOS/Source/list.o
                0x000000000800c8b2                vListInsert
 .text.uxListRemove
                0x000000000800c924       0x54 ./Middlewares/Third_Party/FreeRTOS/Source/list.o
                0x000000000800c924                uxListRemove
 .text.xQueueGenericReset
                0x000000000800c978       0xee ./Middlewares/Third_Party/FreeRTOS/Source/queue.o
                0x000000000800c978                xQueueGenericReset
 .text.xQueueGenericCreateStatic
                0x000000000800ca66       0x8c ./Middlewares/Third_Party/FreeRTOS/Source/queue.o
                0x000000000800ca66                xQueueGenericCreateStatic
 .text.prvInitialiseNewQueue
                0x000000000800caf2       0x46 ./Middlewares/Third_Party/FreeRTOS/Source/queue.o
 .text.xQueueReceive
                0x000000000800cb38      0x172 ./Middlewares/Third_Party/FreeRTOS/Source/queue.o
                0x000000000800cb38                xQueueReceive
 .text.prvCopyDataFromQueue
                0x000000000800ccaa       0x4c ./Middlewares/Third_Party/FreeRTOS/Source/queue.o
 .text.prvUnlockQueue
                0x000000000800ccf6       0xa4 ./Middlewares/Third_Party/FreeRTOS/Source/queue.o
 .text.prvIsQueueEmpty
                0x000000000800cd9a       0x2c ./Middlewares/Third_Party/FreeRTOS/Source/queue.o
 *fill*         0x000000000800cdc6        0x2 
 .text.vQueueAddToRegistry
                0x000000000800cdc8       0x88 ./Middlewares/Third_Party/FreeRTOS/Source/queue.o
                0x000000000800cdc8                vQueueAddToRegistry
 .text.vQueueWaitForMessageRestricted
                0x000000000800ce50       0x68 ./Middlewares/Third_Party/FreeRTOS/Source/queue.o
                0x000000000800ce50                vQueueWaitForMessageRestricted
 .text.xTaskCreateStatic
                0x000000000800ceb8       0x94 ./Middlewares/Third_Party/FreeRTOS/Source/tasks.o
                0x000000000800ceb8                xTaskCreateStatic
 .text.xTaskCreate
                0x000000000800cf4c       0x94 ./Middlewares/Third_Party/FreeRTOS/Source/tasks.o
                0x000000000800cf4c                xTaskCreate
 .text.prvInitialiseNewTask
                0x000000000800cfe0      0x100 ./Middlewares/Third_Party/FreeRTOS/Source/tasks.o
 .text.prvAddNewTaskToReadyList
                0x000000000800d0e0      0x120 ./Middlewares/Third_Party/FreeRTOS/Source/tasks.o
 .text.vTaskDelay
                0x000000000800d200       0x48 ./Middlewares/Third_Party/FreeRTOS/Source/tasks.o
                0x000000000800d200                vTaskDelay
 .text.vTaskStartScheduler
                0x000000000800d248       0xb4 ./Middlewares/Third_Party/FreeRTOS/Source/tasks.o
                0x000000000800d248                vTaskStartScheduler
 .text.vTaskSuspendAll
                0x000000000800d2fc       0x1c ./Middlewares/Third_Party/FreeRTOS/Source/tasks.o
                0x000000000800d2fc                vTaskSuspendAll
 .text.xTaskResumeAll
                0x000000000800d318      0x1d8 ./Middlewares/Third_Party/FreeRTOS/Source/tasks.o
                0x000000000800d318                xTaskResumeAll
 .text.xTaskGetTickCount
                0x000000000800d4f0       0x20 ./Middlewares/Third_Party/FreeRTOS/Source/tasks.o
                0x000000000800d4f0                xTaskGetTickCount
 .text.xTaskIncrementTick
                0x000000000800d510      0x220 ./Middlewares/Third_Party/FreeRTOS/Source/tasks.o
                0x000000000800d510                xTaskIncrementTick
 .text.vTaskSwitchContext
                0x000000000800d730       0xa8 ./Middlewares/Third_Party/FreeRTOS/Source/tasks.o
                0x000000000800d730                vTaskSwitchContext
 .text.vTaskPlaceOnEventList
                0x000000000800d7d8       0x38 ./Middlewares/Third_Party/FreeRTOS/Source/tasks.o
                0x000000000800d7d8                vTaskPlaceOnEventList
 .text.vTaskPlaceOnEventListRestricted
                0x000000000800d810       0x7c ./Middlewares/Third_Party/FreeRTOS/Source/tasks.o
                0x000000000800d810                vTaskPlaceOnEventListRestricted
 .text.xTaskRemoveFromEventList
                0x000000000800d88c      0x19c ./Middlewares/Third_Party/FreeRTOS/Source/tasks.o
                0x000000000800d88c                xTaskRemoveFromEventList
 .text.vTaskInternalSetTimeOutState
                0x000000000800da28       0x2c ./Middlewares/Third_Party/FreeRTOS/Source/tasks.o
                0x000000000800da28                vTaskInternalSetTimeOutState
 .text.xTaskCheckForTimeOut
                0x000000000800da54       0xac ./Middlewares/Third_Party/FreeRTOS/Source/tasks.o
                0x000000000800da54                xTaskCheckForTimeOut
 .text.vTaskMissedYield
                0x000000000800db00       0x18 ./Middlewares/Third_Party/FreeRTOS/Source/tasks.o
                0x000000000800db00                vTaskMissedYield
 .text.prvIdleTask
                0x000000000800db18       0x20 ./Middlewares/Third_Party/FreeRTOS/Source/tasks.o
 .text.prvInitialiseTaskLists
                0x000000000800db38       0x80 ./Middlewares/Third_Party/FreeRTOS/Source/tasks.o
 .text.prvCheckTasksWaitingTermination
                0x000000000800dbb8       0x5c ./Middlewares/Third_Party/FreeRTOS/Source/tasks.o
 .text.prvDeleteTCB
                0x000000000800dc14       0x4e ./Middlewares/Third_Party/FreeRTOS/Source/tasks.o
 *fill*         0x000000000800dc62        0x2 
 .text.prvResetNextTaskUnblockTime
                0x000000000800dc64       0x38 ./Middlewares/Third_Party/FreeRTOS/Source/tasks.o
 .text.xTaskGetSchedulerState
                0x000000000800dc9c       0x3c ./Middlewares/Third_Party/FreeRTOS/Source/tasks.o
                0x000000000800dc9c                xTaskGetSchedulerState
 .text.prvAddCurrentTaskToDelayedList
                0x000000000800dcd8       0xdc ./Middlewares/Third_Party/FreeRTOS/Source/tasks.o
 .text.xTimerCreateTimerTask
                0x000000000800ddb4       0x80 ./Middlewares/Third_Party/FreeRTOS/Source/timers.o
                0x000000000800ddb4                xTimerCreateTimerTask
 .text.prvReloadTimer
                0x000000000800de34       0x42 ./Middlewares/Third_Party/FreeRTOS/Source/timers.o
 *fill*         0x000000000800de76        0x2 
 .text.prvProcessExpiredTimer
                0x000000000800de78       0x60 ./Middlewares/Third_Party/FreeRTOS/Source/timers.o
 .text.prvTimerTask
                0x000000000800ded8       0x24 ./Middlewares/Third_Party/FreeRTOS/Source/timers.o
 .text.prvProcessTimerOrBlockTask
                0x000000000800defc       0x8c ./Middlewares/Third_Party/FreeRTOS/Source/timers.o
 .text.prvGetNextExpireTime
                0x000000000800df88       0x48 ./Middlewares/Third_Party/FreeRTOS/Source/timers.o
 .text.prvSampleTimeNow
                0x000000000800dfd0       0x40 ./Middlewares/Third_Party/FreeRTOS/Source/timers.o
 .text.prvInsertTimerInActiveList
                0x000000000800e010       0x84 ./Middlewares/Third_Party/FreeRTOS/Source/timers.o
 .text.prvProcessReceivedCommands
                0x000000000800e094      0x194 ./Middlewares/Third_Party/FreeRTOS/Source/timers.o
 .text.prvSwitchTimerLists
                0x000000000800e228       0x4c ./Middlewares/Third_Party/FreeRTOS/Source/timers.o
 .text.prvCheckForValidListAndQueue
                0x000000000800e274       0x80 ./Middlewares/Third_Party/FreeRTOS/Source/timers.o
 .text.vPortSetupTimerInterrupt
                0x000000000800e2f4       0x48 ./Middlewares/Third_Party/FreeRTOS/Source/portable/GCC/ARM_CM33_NTZ/non_secure/port.o
                0x000000000800e2f4                vPortSetupTimerInterrupt
 .text.prvTaskExitError
                0x000000000800e33c       0x34 ./Middlewares/Third_Party/FreeRTOS/Source/portable/GCC/ARM_CM33_NTZ/non_secure/port.o
 .text.vPortYield
                0x000000000800e370       0x24 ./Middlewares/Third_Party/FreeRTOS/Source/portable/GCC/ARM_CM33_NTZ/non_secure/port.o
                0x000000000800e370                vPortYield
 .text.vPortEnterCritical
                0x000000000800e394       0x24 ./Middlewares/Third_Party/FreeRTOS/Source/portable/GCC/ARM_CM33_NTZ/non_secure/port.o
                0x000000000800e394                vPortEnterCritical
 .text.vPortExitCritical
                0x000000000800e3b8       0x34 ./Middlewares/Third_Party/FreeRTOS/Source/portable/GCC/ARM_CM33_NTZ/non_secure/port.o
                0x000000000800e3b8                vPortExitCritical
 .text.xPortSysTickHandler
                0x000000000800e3ec       0x30 ./Middlewares/Third_Party/FreeRTOS/Source/portable/GCC/ARM_CM33_NTZ/non_secure/port.o
                0x000000000800e3ec                xPortSysTickHandler
 .text.vPortSVCHandler_C
                0x000000000800e41c       0x30 ./Middlewares/Third_Party/FreeRTOS/Source/portable/GCC/ARM_CM33_NTZ/non_secure/port.o
                0x000000000800e41c                vPortSVCHandler_C
 .text.pxPortInitialiseStack
                0x000000000800e44c      0x114 ./Middlewares/Third_Party/FreeRTOS/Source/portable/GCC/ARM_CM33_NTZ/non_secure/port.o
                0x000000000800e44c                pxPortInitialiseStack
 .text.xPortStartScheduler
                0x000000000800e560       0x40 ./Middlewares/Third_Party/FreeRTOS/Source/portable/GCC/ARM_CM33_NTZ/non_secure/port.o
                0x000000000800e560                xPortStartScheduler
 .text.vRestoreContextOfFirstTask
                0x000000000800e5a0       0x38 ./Middlewares/Third_Party/FreeRTOS/Source/portable/GCC/ARM_CM33_NTZ/non_secure/portasm.o
                0x000000000800e5a0                vRestoreContextOfFirstTask
 *fill*         0x000000000800e5d8        0x8 
 .text.vStartFirstTask
                0x000000000800e5e0       0x28 ./Middlewares/Third_Party/FreeRTOS/Source/portable/GCC/ARM_CM33_NTZ/non_secure/portasm.o
                0x000000000800e5e0                vStartFirstTask
 .text.ulSetInterruptMask
                0x000000000800e608       0x1a ./Middlewares/Third_Party/FreeRTOS/Source/portable/GCC/ARM_CM33_NTZ/non_secure/portasm.o
                0x000000000800e608                ulSetInterruptMask
 .text.vClearInterruptMask
                0x000000000800e622       0x10 ./Middlewares/Third_Party/FreeRTOS/Source/portable/GCC/ARM_CM33_NTZ/non_secure/portasm.o
                0x000000000800e622                vClearInterruptMask
 *fill*         0x000000000800e632        0xe 
 .text.PendSV_Handler
                0x000000000800e640       0x58 ./Middlewares/Third_Party/FreeRTOS/Source/portable/GCC/ARM_CM33_NTZ/non_secure/portasm.o
                0x000000000800e640                PendSV_Handler
 *fill*         0x000000000800e698        0x8 
 .text.SVC_Handler
                0x000000000800e6a0       0x28 ./Middlewares/Third_Party/FreeRTOS/Source/portable/GCC/ARM_CM33_NTZ/non_secure/portasm.o
                0x000000000800e6a0                SVC_Handler
 .text.pvPortMalloc
                0x000000000800e6c8      0x154 ./Middlewares/Third_Party/FreeRTOS/Source/portable/MemMang/heap_4.o
                0x000000000800e6c8                pvPortMalloc
 .text.vPortFree
                0x000000000800e81c       0x98 ./Middlewares/Third_Party/FreeRTOS/Source/portable/MemMang/heap_4.o
                0x000000000800e81c                vPortFree
 .text.prvHeapInit
                0x000000000800e8b4       0xb8 ./Middlewares/Third_Party/FreeRTOS/Source/portable/MemMang/heap_4.o
 .text.prvInsertBlockIntoFreeList
                0x000000000800e96c       0xb4 ./Middlewares/Third_Party/FreeRTOS/Source/portable/MemMang/heap_4.o
 .text.lwrb_init
                0x000000000800ea20       0x42 ./Middlewares/Third_Party/lwrb/src/lwrb.o
                0x000000000800ea20                lwrb_init
 .text.lwrb_set_evt_fn
                0x000000000800ea62       0x32 ./Middlewares/Third_Party/lwrb/src/lwrb.o
                0x000000000800ea62                lwrb_set_evt_fn
 .text.lwrb_write
                0x000000000800ea94       0xf2 ./Middlewares/Third_Party/lwrb/src/lwrb.o
                0x000000000800ea94                lwrb_write
 .text.lwrb_get_free
                0x000000000800eb86       0x6e ./Middlewares/Third_Party/lwrb/src/lwrb.o
                0x000000000800eb86                lwrb_get_free
 .text.lwrb_get_full
                0x000000000800ebf4       0x6a ./Middlewares/Third_Party/lwrb/src/lwrb.o
                0x000000000800ebf4                lwrb_get_full
 .text.lwrb_get_linear_block_read_address
                0x000000000800ec5e       0x38 ./Middlewares/Third_Party/lwrb/src/lwrb.o
                0x000000000800ec5e                lwrb_get_linear_block_read_address
 .text.lwrb_get_linear_block_read_length
                0x000000000800ec96       0x66 ./Middlewares/Third_Party/lwrb/src/lwrb.o
                0x000000000800ec96                lwrb_get_linear_block_read_length
 .text.lwrb_skip
                0x000000000800ecfc       0x6e ./Middlewares/Third_Party/lwrb/src/lwrb.o
                0x000000000800ecfc                lwrb_skip
 *fill*         0x000000000800ed6a        0x2 
 .text.sbrk_aligned
                0x000000000800ed6c       0x40 C:/ST/STM32CubeIDE_1.14.0/STM32CubeIDE/plugins/com.st.stm32cube.ide.mcu.externaltools.gnu-tools-for-stm32.11.3.rel1.win32_1.1.100.202309141235/tools/bin/../lib/gcc/arm-none-eabi/11.3.1/../../../../arm-none-eabi/lib/thumb/v8-m.main+fp/hard\libc_nano.a(libc_a-mallocr.o)
 .text._malloc_r
                0x000000000800edac      0x100 C:/ST/STM32CubeIDE_1.14.0/STM32CubeIDE/plugins/com.st.stm32cube.ide.mcu.externaltools.gnu-tools-for-stm32.11.3.rel1.win32_1.1.100.202309141235/tools/bin/../lib/gcc/arm-none-eabi/11.3.1/../../../../arm-none-eabi/lib/thumb/v8-m.main+fp/hard\libc_nano.a(libc_a-mallocr.o)
                0x000000000800edac                _malloc_r
 .text.__malloc_lock
                0x000000000800eeac        0xc C:/ST/STM32CubeIDE_1.14.0/STM32CubeIDE/plugins/com.st.stm32cube.ide.mcu.externaltools.gnu-tools-for-stm32.11.3.rel1.win32_1.1.100.202309141235/tools/bin/../lib/gcc/arm-none-eabi/11.3.1/../../../../arm-none-eabi/lib/thumb/v8-m.main+fp/hard\libc_nano.a(libc_a-mlock.o)
                0x000000000800eeac                __malloc_lock
 .text.__malloc_unlock
                0x000000000800eeb8        0xc C:/ST/STM32CubeIDE_1.14.0/STM32CubeIDE/plugins/com.st.stm32cube.ide.mcu.externaltools.gnu-tools-for-stm32.11.3.rel1.win32_1.1.100.202309141235/tools/bin/../lib/gcc/arm-none-eabi/11.3.1/../../../../arm-none-eabi/lib/thumb/v8-m.main+fp/hard\libc_nano.a(libc_a-mlock.o)
                0x000000000800eeb8                __malloc_unlock
 .text._vsprintf_r
                0x000000000800eec4       0x2c C:/ST/STM32CubeIDE_1.14.0/STM32CubeIDE/plugins/com.st.stm32cube.ide.mcu.externaltools.gnu-tools-for-stm32.11.3.rel1.win32_1.1.100.202309141235/tools/bin/../lib/gcc/arm-none-eabi/11.3.1/../../../../arm-none-eabi/lib/thumb/v8-m.main+fp/hard\libc_nano.a(libc_a-vsprintf.o)
                0x000000000800eec4                _vsprintf_r
                0x000000000800eec4                _vsiprintf_r
 .text.vsprintf
                0x000000000800eef0       0x14 C:/ST/STM32CubeIDE_1.14.0/STM32CubeIDE/plugins/com.st.stm32cube.ide.mcu.externaltools.gnu-tools-for-stm32.11.3.rel1.win32_1.1.100.202309141235/tools/bin/../lib/gcc/arm-none-eabi/11.3.1/../../../../arm-none-eabi/lib/thumb/v8-m.main+fp/hard\libc_nano.a(libc_a-vsprintf.o)
                0x000000000800eef0                vsiprintf
                0x000000000800eef0                vsprintf
 .text.memset   0x000000000800ef04       0x10 C:/ST/STM32CubeIDE_1.14.0/STM32CubeIDE/plugins/com.st.stm32cube.ide.mcu.externaltools.gnu-tools-for-stm32.11.3.rel1.win32_1.1.100.202309141235/tools/bin/../lib/gcc/arm-none-eabi/11.3.1/../../../../arm-none-eabi/lib/thumb/v8-m.main+fp/hard\libc_nano.a(libc_a-memset.o)
                0x000000000800ef04                memset
 .text.strncpy  0x000000000800ef14       0x26 C:/ST/STM32CubeIDE_1.14.0/STM32CubeIDE/plugins/com.st.stm32cube.ide.mcu.externaltools.gnu-tools-for-stm32.11.3.rel1.win32_1.1.100.202309141235/tools/bin/../lib/gcc/arm-none-eabi/11.3.1/../../../../arm-none-eabi/lib/thumb/v8-m.main+fp/hard\libc_nano.a(libc_a-strncpy.o)
                0x000000000800ef14                strncpy
 *fill*         0x000000000800ef3a        0x2 
 .text._sbrk_r  0x000000000800ef3c       0x20 C:/ST/STM32CubeIDE_1.14.0/STM32CubeIDE/plugins/com.st.stm32cube.ide.mcu.externaltools.gnu-tools-for-stm32.11.3.rel1.win32_1.1.100.202309141235/tools/bin/../lib/gcc/arm-none-eabi/11.3.1/../../../../arm-none-eabi/lib/thumb/v8-m.main+fp/hard\libc_nano.a(libc_a-sbrkr.o)
                0x000000000800ef3c                _sbrk_r
 .text.__errno  0x000000000800ef5c        0xc C:/ST/STM32CubeIDE_1.14.0/STM32CubeIDE/plugins/com.st.stm32cube.ide.mcu.externaltools.gnu-tools-for-stm32.11.3.rel1.win32_1.1.100.202309141235/tools/bin/../lib/gcc/arm-none-eabi/11.3.1/../../../../arm-none-eabi/lib/thumb/v8-m.main+fp/hard\libc_nano.a(libc_a-errno.o)
                0x000000000800ef5c                __errno
 .text.__libc_init_array
                0x000000000800ef68       0x48 C:/ST/STM32CubeIDE_1.14.0/STM32CubeIDE/plugins/com.st.stm32cube.ide.mcu.externaltools.gnu-tools-for-stm32.11.3.rel1.win32_1.1.100.202309141235/tools/bin/../lib/gcc/arm-none-eabi/11.3.1/../../../../arm-none-eabi/lib/thumb/v8-m.main+fp/hard\libc_nano.a(libc_a-init.o)
                0x000000000800ef68                __libc_init_array
 .text.__retarget_lock_acquire_recursive
                0x000000000800efb0        0x2 C:/ST/STM32CubeIDE_1.14.0/STM32CubeIDE/plugins/com.st.stm32cube.ide.mcu.externaltools.gnu-tools-for-stm32.11.3.rel1.win32_1.1.100.202309141235/tools/bin/../lib/gcc/arm-none-eabi/11.3.1/../../../../arm-none-eabi/lib/thumb/v8-m.main+fp/hard\libc_nano.a(libc_a-lock.o)
                0x000000000800efb0                __retarget_lock_acquire_recursive
 .text.__retarget_lock_release_recursive
                0x000000000800efb2        0x2 C:/ST/STM32CubeIDE_1.14.0/STM32CubeIDE/plugins/com.st.stm32cube.ide.mcu.externaltools.gnu-tools-for-stm32.11.3.rel1.win32_1.1.100.202309141235/tools/bin/../lib/gcc/arm-none-eabi/11.3.1/../../../../arm-none-eabi/lib/thumb/v8-m.main+fp/hard\libc_nano.a(libc_a-lock.o)
                0x000000000800efb2                __retarget_lock_release_recursive
 .text.memcpy   0x000000000800efb4       0x1a C:/ST/STM32CubeIDE_1.14.0/STM32CubeIDE/plugins/com.st.stm32cube.ide.mcu.externaltools.gnu-tools-for-stm32.11.3.rel1.win32_1.1.100.202309141235/tools/bin/../lib/gcc/arm-none-eabi/11.3.1/../../../../arm-none-eabi/lib/thumb/v8-m.main+fp/hard\libc_nano.a(libc_a-memcpy-stub.o)
                0x000000000800efb4                memcpy
 *fill*         0x000000000800efce        0x2 
 .text._free_r  0x000000000800efd0       0x98 C:/ST/STM32CubeIDE_1.14.0/STM32CubeIDE/plugins/com.st.stm32cube.ide.mcu.externaltools.gnu-tools-for-stm32.11.3.rel1.win32_1.1.100.202309141235/tools/bin/../lib/gcc/arm-none-eabi/11.3.1/../../../../arm-none-eabi/lib/thumb/v8-m.main+fp/hard\libc_nano.a(libc_a-freer.o)
                0x000000000800efd0                _free_r
 .text.__ssputs_r
                0x000000000800f068       0xb4 C:/ST/STM32CubeIDE_1.14.0/STM32CubeIDE/plugins/com.st.stm32cube.ide.mcu.externaltools.gnu-tools-for-stm32.11.3.rel1.win32_1.1.100.202309141235/tools/bin/../lib/gcc/arm-none-eabi/11.3.1/../../../../arm-none-eabi/lib/thumb/v8-m.main+fp/hard\libc_nano.a(libc_a-nano-svfprintf.o)
                0x000000000800f068                __ssputs_r
 .text._svfprintf_r
                0x000000000800f11c      0x1fc C:/ST/STM32CubeIDE_1.14.0/STM32CubeIDE/plugins/com.st.stm32cube.ide.mcu.externaltools.gnu-tools-for-stm32.11.3.rel1.win32_1.1.100.202309141235/tools/bin/../lib/gcc/arm-none-eabi/11.3.1/../../../../arm-none-eabi/lib/thumb/v8-m.main+fp/hard\libc_nano.a(libc_a-nano-svfprintf.o)
                0x000000000800f11c                _svfiprintf_r
                0x000000000800f11c                _svfprintf_r
 .text._printf_common
                0x000000000800f318       0xe4 C:/ST/STM32CubeIDE_1.14.0/STM32CubeIDE/plugins/com.st.stm32cube.ide.mcu.externaltools.gnu-tools-for-stm32.11.3.rel1.win32_1.1.100.202309141235/tools/bin/../lib/gcc/arm-none-eabi/11.3.1/../../../../arm-none-eabi/lib/thumb/v8-m.main+fp/hard\libc_nano.a(libc_a-nano-vfprintf_i.o)
                0x000000000800f318                _printf_common
 .text._printf_i
                0x000000000800f3fc      0x240 C:/ST/STM32CubeIDE_1.14.0/STM32CubeIDE/plugins/com.st.stm32cube.ide.mcu.externaltools.gnu-tools-for-stm32.11.3.rel1.win32_1.1.100.202309141235/tools/bin/../lib/gcc/arm-none-eabi/11.3.1/../../../../arm-none-eabi/lib/thumb/v8-m.main+fp/hard\libc_nano.a(libc_a-nano-vfprintf_i.o)
                0x000000000800f3fc                _printf_i
 .text.memmove  0x000000000800f63c       0x34 C:/ST/STM32CubeIDE_1.14.0/STM32CubeIDE/plugins/com.st.stm32cube.ide.mcu.externaltools.gnu-tools-for-stm32.11.3.rel1.win32_1.1.100.202309141235/tools/bin/../lib/gcc/arm-none-eabi/11.3.1/../../../../arm-none-eabi/lib/thumb/v8-m.main+fp/hard\libc_nano.a(libc_a-memmove.o)
                0x000000000800f63c                memmove
 .text.memchr   0x000000000800f670       0x1c C:/ST/STM32CubeIDE_1.14.0/STM32CubeIDE/plugins/com.st.stm32cube.ide.mcu.externaltools.gnu-tools-for-stm32.11.3.rel1.win32_1.1.100.202309141235/tools/bin/../lib/gcc/arm-none-eabi/11.3.1/../../../../arm-none-eabi/lib/thumb/v8-m.main+fp/hard\libc_nano.a(libc_a-memchr-stub.o)
                0x000000000800f670                memchr
 .text._realloc_r
                0x000000000800f68c       0x5e C:/ST/STM32CubeIDE_1.14.0/STM32CubeIDE/plugins/com.st.stm32cube.ide.mcu.externaltools.gnu-tools-for-stm32.11.3.rel1.win32_1.1.100.202309141235/tools/bin/../lib/gcc/arm-none-eabi/11.3.1/../../../../arm-none-eabi/lib/thumb/v8-m.main+fp/hard\libc_nano.a(libc_a-reallocr.o)
                0x000000000800f68c                _realloc_r
 .text._malloc_usable_size_r
                0x000000000800f6ea       0x10 C:/ST/STM32CubeIDE_1.14.0/STM32CubeIDE/plugins/com.st.stm32cube.ide.mcu.externaltools.gnu-tools-for-stm32.11.3.rel1.win32_1.1.100.202309141235/tools/bin/../lib/gcc/arm-none-eabi/11.3.1/../../../../arm-none-eabi/lib/thumb/v8-m.main+fp/hard\libc_nano.a(libc_a-msizer.o)
                0x000000000800f6ea                _malloc_usable_size_r
 *(.glue_7)
 .glue_7        0x000000000800f6fa        0x0 linker stubs
 *(.glue_7t)
 .glue_7t       0x000000000800f6fa        0x0 linker stubs
 *(.eh_frame)
 *fill*         0x000000000800f6fa        0x2 
 .eh_frame      0x000000000800f6fc        0x0 C:/ST/STM32CubeIDE_1.14.0/STM32CubeIDE/plugins/com.st.stm32cube.ide.mcu.externaltools.gnu-tools-for-stm32.11.3.rel1.win32_1.1.100.202309141235/tools/bin/../lib/gcc/arm-none-eabi/11.3.1/thumb/v8-m.main+fp/hard/crtbegin.o
 *(.init)
 .init          0x000000000800f6fc        0x4 C:/ST/STM32CubeIDE_1.14.0/STM32CubeIDE/plugins/com.st.stm32cube.ide.mcu.externaltools.gnu-tools-for-stm32.11.3.rel1.win32_1.1.100.202309141235/tools/bin/../lib/gcc/arm-none-eabi/11.3.1/thumb/v8-m.main+fp/hard/crti.o
                0x000000000800f6fc                _init
 .init          0x000000000800f700        0x8 C:/ST/STM32CubeIDE_1.14.0/STM32CubeIDE/plugins/com.st.stm32cube.ide.mcu.externaltools.gnu-tools-for-stm32.11.3.rel1.win32_1.1.100.202309141235/tools/bin/../lib/gcc/arm-none-eabi/11.3.1/thumb/v8-m.main+fp/hard/crtn.o
 *(.fini)
 .fini          0x000000000800f708        0x4 C:/ST/STM32CubeIDE_1.14.0/STM32CubeIDE/plugins/com.st.stm32cube.ide.mcu.externaltools.gnu-tools-for-stm32.11.3.rel1.win32_1.1.100.202309141235/tools/bin/../lib/gcc/arm-none-eabi/11.3.1/thumb/v8-m.main+fp/hard/crti.o
                0x000000000800f708                _fini
 .fini          0x000000000800f70c        0x8 C:/ST/STM32CubeIDE_1.14.0/STM32CubeIDE/plugins/com.st.stm32cube.ide.mcu.externaltools.gnu-tools-for-stm32.11.3.rel1.win32_1.1.100.202309141235/tools/bin/../lib/gcc/arm-none-eabi/11.3.1/thumb/v8-m.main+fp/hard/crtn.o
                0x000000000800f714                . = ALIGN (0x4)
                0x000000000800f714                _etext = .

.vfp11_veneer   0x000000000800f714        0x0
 .vfp11_veneer  0x000000000800f714        0x0 linker stubs

.v4_bx          0x000000000800f714        0x0
 .v4_bx         0x000000000800f714        0x0 linker stubs

.iplt           0x000000000800f714        0x0
 .iplt          0x000000000800f714        0x0 C:/ST/STM32CubeIDE_1.14.0/STM32CubeIDE/plugins/com.st.stm32cube.ide.mcu.externaltools.gnu-tools-for-stm32.11.3.rel1.win32_1.1.100.202309141235/tools/bin/../lib/gcc/arm-none-eabi/11.3.1/thumb/v8-m.main+fp/hard/crtbegin.o

.Table4CLI      0x000000000800f714       0x24
                0x000000000800f714                . = ALIGN (0x4)
                0x000000000800f714                Table4CLI_start = .
 *(.Table4CLI)
 .Table4CLI     0x000000000800f714        0xc ./Drivers/BSP/src/FLASH.o
                0x000000000800f714                _SVCLI_ENTRY_FLASH_TEST
 .Table4CLI     0x000000000800f720        0xc ./Drivers/BSP/src/LED.o
                0x000000000800f720                _SVCLI_ENTRY_LED_TEST
 .Table4CLI     0x000000000800f72c        0xc ./Middlewares/Solvine/Utils/src/svCLI.o
                0x000000000800f72c                _SVCLI_ENTRY_HELP
                0x000000000800f738                Table4CLI_end = .

.rodata         0x000000000800f738      0x2f4
                0x000000000800f738                . = ALIGN (0x4)
 *(.rodata)
 .rodata        0x000000000800f738       0x17 ./Core/App/src/AppMain.o
 *fill*         0x000000000800f74f        0x1 
 .rodata        0x000000000800f750        0xc ./Core/Src/app_freertos.o
 .rodata        0x000000000800f75c       0xf2 ./Drivers/BSP/src/FLASH.o
 *fill*         0x000000000800f84e        0x2 
 .rodata        0x000000000800f850       0x18 ./Drivers/BSP/src/LED.o
 .rodata        0x000000000800f868      0x111 ./Middlewares/Solvine/Utils/src/svCLI.o
 *fill*         0x000000000800f979        0x3 
 .rodata        0x000000000800f97c        0x5 ./Middlewares/Third_Party/FreeRTOS/Source/tasks.o
 *fill*         0x000000000800f981        0x3 
 .rodata        0x000000000800f984        0xd ./Middlewares/Third_Party/FreeRTOS/Source/timers.o
 *(.rodata*)
 *fill*         0x000000000800f991        0x3 
 .rodata.defaultTask_attributes
                0x000000000800f994       0x24 ./Core/Src/app_freertos.o
                0x000000000800f994                defaultTask_attributes
 .rodata.AHBPrescTable
                0x000000000800f9b8       0x10 ./Core/Src/system_stm32h5xx.o
                0x000000000800f9b8                AHBPrescTable
 .rodata.APBPrescTable
                0x000000000800f9c8        0x8 ./Core/Src/system_stm32h5xx.o
                0x000000000800f9c8                APBPrescTable
 .rodata.UARTPrescTable
                0x000000000800f9d0       0x18 ./Drivers/STM32H5xx_HAL_Driver/Src/stm32h5xx_hal_uart.o
                0x000000000800f9d0                UARTPrescTable
 .rodata.numerator.1
                0x000000000800f9e8        0x8 ./Drivers/STM32H5xx_HAL_Driver/Src/stm32h5xx_hal_uart_ex.o
 .rodata.denominator.0
                0x000000000800f9f0        0x8 ./Drivers/STM32H5xx_HAL_Driver/Src/stm32h5xx_hal_uart_ex.o
 .rodata._svfprintf_r.str1.1
                0x000000000800f9f8       0x11 C:/ST/STM32CubeIDE_1.14.0/STM32CubeIDE/plugins/com.st.stm32cube.ide.mcu.externaltools.gnu-tools-for-stm32.11.3.rel1.win32_1.1.100.202309141235/tools/bin/../lib/gcc/arm-none-eabi/11.3.1/../../../../arm-none-eabi/lib/thumb/v8-m.main+fp/hard\libc_nano.a(libc_a-nano-svfprintf.o)
 .rodata._printf_i.str1.1
                0x000000000800fa09       0x22 C:/ST/STM32CubeIDE_1.14.0/STM32CubeIDE/plugins/com.st.stm32cube.ide.mcu.externaltools.gnu-tools-for-stm32.11.3.rel1.win32_1.1.100.202309141235/tools/bin/../lib/gcc/arm-none-eabi/11.3.1/../../../../arm-none-eabi/lib/thumb/v8-m.main+fp/hard\libc_nano.a(libc_a-nano-vfprintf_i.o)
                0x000000000800fa2c                . = ALIGN (0x4)
 *fill*         0x000000000800fa2b        0x1 

.ARM.extab      0x000000000800fa2c        0x0
                0x000000000800fa2c                . = ALIGN (0x4)
 *(.ARM.extab* .gnu.linkonce.armextab.*)
                0x000000000800fa2c                . = ALIGN (0x4)

.ARM            0x000000000800fa2c        0x8
                0x000000000800fa2c                . = ALIGN (0x4)
                0x000000000800fa2c                __exidx_start = .
 *(.ARM.exidx*)
 .ARM.exidx     0x000000000800fa2c        0x8 C:/ST/STM32CubeIDE_1.14.0/STM32CubeIDE/plugins/com.st.stm32cube.ide.mcu.externaltools.gnu-tools-for-stm32.11.3.rel1.win32_1.1.100.202309141235/tools/bin/../lib/gcc/arm-none-eabi/11.3.1/thumb/v8-m.main+fp/hard\libgcc.a(_udivmoddi4.o)
                0x000000000800fa34                __exidx_end = .
                0x000000000800fa34                . = ALIGN (0x4)

.rel.dyn        0x000000000800fa34        0x0
 .rel.iplt      0x000000000800fa34        0x0 C:/ST/STM32CubeIDE_1.14.0/STM32CubeIDE/plugins/com.st.stm32cube.ide.mcu.externaltools.gnu-tools-for-stm32.11.3.rel1.win32_1.1.100.202309141235/tools/bin/../lib/gcc/arm-none-eabi/11.3.1/thumb/v8-m.main+fp/hard/crtbegin.o

.preinit_array  0x000000000800fa34        0x0
                0x000000000800fa34                . = ALIGN (0x4)
                0x000000000800fa34                PROVIDE (__preinit_array_start = .)
 *(.preinit_array*)
                0x000000000800fa34                PROVIDE (__preinit_array_end = .)
                0x000000000800fa34                . = ALIGN (0x4)

.init_array     0x000000000800fa34        0x4
                0x000000000800fa34                . = ALIGN (0x4)
                0x000000000800fa34                PROVIDE (__init_array_start = .)
 *(SORT_BY_NAME(.init_array.*))
 *(.init_array*)
 .init_array    0x000000000800fa34        0x4 C:/ST/STM32CubeIDE_1.14.0/STM32CubeIDE/plugins/com.st.stm32cube.ide.mcu.externaltools.gnu-tools-for-stm32.11.3.rel1.win32_1.1.100.202309141235/tools/bin/../lib/gcc/arm-none-eabi/11.3.1/thumb/v8-m.main+fp/hard/crtbegin.o
                0x000000000800fa38                PROVIDE (__init_array_end = .)
                0x000000000800fa38                . = ALIGN (0x4)

.fini_array     0x000000000800fa38        0x4
                0x000000000800fa38                . = ALIGN (0x4)
                [!provide]                        PROVIDE (__fini_array_start = .)
 *(SORT_BY_NAME(.fini_array.*))
 *(.fini_array*)
 .fini_array    0x000000000800fa38        0x4 C:/ST/STM32CubeIDE_1.14.0/STM32CubeIDE/plugins/com.st.stm32cube.ide.mcu.externaltools.gnu-tools-for-stm32.11.3.rel1.win32_1.1.100.202309141235/tools/bin/../lib/gcc/arm-none-eabi/11.3.1/thumb/v8-m.main+fp/hard/crtbegin.o
                [!provide]                        PROVIDE (__fini_array_end = .)
                0x000000000800fa3c                . = ALIGN (0x4)
                0x000000000800fa3c                _sidata = LOADADDR (.data)

.data           0x0000000020000000       0xb4 load address 0x000000000800fa3c
                0x0000000020000000                . = ALIGN (0x4)
                0x0000000020000000                _sdata = .
 *(.data)
 *(.data*)
 .data.SystemCoreClock
                0x0000000020000000        0x4 ./Core/Src/system_stm32h5xx.o
                0x0000000020000000                SystemCoreClock
 .data.g_rbDebugRx
                0x0000000020000004       0x1c ./Drivers/BSP/src/svDebug.o
                0x0000000020000004                g_rbDebugRx
 .data.g_DebugMsgLevel
                0x0000000020000020        0x4 ./Drivers/BSP/src/svDebug.o
                0x0000000020000020                g_DebugMsgLevel
 .data.uwTickPrio
                0x0000000020000024        0x4 ./Drivers/STM32H5xx_HAL_Driver/Src/stm32h5xx_hal.o
                0x0000000020000024                uwTickPrio
 .data.uwTickFreq
                0x0000000020000028        0x1 ./Drivers/STM32H5xx_HAL_Driver/Src/stm32h5xx_hal.o
                0x0000000020000028                uwTickFreq
 *fill*         0x0000000020000029        0x3 
 .data.pFlash   0x000000002000002c       0x1c ./Drivers/STM32H5xx_HAL_Driver/Src/stm32h5xx_hal_flash.o
                0x000000002000002c                pFlash
 .data.s_bPwdOK
                0x0000000020000048        0x4 ./Middlewares/Solvine/Utils/src/svCLI.o
 .data.szCLI_PROMPT
                0x000000002000004c        0xa ./Middlewares/Solvine/Utils/src/svCLI.o
 *fill*         0x0000000020000056        0x2 
 .data.snCLI_PROMPT_LENGTH
                0x0000000020000058        0x4 ./Middlewares/Solvine/Utils/src/svCLI.o
 .data.uxTopUsedPriority
                0x000000002000005c        0x4 ./Middlewares/Third_Party/FreeRTOS/Source/tasks.o
                0x000000002000005c                uxTopUsedPriority
 .data.ulCriticalNesting
                0x0000000020000060        0x4 ./Middlewares/Third_Party/FreeRTOS/Source/portable/GCC/ARM_CM33_NTZ/non_secure/port.o
 .data._impure_data
                0x0000000020000064       0x4c C:/ST/STM32CubeIDE_1.14.0/STM32CubeIDE/plugins/com.st.stm32cube.ide.mcu.externaltools.gnu-tools-for-stm32.11.3.rel1.win32_1.1.100.202309141235/tools/bin/../lib/gcc/arm-none-eabi/11.3.1/../../../../arm-none-eabi/lib/thumb/v8-m.main+fp/hard\libc_nano.a(libc_a-impure.o)
                0x0000000020000064                _impure_data
 .data._impure_ptr
                0x00000000200000b0        0x4 C:/ST/STM32CubeIDE_1.14.0/STM32CubeIDE/plugins/com.st.stm32cube.ide.mcu.externaltools.gnu-tools-for-stm32.11.3.rel1.win32_1.1.100.202309141235/tools/bin/../lib/gcc/arm-none-eabi/11.3.1/../../../../arm-none-eabi/lib/thumb/v8-m.main+fp/hard\libc_nano.a(libc_a-impure.o)
                0x00000000200000b0                _impure_ptr
 *(.RamFunc)
 *(.RamFunc*)
                0x00000000200000b4                . = ALIGN (0x4)
                0x00000000200000b4                _edata = .

.igot.plt       0x00000000200000b4        0x0 load address 0x000000000800faf0
 .igot.plt      0x00000000200000b4        0x0 C:/ST/STM32CubeIDE_1.14.0/STM32CubeIDE/plugins/com.st.stm32cube.ide.mcu.externaltools.gnu-tools-for-stm32.11.3.rel1.win32_1.1.100.202309141235/tools/bin/../lib/gcc/arm-none-eabi/11.3.1/thumb/v8-m.main+fp/hard/crtbegin.o
                0x00000000200000b4                . = ALIGN (0x4)

.bss            0x00000000200000b4     0x35b0 load address 0x000000000800faf0
                0x00000000200000b4                _sbss = .
                0x00000000200000b4                __bss_start__ = _sbss
 *(.bss)
 .bss           0x00000000200000b4       0x1c C:/ST/STM32CubeIDE_1.14.0/STM32CubeIDE/plugins/com.st.stm32cube.ide.mcu.externaltools.gnu-tools-for-stm32.11.3.rel1.win32_1.1.100.202309141235/tools/bin/../lib/gcc/arm-none-eabi/11.3.1/thumb/v8-m.main+fp/hard/crtbegin.o
 *(.bss*)
 .bss.defaultTaskHandle
                0x00000000200000d0        0x4 ./Core/Src/app_freertos.o
                0x00000000200000d0                defaultTaskHandle
 .bss.hfdcan1   0x00000000200000d4       0x64 ./Core/Src/main.o
                0x00000000200000d4                hfdcan1
 .bss.hlpuart1  0x0000000020000138       0x94 ./Core/Src/main.o
                0x0000000020000138                hlpuart1
 .bss.huart3    0x00000000200001cc       0x94 ./Core/Src/main.o
                0x00000000200001cc                huart3
 .bss.htim6     0x0000000020000260       0x4c ./Core/Src/stm32h5xx_hal_timebase_tim.o
                0x0000000020000260                htim6
 .bss.__sbrk_heap_end
                0x00000000200002ac        0x4 ./Core/Src/sysmem.o
 .bss.s_bLEDInit
                0x00000000200002b0        0x4 ./Drivers/BSP/src/LED.o
 .bss.s_bLEDEnable
                0x00000000200002b4        0x4 ./Drivers/BSP/src/LED.o
 .bss.s_ResetCount
                0x00000000200002b8        0x4 ./Drivers/BSP/src/RESET.o
 .bss.hrtc      0x00000000200002bc       0x30 ./Drivers/BSP/src/RTC.o
                0x00000000200002bc                hrtc
 .bss.rx_data   0x00000000200002ec        0x1 ./Drivers/BSP/src/UART.o
 *fill*         0x00000000200002ed        0x3 
 .bss.s_bUARTConnected
                0x00000000200002f0        0x4 ./Drivers/BSP/src/UART.o
 .bss.huart2    0x00000000200002f4       0x94 ./Drivers/BSP/src/UART.o
                0x00000000200002f4                huart2
 .bss.g_rbDebugRx_dataSpace
                0x0000000020000388       0x80 ./Drivers/BSP/src/svDebug.o
                0x0000000020000388                g_rbDebugRx_dataSpace
 .bss.g_bDebugTx
                0x0000000020000408        0x4 ./Drivers/BSP/src/svDebug.o
                0x0000000020000408                g_bDebugTx
 .bss.g_lwrbDebugTx
                0x000000002000040c       0x14 ./Drivers/BSP/src/svDebug.o
                0x000000002000040c                g_lwrbDebugTx
 .bss.s_byDebugTxRingBuffer
                0x0000000020000420      0x204 ./Drivers/BSP/src/svDebug.o
 .bss.s_msg4Debug.0
                0x0000000020000624       0x80 ./Drivers/BSP/src/svDebug.o
 .bss.uwTick    0x00000000200006a4        0x4 ./Drivers/STM32H5xx_HAL_Driver/Src/stm32h5xx_hal.o
                0x00000000200006a4                uwTick
 .bss.szCLIString
                0x00000000200006a8       0x80 ./Middlewares/Solvine/Utils/src/svCLI.o
 .bss.szCLIHistoryBuffer
                0x0000000020000728      0x180 ./Middlewares/Solvine/Utils/src/svCLI.o
 .bss.snCLIHistoryCount
                0x00000000200008a8        0x4 ./Middlewares/Solvine/Utils/src/svCLI.o
 .bss.snCLIHistoryPos
                0x00000000200008ac        0x4 ./Middlewares/Solvine/Utils/src/svCLI.o
 .bss.scntCLIString
                0x00000000200008b0        0x4 ./Middlewares/Solvine/Utils/src/svCLI.o
 .bss.sCLITableBegin
                0x00000000200008b4        0x4 ./Middlewares/Solvine/Utils/src/svCLI.o
 .bss.sCLITablEnd
                0x00000000200008b8        0x4 ./Middlewares/Solvine/Utils/src/svCLI.o
 .bss.svGetChar
                0x00000000200008bc        0x4 ./Middlewares/Solvine/Utils/src/svCLI.o
 .bss.svPutChar
                0x00000000200008c0        0x4 ./Middlewares/Solvine/Utils/src/svCLI.o
 .bss.svCommit  0x00000000200008c4        0x4 ./Middlewares/Solvine/Utils/src/svCLI.o
 .bss.svBypass  0x00000000200008c8        0x4 ./Middlewares/Solvine/Utils/src/svCLI.o
 .bss.svExit    0x00000000200008cc        0x1 ./Middlewares/Solvine/Utils/src/svCLI.o
 *fill*         0x00000000200008cd        0x3 
 .bss.sbEnter   0x00000000200008d0        0x4 ./Middlewares/Solvine/Utils/src/svCLI.o
 .bss.msg.1     0x00000000200008d4      0x100 ./Middlewares/Solvine/Utils/src/svCLI.o
 .bss.sbInEsc.0
                0x00000000200009d4        0x1 ./Middlewares/Solvine/Utils/src/svCLI.o
 *fill*         0x00000000200009d5        0x3 
 .bss.KernelState
                0x00000000200009d8        0x4 ./Middlewares/Third_Party/FreeRTOS/Source/CMSIS_RTOS_V2/cmsis_os2.o
 .bss.Idle_TCB.3
                0x00000000200009dc       0x5c ./Middlewares/Third_Party/FreeRTOS/Source/CMSIS_RTOS_V2/cmsis_os2.o
 .bss.Idle_Stack.2
                0x0000000020000a38      0x200 ./Middlewares/Third_Party/FreeRTOS/Source/CMSIS_RTOS_V2/cmsis_os2.o
 .bss.Timer_TCB.1
                0x0000000020000c38       0x5c ./Middlewares/Third_Party/FreeRTOS/Source/CMSIS_RTOS_V2/cmsis_os2.o
 .bss.Timer_Stack.0
                0x0000000020000c94      0x200 ./Middlewares/Third_Party/FreeRTOS/Source/CMSIS_RTOS_V2/cmsis_os2.o
 .bss.xQueueRegistry
                0x0000000020000e94       0x40 ./Middlewares/Third_Party/FreeRTOS/Source/queue.o
                0x0000000020000e94                xQueueRegistry
 .bss.pxCurrentTCB
                0x0000000020000ed4        0x4 ./Middlewares/Third_Party/FreeRTOS/Source/tasks.o
                0x0000000020000ed4                pxCurrentTCB
 .bss.pxReadyTasksLists
                0x0000000020000ed8      0x460 ./Middlewares/Third_Party/FreeRTOS/Source/tasks.o
 .bss.xDelayedTaskList1
                0x0000000020001338       0x14 ./Middlewares/Third_Party/FreeRTOS/Source/tasks.o
 .bss.xDelayedTaskList2
                0x000000002000134c       0x14 ./Middlewares/Third_Party/FreeRTOS/Source/tasks.o
 .bss.pxDelayedTaskList
                0x0000000020001360        0x4 ./Middlewares/Third_Party/FreeRTOS/Source/tasks.o
 .bss.pxOverflowDelayedTaskList
                0x0000000020001364        0x4 ./Middlewares/Third_Party/FreeRTOS/Source/tasks.o
 .bss.xPendingReadyList
                0x0000000020001368       0x14 ./Middlewares/Third_Party/FreeRTOS/Source/tasks.o
 .bss.xTasksWaitingTermination
                0x000000002000137c       0x14 ./Middlewares/Third_Party/FreeRTOS/Source/tasks.o
 .bss.uxDeletedTasksWaitingCleanUp
                0x0000000020001390        0x4 ./Middlewares/Third_Party/FreeRTOS/Source/tasks.o
 .bss.xSuspendedTaskList
                0x0000000020001394       0x14 ./Middlewares/Third_Party/FreeRTOS/Source/tasks.o
 .bss.uxCurrentNumberOfTasks
                0x00000000200013a8        0x4 ./Middlewares/Third_Party/FreeRTOS/Source/tasks.o
 .bss.xTickCount
                0x00000000200013ac        0x4 ./Middlewares/Third_Party/FreeRTOS/Source/tasks.o
 .bss.uxTopReadyPriority
                0x00000000200013b0        0x4 ./Middlewares/Third_Party/FreeRTOS/Source/tasks.o
 .bss.xSchedulerRunning
                0x00000000200013b4        0x4 ./Middlewares/Third_Party/FreeRTOS/Source/tasks.o
 .bss.xPendedTicks
                0x00000000200013b8        0x4 ./Middlewares/Third_Party/FreeRTOS/Source/tasks.o
 .bss.xYieldPending
                0x00000000200013bc        0x4 ./Middlewares/Third_Party/FreeRTOS/Source/tasks.o
 .bss.xNumOfOverflows
                0x00000000200013c0        0x4 ./Middlewares/Third_Party/FreeRTOS/Source/tasks.o
 .bss.uxTaskNumber
                0x00000000200013c4        0x4 ./Middlewares/Third_Party/FreeRTOS/Source/tasks.o
 .bss.xNextTaskUnblockTime
                0x00000000200013c8        0x4 ./Middlewares/Third_Party/FreeRTOS/Source/tasks.o
 .bss.xIdleTaskHandle
                0x00000000200013cc        0x4 ./Middlewares/Third_Party/FreeRTOS/Source/tasks.o
 .bss.uxSchedulerSuspended
                0x00000000200013d0        0x4 ./Middlewares/Third_Party/FreeRTOS/Source/tasks.o
 .bss.xActiveTimerList1
                0x00000000200013d4       0x14 ./Middlewares/Third_Party/FreeRTOS/Source/timers.o
 .bss.xActiveTimerList2
                0x00000000200013e8       0x14 ./Middlewares/Third_Party/FreeRTOS/Source/timers.o
 .bss.pxCurrentTimerList
                0x00000000200013fc        0x4 ./Middlewares/Third_Party/FreeRTOS/Source/timers.o
 .bss.pxOverflowTimerList
                0x0000000020001400        0x4 ./Middlewares/Third_Party/FreeRTOS/Source/timers.o
 .bss.xTimerQueue