Archive member included to satisfy reference by file (symbol)

C:/ST/STM32CubeIDE_1.14.0/STM32CubeIDE/plugins/com.st.stm32cube.ide.mcu.externaltools.gnu-tools-for-stm32.11.3.rel1.win32_1.1.100.202309141235/tools/bin/../lib/gcc/arm-none-eabi/11.3.1/../../../../arm-none-eabi/lib/thumb/v8-m.main+fp/hard\libc_nano.a(libc_a-exit.o)
                              C:/ST/STM32CubeIDE_1.14.0/STM32CubeIDE/plugins/com.st.stm32cube.ide.mcu.externaltools.gnu-tools-for-stm32.11.3.rel1.win32_1.1.100.202309141235/tools/bin/../lib/gcc/arm-none-eabi/11.3.1/../../../../arm-none-eabi/lib/thumb/v8-m.main+fp/hard/crt0.o (exit)
C:/ST/STM32CubeIDE_1.14.0/STM32CubeIDE/plugins/com.st.stm32cube.ide.mcu.externaltools.gnu-tools-for-stm32.11.3.rel1.win32_1.1.100.202309141235/tools/bin/../lib/gcc/arm-none-eabi/11.3.1/../../../../arm-none-eabi/lib/thumb/v8-m.main+fp/hard\libc_nano.a(libc_a-malloc.o)
                              ./Middlewares/Solvine/Utils/src/svList.o (free)
C:/ST/STM32CubeIDE_1.14.0/STM32CubeIDE/plugins/com.st.stm32cube.ide.mcu.externaltools.gnu-tools-for-stm32.11.3.rel1.win32_1.1.100.202309141235/tools/bin/../lib/gcc/arm-none-eabi/11.3.1/../../../../arm-none-eabi/lib/thumb/v8-m.main+fp/hard\libc_nano.a(libc_a-mallocr.o)
                              C:/ST/STM32CubeIDE_1.14.0/STM32CubeIDE/plugins/com.st.stm32cube.ide.mcu.externaltools.gnu-tools-for-stm32.11.3.rel1.win32_1.1.100.202309141235/tools/bin/../lib/gcc/arm-none-eabi/11.3.1/../../../../arm-none-eabi/lib/thumb/v8-m.main+fp/hard\libc_nano.a(libc_a-malloc.o) (_malloc_r)
C:/ST/STM32CubeIDE_1.14.0/STM32CubeIDE/plugins/com.st.stm32cube.ide.mcu.externaltools.gnu-tools-for-stm32.11.3.rel1.win32_1.1.100.202309141235/tools/bin/../lib/gcc/arm-none-eabi/11.3.1/../../../../arm-none-eabi/lib/thumb/v8-m.main+fp/hard\libc_nano.a(libc_a-mlock.o)
                              C:/ST/STM32CubeIDE_1.14.0/STM32CubeIDE/plugins/com.st.stm32cube.ide.mcu.externaltools.gnu-tools-for-stm32.11.3.rel1.win32_1.1.100.202309141235/tools/bin/../lib/gcc/arm-none-eabi/11.3.1/../../../../arm-none-eabi/lib/thumb/v8-m.main+fp/hard\libc_nano.a(libc_a-mallocr.o) (__malloc_lock)
C:/ST/STM32CubeIDE_1.14.0/STM32CubeIDE/plugins/com.st.stm32cube.ide.mcu.externaltools.gnu-tools-for-stm32.11.3.rel1.win32_1.1.100.202309141235/tools/bin/../lib/gcc/arm-none-eabi/11.3.1/../../../../arm-none-eabi/lib/thumb/v8-m.main+fp/hard\libc_nano.a(libc_a-findfp.o)
                              C:/ST/STM32CubeIDE_1.14.0/STM32CubeIDE/plugins/com.st.stm32cube.ide.mcu.externaltools.gnu-tools-for-stm32.11.3.rel1.win32_1.1.100.202309141235/tools/bin/../lib/gcc/arm-none-eabi/11.3.1/../../../../arm-none-eabi/lib/thumb/v8-m.main+fp/hard\libc_nano.a(libc_a-exit.o) (__stdio_exit_handler)
C:/ST/STM32CubeIDE_1.14.0/STM32CubeIDE/plugins/com.st.stm32cube.ide.mcu.externaltools.gnu-tools-for-stm32.11.3.rel1.win32_1.1.100.202309141235/tools/bin/../lib/gcc/arm-none-eabi/11.3.1/../../../../arm-none-eabi/lib/thumb/v8-m.main+fp/hard\libc_nano.a(libc_a-fwalk.o)
                              C:/ST/STM32CubeIDE_1.14.0/STM32CubeIDE/plugins/com.st.stm32cube.ide.mcu.externaltools.gnu-tools-for-stm32.11.3.rel1.win32_1.1.100.202309141235/tools/bin/../lib/gcc/arm-none-eabi/11.3.1/../../../../arm-none-eabi/lib/thumb/v8-m.main+fp/hard\libc_nano.a(libc_a-findfp.o) (_fwalk_sglue)
C:/ST/STM32CubeIDE_1.14.0/STM32CubeIDE/plugins/com.st.stm32cube.ide.mcu.externaltools.gnu-tools-for-stm32.11.3.rel1.win32_1.1.100.202309141235/tools/bin/../lib/gcc/arm-none-eabi/11.3.1/../../../../arm-none-eabi/lib/thumb/v8-m.main+fp/hard\libc_nano.a(libc_a-stdio.o)
                              C:/ST/STM32CubeIDE_1.14.0/STM32CubeIDE/plugins/com.st.stm32cube.ide.mcu.externaltools.gnu-tools-for-stm32.11.3.rel1.win32_1.1.100.202309141235/tools/bin/../lib/gcc/arm-none-eabi/11.3.1/../../../../arm-none-eabi/lib/thumb/v8-m.main+fp/hard\libc_nano.a(libc_a-findfp.o) (__sread)
C:/ST/STM32CubeIDE_1.14.0/STM32CubeIDE/plugins/com.st.stm32cube.ide.mcu.externaltools.gnu-tools-for-stm32.11.3.rel1.win32_1.1.100.202309141235/tools/bin/../lib/gcc/arm-none-eabi/11.3.1/../../../../arm-none-eabi/lib/thumb/v8-m.main+fp/hard\libc_nano.a(libc_a-vsnprintf.o)
                              ./Drivers/BSP/src/UART.o (vsnprintf)
C:/ST/STM32CubeIDE_1.14.0/STM32CubeIDE/plugins/com.st.stm32cube.ide.mcu.externaltools.gnu-tools-for-stm32.11.3.rel1.win32_1.1.100.202309141235/tools/bin/../lib/gcc/arm-none-eabi/11.3.1/../../../../arm-none-eabi/lib/thumb/v8-m.main+fp/hard\libc_nano.a(libc_a-vsprintf.o)
                              ./Drivers/BSP/src/svDebug.o (vsprintf)
C:/ST/STM32CubeIDE_1.14.0/STM32CubeIDE/plugins/com.st.stm32cube.ide.mcu.externaltools.gnu-tools-for-stm32.11.3.rel1.win32_1.1.100.202309141235/tools/bin/../lib/gcc/arm-none-eabi/11.3.1/../../../../arm-none-eabi/lib/thumb/v8-m.main+fp/hard\libc_nano.a(libc_a-memset.o)
[...]
Memory Configuration

Name             Origin             Length             Attributes
RAM              0x0000000020000000 0x00000000000a0000 xrw
FLASH            0x0000000008000000 0x0000000000200000 xr
*default*        0x0000000000000000 0xffffffffffffffff

Linker script and memory map

LOAD C:/ST/STM32CubeIDE_1.14.0/STM32CubeIDE/plugins/com.st.stm32cube.ide.mcu.externaltools.gnu-tools-for-stm32.11.3.rel1.win32_1.1.100.202309141235/tools/bin/../lib/gcc/arm-none-eabi/11.3.1/thumb/v8-m.main+fp/hard/crti.o
LOAD C:/ST/STM32CubeIDE_1.14.0/STM32CubeIDE/plugins/com.st.stm32cube.ide.mcu.externaltools.gnu-tools-for-stm32.11.3.rel1.win32_1.1.100.202309141235/tools/bin/../lib/gcc/arm-none-eabi/11.3.1/thumb/v8-m.main+fp/hard/crtbegin.o
LOAD C:/ST/STM32CubeIDE_1.14.0/STM32CubeIDE/plugins/com.st.stm32cube.ide.mcu.externaltools.gnu-tools-for-stm32.11.3.rel1.win32_1.1.100.202309141235/tools/bin/../lib/gcc/arm-none-eabi/11.3.1/../../../../arm-none-eabi/lib/thumb/v8-m.main+fp/hard/crt0.o
LOAD ./Core/App/src/AppMain.o
LOAD ./Core/Src/app_freertos.o
LOAD ./Core/Src/main.o
LOAD ./Core/Src/stm32h5xx_hal_msp.o
LOAD ./Core/Src/stm32h5xx_hal_timebase_tim.o
LOAD ./Core/Src/stm32h5xx_it.o
LOAD ./Core/Src/syscalls.o
LOAD ./Core/Src/sysmem.o
LOAD ./Core/Src/system_stm32h5xx.o
LOAD ./Core/Startup/startup_stm32h563zitx.o
LOAD ./Drivers/BSP/src/CAN.o
LOAD ./Drivers/BSP/src/FLASH.o
LOAD ./Drivers/BSP/src/LED.o
LOAD ./Drivers/BSP/src/RESET.o
LOAD ./Drivers/BSP/src/RTC.o
LOAD ./Drivers/BSP/src/UART.o
LOAD ./Drivers/BSP/src/printf.o
LOAD ./Drivers/BSP/src/svDebug.o
LOAD ./Drivers/BSP/src/svPlatform.o
LOAD ./Drivers/STM32H5xx_HAL_Driver/Src/stm32h5xx_hal.o
LOAD ./Drivers/STM32H5xx_HAL_Driver/Src/stm32h5xx_hal_cortex.o
LOAD ./Drivers/STM32H5xx_HAL_Driver/Src/stm32h5xx_hal_dma.o
LOAD ./Drivers/STM32H5xx_HAL_Driver/Src/stm32h5xx_hal_dma_ex.o
LOAD ./Drivers/STM32H5xx_HAL_Driver/Src/stm32h5xx_hal_exti.o
LOAD ./Drivers/STM32H5xx_HAL_Driver/Src/stm32h5xx_hal_fdcan.o
LOAD ./Drivers/STM32H5xx_HAL_Driver/Src/stm32h5xx_hal_flash.o
LOAD ./Drivers/STM32H5xx_HAL_Driver/Src/stm32h5xx_hal_flash_ex.o
LOAD ./Drivers/STM32H5xx_HAL_Driver/Src/stm32h5xx_hal_gpio.o
LOAD ./Drivers/STM32H5xx_HAL_Driver/Src/stm32h5xx_hal_icache.o
LOAD ./Drivers/STM32H5xx_HAL_Driver/Src/stm32h5xx_hal_pwr.o
LOAD ./Drivers/STM32H5xx_HAL_Driver/Src/stm32h5xx_hal_pwr_ex.o
LOAD ./Drivers/STM32H5xx_HAL_Driver/Src/stm32h5xx_hal_rcc.o
LOAD ./Drivers/STM32H5xx_HAL_Driver/Src/stm32h5xx_hal_rcc_ex.o
LOAD ./Drivers/STM32H5xx_HAL_Driver/Src/stm32h5xx_hal_rtc.o
LOAD ./Drivers/STM32H5xx_HAL_Driver/Src/stm32h5xx_hal_rtc_ex.o
LOAD ./Drivers/STM32H5xx_HAL_Driver/Src/stm32h5xx_hal_tim.o
LOAD ./Drivers/STM32H5xx_HAL_Driver/Src/stm32h5xx_hal_tim_ex.o
LOAD ./Drivers/STM32H5xx_HAL_Driver/Src/stm32h5xx_hal_uart.o
LOAD ./Drivers/STM32H5xx_HAL_Driver/Src/stm32h5xx_hal_uart_ex.o
LOAD ./Middlewares/Solvine/Utils/src/qbuffer.o
LOAD ./Middlewares/Solvine/Utils/src/svCLI.o
LOAD ./Middlewares/Solvine/Utils/src/svLinkBuffer.o
LOAD ./Middlewares/Solvine/Utils/src/svList.o
LOAD ./Middlewares/Solvine/Utils/src/svOvRingBuffer.o
LOAD ./Middlewares/Solvine/Utils/src/svRingBuffer.o
LOAD ./Middlewares/Solvine/Utils/src/svTaskTimer.o
LOAD ./Middlewares/Solvine/Utils/src/svUtils.o
LOAD ./Middlewares/Third_Party/FreeRTOS/Source/CMSIS_RTOS_V2/cmsis_os2.o
LOAD ./Middlewares/Third_Party/FreeRTOS/Source/croutine.o
LOAD ./Middlewares/Third_Party/FreeRTOS/Source/event_groups.o
LOAD ./Middlewares/Third_Party/FreeRTOS/Source/list.o
LOAD ./Middlewares/Third_Party/FreeRTOS/Source/queue.o
LOAD ./Middlewares/Third_Party/FreeRTOS/Source/stream_buffer.o
LOAD ./Middlewares/Third_Party/FreeRTOS/Source/tasks.o
LOAD ./Middlewares/Third_Party/FreeRTOS/Source/timers.o
LOAD ./Middlewares/Third_Party/FreeRTOS/Source/portable/GCC/ARM_CM33_NTZ/non_secure/port.o
LOAD ./Middlewares/Third_Party/FreeRTOS/Source/portable/GCC/ARM_CM33_NTZ/non_secure/portasm.o
LOAD ./Middlewares/Third_Party/FreeRTOS/Source/portable/MemMang/heap_4.o
LOAD ./Middlewares/Third_Party/lwrb/src/lwrb.o
START GROUP
LOAD C:/ST/STM32CubeIDE_1.14.0/STM32CubeIDE/plugins/com.st.stm32cube.ide.mcu.externaltools.gnu-tools-for-stm32.11.3.rel1.win32_1.1.100.202309141235/tools/bin/../lib/gcc/arm-none-eabi/11.3.1/../../../../arm-none-eabi/lib/thumb/v8-m.main+fp/hard\libc_nano.a
LOAD C:/ST/STM32CubeIDE_1.14.0/STM32CubeIDE/plugins/com.st.stm32cube.ide.mcu.externaltools.gnu-tools-for-stm32.11.3.rel1.win32_1.1.100.202309141235/tools/bin/../lib/gcc/arm-none-eabi/11.3.1/../../../../arm-none-eabi/lib/thumb/v8-m.main+fp/hard\libm.a
END GROUP
START GROUP
LOAD C:/ST/STM32CubeIDE_1.14.0/STM32CubeIDE/plugins/com.st.stm32cube.ide.mcu.externaltools.gnu-tools-for-stm32.11.3.rel1.win32_1.1.100.202309141235/tools/bin/../lib/gcc/arm-none-eabi/11.3.1/thumb/v8-m.main+fp/hard\libgcc.a
LOAD C:/ST/STM32CubeIDE_1.14.0/STM32CubeIDE/plugins/com.st.stm32cube.ide.mcu.externaltools.gnu-tools-for-stm32.11.3.rel1.win32_1.1.100.202309141235/tools/bin/../lib/gcc/arm-none-eabi/11.3.1/../../../../arm-none-eabi/lib/thumb/v8-m.main+fp/hard\libc_nano.a
END GROUP
START GROUP
LOAD C:/ST/STM32CubeIDE_1.14.0/STM32CubeIDE/plugins/com.st.stm32cube.ide.mcu.externaltools.gnu-tools-for-stm32.11.3.rel1.win32_1.1.100.202309141235/tools/bin/../lib/gcc/arm-none-eabi/11.3.1/thumb/v8-m.main+fp/hard\libgcc.a
LOAD C:/ST/STM32CubeIDE_1.14.0/STM32CubeIDE/plugins/com.st.stm32cube.ide.mcu.externaltools.gnu-tools-for-stm32.11.3.rel1.win32_1.1.100.202309141235/tools/bin/../lib/gcc/arm-none-eabi/11.3.1/../../../../arm-none-eabi/lib/thumb/v8-m.main+fp/hard\libc_nano.a
LOAD C:/ST/STM32CubeIDE_1.14.0/STM32CubeIDE/plugins/com.st.stm32cube.ide.mcu.externaltools.gnu-tools-for-stm32.11.3.rel1.win32_1.1.100.202309141235/tools/bin/../lib/gcc/arm-none-eabi/11.3.1/../../../../arm-none-eabi/lib/thumb/v8-m.main+fp/hard\libnosys.a
END GROUP
START GROUP
LOAD C:/ST/STM32CubeIDE_1.14.0/STM32CubeIDE/plugins/com.st.stm32cube.ide.mcu.externaltools.gnu-tools-for-stm32.11.3.rel1.win32_1.1.100.202309141235/tools/bin/../lib/gcc/arm-none-eabi/11.3.1/thumb/v8-m.main+fp/hard\libgcc.a
LOAD C:/ST/STM32CubeIDE_1.14.0/STM32CubeIDE/plugins/com.st.stm32cube.ide.mcu.externaltools.gnu-tools-for-stm32.11.3.rel1.win32_1.1.100.202309141235/tools/bin/../lib/gcc/arm-none-eabi/11.3.1/../../../../arm-none-eabi/lib/thumb/v8-m.main+fp/hard\libc_nano.a
LOAD C:/ST/STM32CubeIDE_1.14.0/STM32CubeIDE/plugins/com.st.stm32cube.ide.mcu.externaltools.gnu-tools-for-stm32.11.3.rel1.win32_1.1.100.202309141235/tools/bin/../lib/gcc/arm-none-eabi/11.3.1/../../../../arm-none-eabi/lib/thumb/v8-m.main+fp/hard\libnosys.a
END GROUP
LOAD C:/ST/STM32CubeIDE_1.14.0/STM32CubeIDE/plugins/com.st.stm32cube.ide.mcu.externaltools.gnu-tools-for-stm32.11.3.rel1.win32_1.1.100.202309141235/tools/bin/../lib/gcc/arm-none-eabi/11.3.1/thumb/v8-m.main+fp/hard/crtend.o
LOAD C:/ST/STM32CubeIDE_1.14.0/STM32CubeIDE/plugins/com.st.stm32cube.ide.mcu.externaltools.gnu-tools-for-stm32.11.3.rel1.win32_1.1.100.202309141235/tools/bin/../lib/gcc/arm-none-eabi/11.3.1/thumb/v8-m.main+fp/hard/crtn.o
                0x00000000200a0000                _estack = (ORIGIN (RAM) + LENGTH (RAM))
                0x0000000000000200                _Min_Heap_Size = 0x200
                0x0000000000000400                _Min_Stack_Size = 0x400

.isr_vector     0x0000000008000000      0x24c
                0x0000000008000000                . = ALIGN (0x4)
 *(.isr_vector)
 .isr_vector    0x0000000008000000      0x24c ./Core/Startup/startup_stm32h563zitx.o
                0x0000000008000000                g_pfnVectors
                0x000000000800024c                . = ALIGN (0x4)

.text           0x0000000008000250     0xe66c
                0x0000000008000250                . = ALIGN (0x4)
 *(.text)
 .text          0x0000000008000250       0x40 C:/ST/STM32CubeIDE_1.14.0/STM32CubeIDE/plugins/com.st.stm32cube.ide.mcu.externaltools.gnu-tools-for-stm32.11.3.rel1.win32_1.1.100.202309141235/tools/bin/../lib/gcc/arm-none-eabi/11.3.1/thumb/v8-m.main+fp/hard/crtbegin.o
 .text          0x0000000008000290       0x14 C:/ST/STM32CubeIDE_1.14.0/STM32CubeIDE/plugins/com.st.stm32cube.ide.mcu.externaltools.gnu-tools-for-stm32.11.3.rel1.win32_1.1.100.202309141235/tools/bin/../lib/gcc/arm-none-eabi/11.3.1/../../../../arm-none-eabi/lib/thumb/v8-m.main+fp/hard\libc_nano.a(libc_a-strcmp.o)
                0x0000000008000290                strcmp
 .text          0x00000000080002a4       0x10 C:/ST/STM32CubeIDE_1.14.0/STM32CubeIDE/plugins/com.st.stm32cube.ide.mcu.externaltools.gnu-tools-for-stm32.11.3.rel1.win32_1.1.100.202309141235/tools/bin/../lib/gcc/arm-none-eabi/11.3.1/../../../../arm-none-eabi/lib/thumb/v8-m.main+fp/hard\libc_nano.a(libc_a-strlen.o)
                0x00000000080002a4                strlen
 .text          0x00000000080002b4       0x30 C:/ST/STM32CubeIDE_1.14.0/STM32CubeIDE/plugins/com.st.stm32cube.ide.mcu.externaltools.gnu-tools-for-stm32.11.3.rel1.win32_1.1.100.202309141235/tools/bin/../lib/gcc/arm-none-eabi/11.3.1/thumb/v8-m.main+fp/hard\libgcc.a(_aeabi_uldivmod.o)
                0x00000000080002b4                __aeabi_uldivmod
 .text          0x00000000080002e4      0x2ec C:/ST/STM32CubeIDE_1.14.0/STM32CubeIDE/plugins/com.st.stm32cube.ide.mcu.externaltools.gnu-tools-for-stm32.11.3.rel1.win32_1.1.100.202309141235/tools/bin/../lib/gcc/arm-none-eabi/11.3.1/thumb/v8-m.main+fp/hard\libgcc.a(_udivmoddi4.o)
                0x00000000080002e4                __udivmoddi4
 .text          0x00000000080005d0        0x4 C:/ST/STM32CubeIDE_1.14.0/STM32CubeIDE/plugins/com.st.stm32cube.ide.mcu.externaltools.gnu-tools-for-stm32.11.3.rel1.win32_1.1.100.202309141235/tools/bin/../lib/gcc/arm-none-eabi/11.3.1/thumb/v8-m.main+fp/hard\libgcc.a(_dvmd_tls.o)
                0x00000000080005d0                __aeabi_idiv0
                0x00000000080005d0                __aeabi_ldiv0
 *(.text*)
 .text.AppMain  0x00000000080005d4       0x5c ./Core/App/src/AppMain.o
                0x00000000080005d4                AppMain
 .text.HAL_GPIO_EXTI_Rising_Callback
                0x0000000008000630       0x28 ./Core/App/src/AppMain.o
                0x0000000008000630                HAL_GPIO_EXTI_Rising_Callback
 .text.main     0x0000000008000658       0x2a ./Core/Src/main.o
                0x0000000008000658                main
 *fill*         0x0000000008000682        0x2 
 .text.SystemClock_Config
                0x0000000008000684       0xd4 ./Core/Src/main.o
                0x0000000008000684                SystemClock_Config
 .text.MX_FDCAN1_Init
                0x0000000008000758       0x8c ./Core/Src/main.o
 .text.MX_FLASH_Init
                0x00000000080007e4       0x24 ./Core/Src/main.o
 .text.MX_ICACHE_Init
                0x0000000008000808       0x16 ./Core/Src/main.o
 *fill*         0x000000000800081e        0x2 
 .text.MX_LPUART1_UART_Init
                0x0000000008000820       0x94 ./Core/Src/main.o
 .text.MX_USART3_UART_Init
                0x00000000080008b4       0x98 ./Core/Src/main.o
 .text.MX_GPIO_Init
                0x000000000800094c      0x1dc ./Core/Src/main.o
 .text.HAL_TIM_PeriodElapsedCallback
                0x0000000008000b28       0x24 ./Core/Src/main.o
                0x0000000008000b28                HAL_TIM_PeriodElapsedCallback
 .text.Error_Handler
                0x0000000008000b4c        0xa ./Core/Src/main.o
                0x0000000008000b4c                Error_Handler
 .text.HAL_MspInit
                0x0000000008000b56       0x14 ./Core/Src/stm32h5xx_hal_msp.o
                0x0000000008000b56                HAL_MspInit
 *fill*         0x0000000008000b6a        0x2 
 .text.HAL_UART_MspInit
                0x0000000008000b6c      0x2d4 ./Core/Src/stm32h5xx_hal_msp.o
                0x0000000008000b6c                HAL_UART_MspInit
 .text.HAL_InitTick
                0x0000000008000e40       0xec ./Core/Src/stm32h5xx_hal_timebase_tim.o
                0x0000000008000e40                HAL_InitTick
 .text.NMI_Handler
                0x0000000008000f2c        0x6 ./Core/Src/stm32h5xx_it.o
                0x0000000008000f2c                NMI_Handler
 .text.HardFault_Handler
                0x0000000008000f32        0x6 ./Core/Src/stm32h5xx_it.o
                0x0000000008000f32                HardFault_Handler
 .text.MemManage_Handler
                0x0000000008000f38        0x6 ./Core/Src/stm32h5xx_it.o
                0x0000000008000f38                MemManage_Handler
 .text.BusFault_Handler
                0x0000000008000f3e        0x6 ./Core/Src/stm32h5xx_it.o
                0x0000000008000f3e                BusFault_Handler
 .text.UsageFault_Handler
                0x0000000008000f44        0x6 ./Core/Src/stm32h5xx_it.o
                0x0000000008000f44                UsageFault_Handler
 .text.DebugMon_Handler
                0x0000000008000f4a        0xe ./Core/Src/stm32h5xx_it.o
                0x0000000008000f4a                DebugMon_Handler
 .text.EXTI13_IRQHandler
                0x0000000008000f58       0x10 ./Core/Src/stm32h5xx_it.o
                0x0000000008000f58                EXTI13_IRQHandler
 .text.TIM6_IRQHandler
                0x0000000008000f68       0x14 ./Core/Src/stm32h5xx_it.o
                0x0000000008000f68                TIM6_IRQHandler
 .text.USART2_IRQHandler
                0x0000000008000f7c       0x14 ./Core/Src/stm32h5xx_it.o
                0x0000000008000f7c                USART2_IRQHandler
 .text._sbrk    0x0000000008000f90       0x6c ./Core/Src/sysmem.o
                0x0000000008000f90                _sbrk
 .text.SystemInit
                0x0000000008000ffc       0xf8 ./Core/Src/system_stm32h5xx.o
                0x0000000008000ffc                SystemInit
 .text.Reset_Handler
                0x00000000080010f4       0x50 ./Core/Startup/startup_stm32h563zitx.o
                0x00000000080010f4                Reset_Handler
 .text.Default_Handler
                0x0000000008001144        0x2 ./Core/Startup/startup_stm32h563zitx.o
                0x0000000008001144                EXTI2_IRQHandler
                0x0000000008001144                TIM8_TRG_COM_IRQHandler
                0x0000000008001144                TIM8_CC_IRQHandler
                0x0000000008001144                EXTI5_IRQHandler
                0x0000000008001144                I3C1_ER_IRQHandler
                0x0000000008001144                UART8_IRQHandler
                0x0000000008001144                SPI4_IRQHandler
                0x0000000008001144                GPDMA2_Channel1_IRQHandler
                0x0000000008001144                FLASH_S_IRQHandler
                0x0000000008001144                TIM1_CC_IRQHandler
                0x0000000008001144                GPDMA2_Channel3_IRQHandler
                0x0000000008001144                TAMP_IRQHandler
                0x0000000008001144                EXTI12_IRQHandler
                0x0000000008001144                CORDIC_IRQHandler
                0x0000000008001144                USB_DRD_FS_IRQHandler
                0x0000000008001144                EXTI3_IRQHandler
                0x0000000008001144                LPTIM4_IRQHandler
                0x0000000008001144                GPDMA1_Channel5_IRQHandler
                0x0000000008001144                EXTI8_IRQHandler
                0x0000000008001144                GPDMA2_Channel5_IRQHandler
                0x0000000008001144                LPTIM2_IRQHandler
                0x0000000008001144                I2C3_ER_IRQHandler
                0x0000000008001144                GPDMA2_Channel2_IRQHandler
                0x0000000008001144                USART10_IRQHandler
                0x0000000008001144                LPTIM3_IRQHandler
                0x0000000008001144                EXTI0_IRQHandler
                0x0000000008001144                I2C2_EV_IRQHandler
                0x0000000008001144                FPU_IRQHandler
                0x0000000008001144                GPDMA1_Channel3_IRQHandler
                0x0000000008001144                GPDMA1_Channel7_IRQHandler
                0x0000000008001144                FDCAN1_IT1_IRQHandler
                0x0000000008001144                RAMCFG_IRQHandler
                0x0000000008001144                DCACHE1_IRQHandler
                0x0000000008001144                SPI1_IRQHandler
                0x0000000008001144                OCTOSPI1_IRQHandler
                0x0000000008001144                GPDMA1_Channel2_IRQHandler
                0x0000000008001144                TIM8_UP_IRQHandler
                0x0000000008001144                RCC_S_IRQHandler
                0x0000000008001144                SAI2_IRQHandler
                0x0000000008001144                ADC1_IRQHandler
                0x0000000008001144                USART6_IRQHandler
                0x0000000008001144                EXTI15_IRQHandler
                0x0000000008001144                TIM17_IRQHandler
                0x0000000008001144                USART3_IRQHandler
                0x0000000008001144                RTC_IRQHandler
                0x0000000008001144                EXTI9_IRQHandler
                0x0000000008001144                LPTIM5_IRQHandler
                0x0000000008001144                UART5_IRQHandler
                0x0000000008001144                TIM4_IRQHandler
                0x0000000008001144                I2C1_EV_IRQHandler
                0x0000000008001144                GPDMA1_Channel1_IRQHandler
                0x0000000008001144                TIM16_IRQHandler
                0x0000000008001144                UART4_IRQHandler
                0x0000000008001144                SecureFault_Handler
                0x0000000008001144                TIM3_IRQHandler
                0x0000000008001144                RCC_IRQHandler
                0x0000000008001144                UART9_IRQHandler
                0x0000000008001144                TIM1_TRG_COM_IRQHandler
                0x0000000008001144                Default_Handler
                0x0000000008001144                FMAC_IRQHandler
                0x0000000008001144                CEC_IRQHandler
                0x0000000008001144                USART11_IRQHandler
                0x0000000008001144                TIM14_IRQHandler
                0x0000000008001144                TIM13_IRQHandler
                0x0000000008001144                GPDMA2_Channel4_IRQHandler
                0x0000000008001144                SPI5_IRQHandler
                0x0000000008001144                TIM12_IRQHandler
                0x0000000008001144                TIM7_IRQHandler
                0x0000000008001144                SDMMC1_IRQHandler
                0x0000000008001144                TIM5_IRQHandler
                0x0000000008001144                UCPD1_IRQHandler
                0x0000000008001144                GPDMA1_Channel0_IRQHandler
                0x0000000008001144                I3C1_EV_IRQHandler
                0x0000000008001144                TIM15_IRQHandler
                0x0000000008001144                PVD_AVD_IRQHandler
                0x0000000008001144                I2C3_EV_IRQHandler
                0x0000000008001144                ETH_WKUP_IRQHandler
                0x0000000008001144                ADC2_IRQHandler
                0x0000000008001144                SPI2_IRQHandler
                0x0000000008001144                EXTI14_IRQHandler
                0x0000000008001144                EXTI11_IRQHandler
                0x0000000008001144                CRS_IRQHandler
                0x0000000008001144                EXTI4_IRQHandler
                0x0000000008001144                GPDMA2_Channel0_IRQHandler
                0x0000000008001144                RTC_S_IRQHandler
                0x0000000008001144                RNG_IRQHandler
                0x0000000008001144                FDCAN2_IT1_IRQHandler
                0x0000000008001144                ETH_IRQHandler
                0x0000000008001144                GPDMA2_Channel6_IRQHandler
                0x0000000008001144                TIM1_UP_IRQHandler
                0x0000000008001144                UART12_IRQHandler
                0x0000000008001144                WWDG_IRQHandler
                0x0000000008001144                SPI6_IRQHandler
                0x0000000008001144                I2C4_EV_IRQHandler
                0x0000000008001144                FDCAN2_IT0_IRQHandler
                0x0000000008001144                IWDG_IRQHandler
                0x0000000008001144                LPUART1_IRQHandler
                0x0000000008001144                TIM2_IRQHandler
                0x0000000008001144                GPDMA1_Channel4_IRQHandler
                0x0000000008001144                EXTI7_IRQHandler
                0x0000000008001144                TIM1_BRK_IRQHandler
                0x0000000008001144                EXTI1_IRQHandler
                0x0000000008001144                SDMMC2_IRQHandler
                0x0000000008001144                LPTIM6_IRQHandler
                0x0000000008001144                DAC1_IRQHandler
                0x0000000008001144                DTS_IRQHandler
                0x0000000008001144                UART7_IRQHandler
                0x0000000008001144                GTZC_IRQHandler
                0x0000000008001144                GPDMA1_Channel6_IRQHandler
                0x0000000008001144                GPDMA2_Channel7_IRQHandler
                0x0000000008001144                I2C2_ER_IRQHandler
                0x0000000008001144                TIM8_BRK_IRQHandler
                0x0000000008001144                FLASH_IRQHandler
                0x0000000008001144                USART1_IRQHandler
                0x0000000008001144                EXTI10_IRQHandler
                0x0000000008001144                SPI3_IRQHandler
                0x0000000008001144                I2C1_ER_IRQHandler
                0x0000000008001144                FMC_IRQHandler
                0x0000000008001144                EXTI6_IRQHandler
                0x0000000008001144                LPTIM1_IRQHandler
                0x0000000008001144                DCMI_PSSI_IRQHandler
                0x0000000008001144                I2C4_ER_IRQHandler
                0x0000000008001144                ICACHE_IRQHandler
                0x0000000008001144                SAI1_IRQHandler
                0x0000000008001144                HASH_IRQHandler
 *fill*         0x0000000008001146        0x2 
 .text.CAN_Init
                0x0000000008001148      0x108 ./Drivers/BSP/src/CAN.o
                0x0000000008001148                CAN_Init
 .text.CAN_Open
                0x0000000008001250      0x28c ./Drivers/BSP/src/CAN.o
                0x0000000008001250                CAN_Open
 .text.CAN_ConfigFilter
                0x00000000080014dc       0x98 ./Drivers/BSP/src/CAN.o
                0x00000000080014dc                CAN_ConfigFilter
 .text.CAN_MsgAvailable
                0x0000000008001574       0x38 ./Drivers/BSP/src/CAN.o
                0x0000000008001574                CAN_MsgAvailable
 .text.CAN_MsgRead
                0x00000000080015ac       0x44 ./Drivers/BSP/src/CAN.o
                0x00000000080015ac                CAN_MsgRead
 .text.CAN_RxFifoCallback
                0x00000000080015f0      0x150 ./Drivers/BSP/src/CAN.o
                0x00000000080015f0                CAN_RxFifoCallback
 .text.CAN_ErrUpdate
                0x0000000008001740      0x13c ./Drivers/BSP/src/CAN.o
 .text.HAL_FDCAN_ErrorStatusCallback
                0x000000000800187c       0x1e ./Drivers/BSP/src/CAN.o
                0x000000000800187c                HAL_FDCAN_ErrorStatusCallback
 *fill*         0x000000000800189a        0x2 
 .text.HAL_FDCAN_ErrorCallback
                0x000000000800189c       0x5c ./Drivers/BSP/src/CAN.o
                0x000000000800189c                HAL_FDCAN_ErrorCallback
 .text.FDCAN1_IT0_IRQHandler
                0x00000000080018f8       0x14 ./Drivers/BSP/src/CAN.o
                0x00000000080018f8                FDCAN1_IT0_IRQHandler
 .text.HAL_FDCAN_RxFifo0Callback
                0x000000000800190c       0x50 ./Drivers/BSP/src/CAN.o
                0x000000000800190c                HAL_FDCAN_RxFifo0Callback
 .text.HAL_FDCAN_MspInit
                0x000000000800195c      0x12c ./Drivers/BSP/src/CAN.o
                0x000000000800195c                HAL_FDCAN_MspInit
 .text.CLI_FDCANTest
                0x0000000008001a88      0x1f0 ./Drivers/BSP/src/CAN.o
 .text.Flash_Erase
                0x0000000008001c78       0xb4 ./Drivers/BSP/src/FLASH.o
                0x0000000008001c78                Flash_Erase
 .text.Flash_InSector
                0x0000000008001d2c       0x92 ./Drivers/BSP/src/FLASH.o
 .text.Flash_Write
                0x0000000008001dbe      0x164 ./Drivers/BSP/src/FLASH.o
                0x0000000008001dbe                Flash_Write
 .text.Flash_Read
                0x0000000008001f22       0x4a ./Drivers/BSP/src/FLASH.o
                0x0000000008001f22                Flash_Read
 .text.CLI_FlashTest
                0x0000000008001f6c      0x148 ./Drivers/BSP/src/FLASH.o
 .text.LED_Init
                0x00000000080020b4       0x24 ./Drivers/BSP/src/LED.o
                0x00000000080020b4                LED_Init
 .text.LED_OnOff
                0x00000000080020d8       0x90 ./Drivers/BSP/src/LED.o
                0x00000000080020d8                LED_OnOff
 .text.LED_SimpleAnimation
                0x0000000008002168       0x76 ./Drivers/BSP/src/LED.o
                0x0000000008002168                LED_SimpleAnimation
 .text.CLI_LEDTest
                0x00000000080021de       0x34 ./Drivers/BSP/src/LED.o
 *fill*         0x0000000008002212        0x2 
 .text.RESET_Init
                0x0000000008002214       0x90 ./Drivers/BSP/src/RESET.o
                0x0000000008002214                RESET_Init
 .text.RTC_ReadBackupReg
                0x00000000080022a4       0x20 ./Drivers/BSP/src/RTC.o
                0x00000000080022a4                RTC_ReadBackupReg
 .text.RTC_WriteBackupReg
                0x00000000080022c4       0x20 ./Drivers/BSP/src/RTC.o
                0x00000000080022c4                RTC_WriteBackupReg
 .text.UART_Init
                0x00000000080022e4      0x124 ./Drivers/BSP/src/UART.o
                0x00000000080022e4                UART_Init
 .text.IsUartConnected
                0x0000000008002408       0x20 ./Drivers/BSP/src/UART.o
                0x0000000008002408                IsUartConnected
 .text.UART_Write
                0x0000000008002428       0x54 ./Drivers/BSP/src/UART.o
                0x0000000008002428                UART_Write
 .text.HAL_UART_RxCpltCallback
                0x000000000800247c       0x50 ./Drivers/BSP/src/UART.o
                0x000000000800247c                HAL_UART_RxCpltCallback
 .text.svDebugRxChar
                0x00000000080024cc       0x24 ./Drivers/BSP/src/svDebug.o
                0x00000000080024cc                svDebugRxChar
 .text.svDebugProcess
                0x00000000080024f0       0x58 ./Drivers/BSP/src/svDebug.o
                0x00000000080024f0                svDebugProcess
 .text.svDebugCallback
                0x0000000008002548       0x58 ./Drivers/BSP/src/svDebug.o
                0x0000000008002548                svDebugCallback
 .text.svDebugInit
                0x00000000080025a0       0x44 ./Drivers/BSP/src/svDebug.o
                0x00000000080025a0                svDebugInit
 .text.svDebugPutChar
                0x00000000080025e4       0x24 ./Drivers/BSP/src/svDebug.o
                0x00000000080025e4                svDebugPutChar
 .text.svDebugMessage
                0x0000000008002608       0x3c ./Drivers/BSP/src/svDebug.o
                0x0000000008002608                svDebugMessage
 .text.GetElapsedTime
                0x0000000008002644       0x2e ./Drivers/BSP/src/svPlatform.o
                0x0000000008002644                GetElapsedTime
 *fill*         0x0000000008002672        0x2 
 .text.HAL_Init
                0x0000000008002674       0x4c ./Drivers/STM32H5xx_HAL_Driver/Src/stm32h5xx_hal.o
                0x0000000008002674                HAL_Init
 .text.HAL_IncTick
                0x00000000080026c0       0x28 ./Drivers/STM32H5xx_HAL_Driver/Src/stm32h5xx_hal.o
                0x00000000080026c0                HAL_IncTick
 .text.HAL_GetTick
                0x00000000080026e8       0x18 ./Drivers/STM32H5xx_HAL_Driver/Src/stm32h5xx_hal.o
                0x00000000080026e8                HAL_GetTick
 .text.HAL_Delay
                0x0000000008002700       0x48 ./Drivers/STM32H5xx_HAL_Driver/Src/stm32h5xx_hal.o
                0x0000000008002700                HAL_Delay
 .text.__NVIC_SetPriorityGrouping
                0x0000000008002748       0x48 ./Drivers/STM32H5xx_HAL_Driver/Src/stm32h5xx_hal_cortex.o
 .text.__NVIC_GetPriorityGrouping
                0x0000000008002790       0x1c ./Drivers/STM32H5xx_HAL_Driver/Src/stm32h5xx_hal_cortex.o
 .text.__NVIC_EnableIRQ
                0x00000000080027ac       0x3c ./Drivers/STM32H5xx_HAL_Driver/Src/stm32h5xx_hal_cortex.o
 .text.__NVIC_SetPriority
                0x00000000080027e8       0x54 ./Drivers/STM32H5xx_HAL_Driver/Src/stm32h5xx_hal_cortex.o
 .text.NVIC_EncodePriority
                0x000000000800283c       0x66 ./Drivers/STM32H5xx_HAL_Driver/Src/stm32h5xx_hal_cortex.o
 .text.HAL_NVIC_SetPriorityGrouping
                0x00000000080028a2       0x16 ./Drivers/STM32H5xx_HAL_Driver/Src/stm32h5xx_hal_cortex.o
                0x00000000080028a2                HAL_NVIC_SetPriorityGrouping
 .text.HAL_NVIC_SetPriority
                0x00000000080028b8       0x34 ./Drivers/STM32H5xx_HAL_Driver/Src/stm32h5xx_hal_cortex.o
                0x00000000080028b8                HAL_NVIC_SetPriority
 .text.HAL_NVIC_EnableIRQ
                0x00000000080028ec       0x1c ./Drivers/STM32H5xx_HAL_Driver/Src/stm32h5xx_hal_cortex.o
                0x00000000080028ec                HAL_NVIC_EnableIRQ
 .text.HAL_DMA_Abort
                0x0000000008002908       0xf8 ./Drivers/STM32H5xx_HAL_Driver/Src/stm32h5xx_hal_dma.o
                0x0000000008002908                HAL_DMA_Abort
 .text.HAL_DMA_Abort_IT
                0x0000000008002a00       0x52 ./Drivers/STM32H5xx_HAL_Driver/Src/stm32h5xx_hal_dma.o
                0x0000000008002a00                HAL_DMA_Abort_IT
 *fill*         0x0000000008002a52        0x2 
 .text.HAL_FDCAN_Init
                0x0000000008002a54      0x2b4 ./Drivers/STM32H5xx_HAL_Driver/Src/stm32h5xx_hal_fdcan.o
                0x0000000008002a54                HAL_FDCAN_Init
 .text.HAL_FDCAN_ConfigFilter
                0x0000000008002d08       0xb4 ./Drivers/STM32H5xx_HAL_Driver/Src/stm32h5xx_hal_fdcan.o
                0x0000000008002d08                HAL_FDCAN_ConfigFilter
 .text.HAL_FDCAN_ConfigGlobalFilter
                0x0000000008002dbc       0x62 ./Drivers/STM32H5xx_HAL_Driver/Src/stm32h5xx_hal_fdcan.o
                0x0000000008002dbc                HAL_FDCAN_ConfigGlobalFilter
 .text.HAL_FDCAN_ConfigTxDelayCompensation
                0x0000000008002e1e       0x44 ./Drivers/STM32H5xx_HAL_Driver/Src/stm32h5xx_hal_fdcan.o
                0x0000000008002e1e                HAL_FDCAN_ConfigTxDelayCompensation
 .text.HAL_FDCAN_EnableTxDelayCompensation
                0x0000000008002e62       0x42 ./Drivers/STM32H5xx_HAL_Driver/Src/stm32h5xx_hal_fdcan.o
                0x0000000008002e62                HAL_FDCAN_EnableTxDelayCompensation
 .text.HAL_FDCAN_Start
                0x0000000008002ea4       0x50 ./Drivers/STM32H5xx_HAL_Driver/Src/stm32h5xx_hal_fdcan.o
                0x0000000008002ea4                HAL_FDCAN_Start
 .text.HAL_FDCAN_GetRxMessage
                0x0000000008002ef4      0x210 ./Drivers/STM32H5xx_HAL_Driver/Src/stm32h5xx_hal_fdcan.o
                0x0000000008002ef4                HAL_FDCAN_GetRxMessage
 .text.HAL_FDCAN_GetProtocolStatus
                0x0000000008003104       0xa0 ./Drivers/STM32H5xx_HAL_Driver/Src/stm32h5xx_hal_fdcan.o
                0x0000000008003104                HAL_FDCAN_GetProtocolStatus
 .text.HAL_FDCAN_ActivateNotification
                0x00000000080031a4      0x1cc ./Drivers/STM32H5xx_HAL_Driver/Src/stm32h5xx_hal_fdcan.o
                0x00000000080031a4                HAL_FDCAN_ActivateNotification
 .text.HAL_FDCAN_IRQHandler
                0x0000000008003370      0x24a ./Drivers/STM32H5xx_HAL_Driver/Src/stm32h5xx_hal_fdcan.o
                0x0000000008003370                HAL_FDCAN_IRQHandler
 .text.HAL_FDCAN_TxEventFifoCallback
                0x00000000080035ba       0x16 ./Drivers/STM32H5xx_HAL_Driver/Src/stm32h5xx_hal_fdcan.o
                0x00000000080035ba                HAL_FDCAN_TxEventFifoCallback
 .text.HAL_FDCAN_RxFifo1Callback
                0x00000000080035d0       0x16 ./Drivers/STM32H5xx_HAL_Driver/Src/stm32h5xx_hal_fdcan.o
                0x00000000080035d0                HAL_FDCAN_RxFifo1Callback
 .text.HAL_FDCAN_TxFifoEmptyCallback
                0x00000000080035e6       0x14 ./Drivers/STM32H5xx_HAL_Driver/Src/stm32h5xx_hal_fdcan.o
                0x00000000080035e6                HAL_FDCAN_TxFifoEmptyCallback
 .text.HAL_FDCAN_TxBufferCompleteCallback
                0x00000000080035fa       0x16 ./Drivers/STM32H5xx_HAL_Driver/Src/stm32h5xx_hal_fdcan.o
                0x00000000080035fa                HAL_FDCAN_TxBufferCompleteCallback
 .text.HAL_FDCAN_TxBufferAbortCallback
                0x0000000008003610       0x16 ./Drivers/STM32H5xx_HAL_Driver/Src/stm32h5xx_hal_fdcan.o
                0x0000000008003610                HAL_FDCAN_TxBufferAbortCallback
 .text.HAL_FDCAN_TimestampWraparoundCallback
                0x0000000008003626       0x14 ./Drivers/STM32H5xx_HAL_Driver/Src/stm32h5xx_hal_fdcan.o
                0x0000000008003626                HAL_FDCAN_TimestampWraparoundCallback
 .text.HAL_FDCAN_TimeoutOccurredCallback
                0x000000000800363a       0x14 ./Drivers/STM32H5xx_HAL_Driver/Src/stm32h5xx_hal_fdcan.o
                0x000000000800363a                HAL_FDCAN_TimeoutOccurredCallback
 .text.HAL_FDCAN_HighPriorityMessageCallback
                0x000000000800364e       0x14 ./Drivers/STM32H5xx_HAL_Driver/Src/stm32h5xx_hal_fdcan.o
                0x000000000800364e                HAL_FDCAN_HighPriorityMessageCallback
 *fill*         0x0000000008003662        0x2 
 .text.FDCAN_CalcultateRamBlockAddresses
                0x0000000008003664       0xc4 ./Drivers/STM32H5xx_HAL_Driver/Src/stm32h5xx_hal_fdcan.o
 .text.HAL_FLASH_Program
                0x0000000008003728       0xf0 ./Drivers/STM32H5xx_HAL_Driver/Src/stm32h5xx_hal_flash.o
                0x0000000008003728                HAL_FLASH_Program
 .text.HAL_FLASH_Unlock
                0x0000000008003818       0x4c ./Drivers/STM32H5xx_HAL_Driver/Src/stm32h5xx_hal_flash.o
                0x0000000008003818                HAL_FLASH_Unlock
 .text.HAL_FLASH_Lock
                0x0000000008003864       0x38 ./Drivers/STM32H5xx_HAL_Driver/Src/stm32h5xx_hal_flash.o
                0x0000000008003864                HAL_FLASH_Lock
 .text.FLASH_WaitForLastOperation
                0x000000000800389c       0x9c ./Drivers/STM32H5xx_HAL_Driver/Src/stm32h5xx_hal_flash.o
                0x000000000800389c                FLASH_WaitForLastOperation
 .text.FLASH_Program_QuadWord
                0x0000000008003938       0x78 ./Drivers/STM32H5xx_HAL_Driver/Src/stm32h5xx_hal_flash.o
 .text.FLASH_Program_QuadWord_OBK
                0x00000000080039b0       0x98 ./Drivers/STM32H5xx_HAL_Driver/Src/stm32h5xx_hal_flash.o
 .text.FLASH_Program_HalfWord
                0x0000000008003a48       0x34 ./Drivers/STM32H5xx_HAL_Driver/Src/stm32h5xx_hal_flash.o
 .text.HAL_FLASHEx_Erase
                0x0000000008003a7c      0x100 ./Drivers/STM32H5xx_HAL_Driver/Src/stm32h5xx_hal_flash_ex.o
                0x0000000008003a7c                HAL_FLASHEx_Erase
 .text.FLASH_MassErase
                0x0000000008003b7c       0x70 ./Drivers/STM32H5xx_HAL_Driver/Src/stm32h5xx_hal_flash_ex.o
 .text.FLASH_Erase_Sector
                0x0000000008003bec       0x70 ./Drivers/STM32H5xx_HAL_Driver/Src/stm32h5xx_hal_flash_ex.o
                0x0000000008003bec                FLASH_Erase_Sector
 .text.FLASH_OBKErase
                0x0000000008003c5c       0x28 ./Drivers/STM32H5xx_HAL_Driver/Src/stm32h5xx_hal_flash_ex.o
 .text.HAL_GPIO_Init
                0x0000000008003c84      0x2a4 ./Drivers/STM32H5xx_HAL_Driver/Src/stm32h5xx_hal_gpio.o
                0x0000000008003c84                HAL_GPIO_Init
 .text.HAL_GPIO_WritePin
                0x0000000008003f28       0x30 ./Drivers/STM32H5xx_HAL_Driver/Src/stm32h5xx_hal_gpio.o
                0x0000000008003f28                HAL_GPIO_WritePin
 .text.HAL_GPIO_TogglePin
                0x0000000008003f58       0x34 ./Drivers/STM32H5xx_HAL_Driver/Src/stm32h5xx_hal_gpio.o
                0x0000000008003f58                HAL_GPIO_TogglePin
 .text.HAL_GPIO_EXTI_IRQHandler
                0x0000000008003f8c       0x4c ./Drivers/STM32H5xx_HAL_Driver/Src/stm32h5xx_hal_gpio.o
                0x0000000008003f8c                HAL_GPIO_EXTI_IRQHandler
 .text.HAL_GPIO_EXTI_Falling_Callback
                0x0000000008003fd8       0x16 ./Drivers/STM32H5xx_HAL_Driver/Src/stm32h5xx_hal_gpio.o
                0x0000000008003fd8                HAL_GPIO_EXTI_Falling_Callback
 *fill*         0x0000000008003fee        0x2 
 .text.HAL_ICACHE_Enable
                0x0000000008003ff0       0x20 ./Drivers/STM32H5xx_HAL_Driver/Src/stm32h5xx_hal_icache.o
                0x0000000008003ff0                HAL_ICACHE_Enable
 .text.HAL_RCC_OscConfig
                0x0000000008004010      0x870 ./Drivers/STM32H5xx_HAL_Driver/Src/stm32h5xx_hal_rcc.o
                0x0000000008004010                HAL_RCC_OscConfig
 .text.HAL_RCC_ClockConfig
                0x0000000008004880      0x370 ./Drivers/STM32H5xx_HAL_Driver/Src/stm32h5xx_hal_rcc.o
                0x0000000008004880                HAL_RCC_ClockConfig
 .text.HAL_RCC_GetSysClockFreq
                0x0000000008004bf0      0x258 ./Drivers/STM32H5xx_HAL_Driver/Src/stm32h5xx_hal_rcc.o
                0x0000000008004bf0                HAL_RCC_GetSysClockFreq
 .text.HAL_RCC_GetHCLKFreq
                0x0000000008004e48       0x38 ./Drivers/STM32H5xx_HAL_Driver/Src/stm32h5xx_hal_rcc.o
                0x0000000008004e48                HAL_RCC_GetHCLKFreq
 .text.HAL_RCC_GetPCLK1Freq
                0x0000000008004e80       0x2c ./Drivers/STM32H5xx_HAL_Driver/Src/stm32h5xx_hal_rcc.o
                0x0000000008004e80                HAL_RCC_GetPCLK1Freq
 .text.HAL_RCC_GetPCLK2Freq
                0x0000000008004eac       0x2c ./Drivers/STM32H5xx_HAL_Driver/Src/stm32h5xx_hal_rcc.o
                0x0000000008004eac                HAL_RCC_GetPCLK2Freq
 .text.HAL_RCC_GetPCLK3Freq
                0x0000000008004ed8       0x2c ./Drivers/STM32H5xx_HAL_Driver/Src/stm32h5xx_hal_rcc.o
                0x0000000008004ed8                HAL_RCC_GetPCLK3Freq
 .text.HAL_RCC_GetClockConfig
                0x0000000008004f04       0x70 ./Drivers/STM32H5xx_HAL_Driver/Src/stm32h5xx_hal_rcc.o
                0x0000000008004f04                HAL_RCC_GetClockConfig
 .text.HAL_RCCEx_PeriphCLKConfig
                0x0000000008004f74     0x1f14 ./Drivers/STM32H5xx_HAL_Driver/Src/stm32h5xx_hal_rcc_ex.o
                0x0000000008004f74                HAL_RCCEx_PeriphCLKConfig
 .text.HAL_RCCEx_GetPLL1ClockFreq
                0x0000000008006e88      0x2d4 ./Drivers/STM32H5xx_HAL_Driver/Src/stm32h5xx_hal_rcc_ex.o
                0x0000000008006e88                HAL_RCCEx_GetPLL1ClockFreq
 .text.HAL_RCCEx_GetPLL2ClockFreq
                0x000000000800715c      0x2d4 ./Drivers/STM32H5xx_HAL_Driver/Src/stm32h5xx_hal_rcc_ex.o
                0x000000000800715c                HAL_RCCEx_GetPLL2ClockFreq
 .text.HAL_RCCEx_GetPLL3ClockFreq
                0x0000000008007430      0x2d4 ./Drivers/STM32H5xx_HAL_Driver/Src/stm32h5xx_hal_rcc_ex.o
                0x0000000008007430                HAL_RCCEx_GetPLL3ClockFreq
 .text.HAL_RCCEx_GetPeriphCLKFreq
                0x0000000008007704     0x26b4 ./Drivers/STM32H5xx_HAL_Driver/Src/stm32h5xx_hal_rcc_ex.o
                0x0000000008007704                HAL_RCCEx_GetPeriphCLKFreq
 .text.RCCEx_PLL2_Config
                0x0000000008009db8      0x130 ./Drivers/STM32H5xx_HAL_Driver/Src/stm32h5xx_hal_rcc_ex.o
 .text.RCCEx_PLL3_Config
                0x0000000008009ee8      0x130 ./Drivers/STM32H5xx_HAL_Driver/Src/stm32h5xx_hal_rcc_ex.o
 .text.HAL_RTCEx_BKUPWrite
                0x000000000800a018       0x30 ./Drivers/STM32H5xx_HAL_Driver/Src/stm32h5xx_hal_rtc_ex.o
                0x000000000800a018                HAL_RTCEx_BKUPWrite
 .text.HAL_RTCEx_BKUPRead
                0x000000000800a048       0x2c ./Drivers/STM32H5xx_HAL_Driver/Src/stm32h5xx_hal_rtc_ex.o
                0x000000000800a048                HAL_RTCEx_BKUPRead
 .text.HAL_TIM_Base_Init
                0x000000000800a074       0xae ./Drivers/STM32H5xx_HAL_Driver/Src/stm32h5xx_hal_tim.o
                0x000000000800a074                HAL_TIM_Base_Init
 .text.HAL_TIM_Base_MspInit
                0x000000000800a122       0x14 ./Drivers/STM32H5xx_HAL_Driver/Src/stm32h5xx_hal_tim.o
                0x000000000800a122                HAL_TIM_Base_MspInit
 *fill*         0x000000000800a136        0x2 
 .text.HAL_TIM_Base_Start_IT
                0x000000000800a138      0x15c ./Drivers/STM32H5xx_HAL_Driver/Src/stm32h5xx_hal_tim.o
                0x000000000800a138                HAL_TIM_Base_Start_IT
 .text.HAL_TIM_IRQHandler
                0x000000000800a294      0x294 ./Drivers/STM32H5xx_HAL_Driver/Src/stm32h5xx_hal_tim.o
                0x000000000800a294                HAL_TIM_IRQHandler
 .text.HAL_TIM_OC_DelayElapsedCallback
                0x000000000800a528       0x14 ./Drivers/STM32H5xx_HAL_Driver/Src/stm32h5xx_hal_tim.o
                0x000000000800a528                HAL_TIM_OC_DelayElapsedCallback
 .text.HAL_TIM_IC_CaptureCallback
                0x000000000800a53c       0x14 ./Drivers/STM32H5xx_HAL_Driver/Src/stm32h5xx_hal_tim.o
                0x000000000800a53c                HAL_TIM_IC_CaptureCallback
 .text.HAL_TIM_PWM_PulseFinishedCallback
                0x000000000800a550       0x14 ./Drivers/STM32H5xx_HAL_Driver/Src/stm32h5xx_hal_tim.o
                0x000000000800a550                HAL_TIM_PWM_PulseFinishedCallback
 .text.HAL_TIM_TriggerCallback
                0x000000000800a564       0x14 ./Drivers/STM32H5xx_HAL_Driver/Src/stm32h5xx_hal_tim.o
                0x000000000800a564                HAL_TIM_TriggerCallback
 .text.TIM_Base_SetConfig
                0x000000000800a578      0x23c ./Drivers/STM32H5xx_HAL_Driver/Src/stm32h5xx_hal_tim.o
                0x000000000800a578                TIM_Base_SetConfig
 .text.HAL_TIMEx_CommutCallback
                0x000000000800a7b4       0x14 ./Drivers/STM32H5xx_HAL_Driver/Src/stm32h5xx_hal_tim_ex.o
                0x000000000800a7b4                HAL_TIMEx_CommutCallback
 .text.HAL_TIMEx_BreakCallback
                0x000000000800a7c8       0x14 ./Drivers/STM32H5xx_HAL_Driver/Src/stm32h5xx_hal_tim_ex.o
                0x000000000800a7c8                HAL_TIMEx_BreakCallback
 .text.HAL_TIMEx_Break2Callback
                0x000000000800a7dc       0x14 ./Drivers/STM32H5xx_HAL_Driver/Src/stm32h5xx_hal_tim_ex.o
                0x000000000800a7dc                HAL_TIMEx_Break2Callback
 .text.HAL_TIMEx_EncoderIndexCallback
                0x000000000800a7f0       0x14 ./Drivers/STM32H5xx_HAL_Driver/Src/stm32h5xx_hal_tim_ex.o
                0x000000000800a7f0                HAL_TIMEx_EncoderIndexCallback
 .text.HAL_TIMEx_DirectionChangeCallback
                0x000000000800a804       0x14 ./Drivers/STM32H5xx_HAL_Driver/Src/stm32h5xx_hal_tim_ex.o
                0x000000000800a804                HAL_TIMEx_DirectionChangeCallback
 .text.HAL_TIMEx_IndexErrorCallback
                0x000000000800a818       0x14 ./Drivers/STM32H5xx_HAL_Driver/Src/stm32h5xx_hal_tim_ex.o
                0x000000000800a818                HAL_TIMEx_IndexErrorCallback
 .text.HAL_TIMEx_TransitionErrorCallback
                0x000000000800a82c       0x14 ./Drivers/STM32H5xx_HAL_Driver/Src/stm32h5xx_hal_tim_ex.o
                0x000000000800a82c                HAL_TIMEx_TransitionErrorCallback
 .text.HAL_UART_Init
                0x000000000800a840       0xa0 ./Drivers/STM32H5xx_HAL_Driver/Src/stm32h5xx_hal_uart.o
                0x000000000800a840                HAL_UART_Init
 .text.HAL_UART_Transmit
                0x000000000800a8e0      0x13c ./Drivers/STM32H5xx_HAL_Driver/Src/stm32h5xx_hal_uart.o
                0x000000000800a8e0                HAL_UART_Transmit
 .text.HAL_UART_Receive_IT
                0x000000000800aa1c       0xc4 ./Drivers/STM32H5xx_HAL_Driver/Src/stm32h5xx_hal_uart.o
                0x000000000800aa1c                HAL_UART_Receive_IT
 .text.HAL_UART_IRQHandler
                0x000000000800aae0      0x5a8 ./Drivers/STM32H5xx_HAL_Driver/Src/stm32h5xx_hal_uart.o
                0x000000000800aae0                HAL_UART_IRQHandler
 .text.HAL_UART_TxCpltCallback
                0x000000000800b088       0x14 ./Drivers/STM32H5xx_HAL_Driver/Src/stm32h5xx_hal_uart.o
                0x000000000800b088                HAL_UART_TxCpltCallback
 .text.HAL_UART_ErrorCallback
                0x000000000800b09c       0x14 ./Drivers/STM32H5xx_HAL_Driver/Src/stm32h5xx_hal_uart.o
                0x000000000800b09c                HAL_UART_ErrorCallback
 .text.HAL_UARTEx_RxEventCallback
                0x000000000800b0b0       0x18 ./Drivers/STM32H5xx_HAL_Driver/Src/stm32h5xx_hal_uart.o
                0x000000000800b0b0                HAL_UARTEx_RxEventCallback
 .text.UART_SetConfig
                0x000000000800b0c8      0x3dc ./Drivers/STM32H5xx_HAL_Driver/Src/stm32h5xx_hal_uart.o
                0x000000000800b0c8                UART_SetConfig
 .text.UART_AdvFeatureConfig
                0x000000000800b4a4      0x144 ./Drivers/STM32H5xx_HAL_Driver/Src/stm32h5xx_hal_uart.o
                0x000000000800b4a4                UART_AdvFeatureConfig
 .text.UART_CheckIdleState
                0x000000000800b5e8      0x154 ./Drivers/STM32H5xx_HAL_Driver/Src/stm32h5xx_hal_uart.o
                0x000000000800b5e8                UART_CheckIdleState
 .text.UART_WaitOnFlagUntilTimeout
                0x000000000800b73c       0xce ./Drivers/STM32H5xx_HAL_Driver/Src/stm32h5xx_hal_uart.o
                0x000000000800b73c                UART_WaitOnFlagUntilTimeout
 *fill*         0x000000000800b80a        0x2 
 .text.UART_Start_Receive_IT
                0x000000000800b80c      0x244 ./Drivers/STM32H5xx_HAL_Driver/Src/stm32h5xx_hal_uart.o
                0x000000000800b80c                UART_Start_Receive_IT
 .text.UART_EndRxTransfer
                0x000000000800ba50       0xcc ./Drivers/STM32H5xx_HAL_Driver/Src/stm32h5xx_hal_uart.o
 .text.UART_DMAAbortOnError
                0x000000000800bb1c       0x2c ./Drivers/STM32H5xx_HAL_Driver/Src/stm32h5xx_hal_uart.o
 .text.UART_EndTransmit_IT
                0x000000000800bb48       0x56 ./Drivers/STM32H5xx_HAL_Driver/Src/stm32h5xx_hal_uart.o
 *fill*         0x000000000800bb9e        0x2 
 .text.UART_RxISR_8BIT
                0x000000000800bba0      0x1c4 ./Drivers/STM32H5xx_HAL_Driver/Src/stm32h5xx_hal_uart.o
 .text.UART_RxISR_16BIT
                0x000000000800bd64      0x1c4 ./Drivers/STM32H5xx_HAL_Driver/Src/stm32h5xx_hal_uart.o
 .text.UART_RxISR_8BIT_FIFOEN
                0x000000000800bf28      0x370 ./Drivers/STM32H5xx_HAL_Driver/Src/stm32h5xx_hal_uart.o
 .text.UART_RxISR_16BIT_FIFOEN
                0x000000000800c298      0x378 ./Drivers/STM32H5xx_HAL_Driver/Src/stm32h5xx_hal_uart.o
 .text.HAL_UARTEx_WakeupCallback
                0x000000000800c610       0x14 ./Drivers/STM32H5xx_HAL_Driver/Src/stm32h5xx_hal_uart_ex.o
                0x000000000800c610                HAL_UARTEx_WakeupCallback
 .text.HAL_UARTEx_RxFifoFullCallback
                0x000000000800c624       0x14 ./Drivers/STM32H5xx_HAL_Driver/Src/stm32h5xx_hal_uart_ex.o
                0x000000000800c624                HAL_UARTEx_RxFifoFullCallback
 .text.HAL_UARTEx_TxFifoEmptyCallback
                0x000000000800c638       0x14 ./Drivers/STM32H5xx_HAL_Driver/Src/stm32h5xx_hal_uart_ex.o
                0x000000000800c638                HAL_UARTEx_TxFifoEmptyCallback
 .text.HAL_UARTEx_DisableFifoMode
                0x000000000800c64c       0x72 ./Drivers/STM32H5xx_HAL_Driver/Src/stm32h5xx_hal_uart_ex.o
                0x000000000800c64c                HAL_UARTEx_DisableFifoMode
 .text.HAL_UARTEx_SetTxFifoThreshold
                0x000000000800c6be       0x7c ./Drivers/STM32H5xx_HAL_Driver/Src/stm32h5xx_hal_uart_ex.o
                0x000000000800c6be                HAL_UARTEx_SetTxFifoThreshold
 .text.HAL_UARTEx_SetRxFifoThreshold
                0x000000000800c73a       0x7c ./Drivers/STM32H5xx_HAL_Driver/Src/stm32h5xx_hal_uart_ex.o
                0x000000000800c73a                HAL_UARTEx_SetRxFifoThreshold
 *fill*         0x000000000800c7b6        0x2 
 .text.UARTEx_SetNbDataToProcess
                0x000000000800c7b8       0x9c ./Drivers/STM32H5xx_HAL_Driver/Src/stm32h5xx_hal_uart_ex.o
 .text.qbufferCreateBySize
                0x000000000800c854       0x3e ./Middlewares/Solvine/Utils/src/qbuffer.o
                0x000000000800c854                qbufferCreateBySize
 .text.qbufferWrite
                0x000000000800c892       0xb2 ./Middlewares/Solvine/Utils/src/qbuffer.o
                0x000000000800c892                qbufferWrite
 .text.qbufferRead
                0x000000000800c944       0xb0 ./Middlewares/Solvine/Utils/src/qbuffer.o
                0x000000000800c944                qbufferRead
 .text.qbufferPeekWrite
                0x000000000800c9f4       0x26 ./Middlewares/Solvine/Utils/src/qbuffer.o
                0x000000000800c9f4                qbufferPeekWrite
 .text.qbufferAvailable
                0x000000000800ca1a       0x30 ./Middlewares/Solvine/Utils/src/qbuffer.o
                0x000000000800ca1a                qbufferAvailable
 *fill*         0x000000000800ca4a        0x2 
 .text.svCLI_Init
                0x000000000800ca4c       0xa4 ./Middlewares/Solvine/Utils/src/svCLI.o
                0x000000000800ca4c                svCLI_Init
 .text.svCLI_Printf
                0x000000000800caf0       0x58 ./Middlewares/Solvine/Utils/src/svCLI.o
 .text.svCLI_ShowHelp
                0x000000000800cb48       0xe0 ./Middlewares/Solvine/Utils/src/svCLI.o
                0x000000000800cb48                svCLI_ShowHelp
 .text._strlenOffspace
                0x000000000800cc28       0x5a ./Middlewares/Solvine/Utils/src/svCLI.o
 .text._toLower
                0x000000000800cc82       0x2a ./Middlewares/Solvine/Utils/src/svCLI.o
 .text._isPrintable
                0x000000000800ccac       0x28 ./Middlewares/Solvine/Utils/src/svCLI.o
 .text._isHex   0x000000000800ccd4       0x40 ./Middlewares/Solvine/Utils/src/svCLI.o
 .text._fromHex
                0x000000000800cd14       0x56 ./Middlewares/Solvine/Utils/src/svCLI.o
 .text._strNoCaseCmp
                0x000000000800cd6a       0x6c ./Middlewares/Solvine/Utils/src/svCLI.o
 .text._svMemCpy
                0x000000000800cdd6       0x36 ./Middlewares/Solvine/Utils/src/svCLI.o
 .text._svClearLine
                0x000000000800ce0c       0x6c ./Middlewares/Solvine/Utils/src/svCLI.o
 .text.svCLIHandleHistory
                0x000000000800ce78      0x110 ./Middlewares/Solvine/Utils/src/svCLI.o
 .text.svCLI_Search
                0x000000000800cf88       0xb8 ./Middlewares/Solvine/Utils/src/svCLI.o
 .text.svCLI_ParseNumber
                0x000000000800d040       0xf6 ./Middlewares/Solvine/Utils/src/svCLI.o
                0x000000000800d040                svCLI_ParseNumber
 *fill*         0x000000000800d136        0x2 
 .text.svCLI_ParsenExecute
                0x000000000800d138      0x124 ./Middlewares/Solvine/Utils/src/svCLI.o
 .text.svCLI_SetBypassFtn
                0x000000000800d25c       0xec ./Middlewares/Solvine/Utils/src/svCLI.o
                0x000000000800d25c                svCLI_SetBypassFtn
 .text.svCLI_Handler
                0x000000000800d348      0x28c ./Middlewares/Solvine/Utils/src/svCLI.o
                0x000000000800d348                svCLI_Handler
 .text.CLI_Help
                0x000000000800d5d4       0x1a ./Middlewares/Solvine/Utils/src/svCLI.o
 .text.svRingBuffer_GetCount
                0x000000000800d5ee       0x44 ./Middlewares/Solvine/Utils/src/svRingBuffer.o
                0x000000000800d5ee                svRingBuffer_GetCount
 .text.svRingBuffer_Reset
                0x000000000800d632       0x30 ./Middlewares/Solvine/Utils/src/svRingBuffer.o
                0x000000000800d632                svRingBuffer_Reset
 .text.svRingBuffer_Push
                0x000000000800d662       0x68 ./Middlewares/Solvine/Utils/src/svRingBuffer.o
                0x000000000800d662                svRingBuffer_Push
 .text.svRingBuffer_Pop
                0x000000000800d6ca       0x3c ./Middlewares/Solvine/Utils/src/svRingBuffer.o
                0x000000000800d6ca                svRingBuffer_Pop
 *fill*         0x000000000800d706        0x2 
 .text.SysTick_Handler
                0x000000000800d708       0x20 ./Middlewares/Third_Party/FreeRTOS/Source/CMSIS_RTOS_V2/cmsis_os2.o
                0x000000000800d708                SysTick_Handler
 .text.xTaskIncrementTick
                0x000000000800d728      0x220 ./Middlewares/Third_Party/FreeRTOS/Source/tasks.o
                0x000000000800d728                xTaskIncrementTick
 .text.vTaskSwitchContext
                0x000000000800d948       0xa8 ./Middlewares/Third_Party/FreeRTOS/Source/tasks.o
                0x000000000800d948                vTaskSwitchContext
 .text.prvResetNextTaskUnblockTime
                0x000000000800d9f0       0x38 ./Middlewares/Third_Party/FreeRTOS/Source/tasks.o
 .text.xTaskGetSchedulerState
                0x000000000800da28       0x3c ./Middlewares/Third_Party/FreeRTOS/Source/tasks.o
                0x000000000800da28                xTaskGetSchedulerState
 .text.xPortSysTickHandler
                0x000000000800da64       0x30 ./Middlewares/Third_Party/FreeRTOS/Source/portable/GCC/ARM_CM33_NTZ/non_secure/port.o
                0x000000000800da64                xPortSysTickHandler
 .text.vPortSVCHandler_C
                0x000000000800da94       0x30 ./Middlewares/Third_Party/FreeRTOS/Source/portable/GCC/ARM_CM33_NTZ/non_secure/port.o
                0x000000000800da94                vPortSVCHandler_C
 *fill*         0x000000000800dac4        0xc 
 .text.vRestoreContextOfFirstTask
                0x000000000800dad0       0x38 ./Middlewares/Third_Party/FreeRTOS/Source/portable/GCC/ARM_CM33_NTZ/non_secure/portasm.o
                0x000000000800dad0                vRestoreContextOfFirstTask
 .text.ulSetInterruptMask
                0x000000000800db08       0x1a ./Middlewares/Third_Party/FreeRTOS/Source/portable/GCC/ARM_CM33_NTZ/non_secure/portasm.o
                0x000000000800db08                ulSetInterruptMask
 .text.vClearInterruptMask
                0x000000000800db22       0x10 ./Middlewares/Third_Party/FreeRTOS/Source/portable/GCC/ARM_CM33_NTZ/non_secure/portasm.o
                0x000000000800db22                vClearInterruptMask
 *fill*         0x000000000800db32        0xe 
 .text.PendSV_Handler
                0x000000000800db40       0x58 ./Middlewares/Third_Party/FreeRTOS/Source/portable/GCC/ARM_CM33_NTZ/non_secure/portasm.o
                0x000000000800db40                PendSV_Handler
 *fill*         0x000000000800db98        0x8 
 .text.SVC_Handler
                0x000000000800dba0       0x28 ./Middlewares/Third_Party/FreeRTOS/Source/portable/GCC/ARM_CM33_NTZ/non_secure/portasm.o
                0x000000000800dba0                SVC_Handler
 .text.lwrb_init
                0x000000000800dbc8       0x42 ./Middlewares/Third_Party/lwrb/src/lwrb.o
                0x000000000800dbc8                lwrb_init
 .text.lwrb_set_evt_fn
                0x000000000800dc0a       0x32 ./Middlewares/Third_Party/lwrb/src/lwrb.o
                0x000000000800dc0a                lwrb_set_evt_fn
 .text.lwrb_write
                0x000000000800dc3c       0xf2 ./Middlewares/Third_Party/lwrb/src/lwrb.o
                0x000000000800dc3c                lwrb_write
 .text.lwrb_get_free
                0x000000000800dd2e       0x6e ./Middlewares/Third_Party/lwrb/src/lwrb.o
                0x000000000800dd2e                lwrb_get_free
 .text.lwrb_get_full
                0x000000000800dd9c       0x6a ./Middlewares/Third_Party/lwrb/src/lwrb.o
                0x000000000800dd9c                lwrb_get_full
 .text.lwrb_get_linear_block_read_address
                0x000000000800de06       0x38 ./Middlewares/Third_Party/lwrb/src/lwrb.o
                0x000000000800de06                lwrb_get_linear_block_read_address
 .text.lwrb_get_linear_block_read_length
                0x000000000800de3e       0x66 ./Middlewares/Third_Party/lwrb/src/lwrb.o
                0x000000000800de3e                lwrb_get_linear_block_read_length
 .text.lwrb_skip
                0x000000000800dea4       0x6e ./Middlewares/Third_Party/lwrb/src/lwrb.o
                0x000000000800dea4                lwrb_skip
 *fill*         0x000000000800df12        0x2 
 .text.sbrk_aligned
                0x000000000800df14       0x40 C:/ST/STM32CubeIDE_1.14.0/STM32CubeIDE/plugins/com.st.stm32cube.ide.mcu.externaltools.gnu-tools-for-stm32.11.3.rel1.win32_1.1.100.202309141235/tools/bin/../lib/gcc/arm-none-eabi/11.3.1/../../../../arm-none-eabi/lib/thumb/v8-m.main+fp/hard\libc_nano.a(libc_a-mallocr.o)
 .text._malloc_r
                0x000000000800df54      0x100 C:/ST/STM32CubeIDE_1.14.0/STM32CubeIDE/plugins/com.st.stm32cube.ide.mcu.externaltools.gnu-tools-for-stm32.11.3.rel1.win32_1.1.100.202309141235/tools/bin/../lib/gcc/arm-none-eabi/11.3.1/../../../../arm-none-eabi/lib/thumb/v8-m.main+fp/hard\libc_nano.a(libc_a-mallocr.o)
                0x000000000800df54                _malloc_r
 .text.__malloc_lock
                0x000000000800e054        0xc C:/ST/STM32CubeIDE_1.14.0/STM32CubeIDE/plugins/com.st.stm32cube.ide.mcu.externaltools.gnu-tools-for-stm32.11.3.rel1.win32_1.1.100.202309141235/tools/bin/../lib/gcc/arm-none-eabi/11.3.1/../../../../arm-none-eabi/lib/thumb/v8-m.main+fp/hard\libc_nano.a(libc_a-mlock.o)
                0x000000000800e054                __malloc_lock
 .text.__malloc_unlock
                0x000000000800e060        0xc C:/ST/STM32CubeIDE_1.14.0/STM32CubeIDE/plugins/com.st.stm32cube.ide.mcu.externaltools.gnu-tools-for-stm32.11.3.rel1.win32_1.1.100.202309141235/tools/bin/../lib/gcc/arm-none-eabi/11.3.1/../../../../arm-none-eabi/lib/thumb/v8-m.main+fp/hard\libc_nano.a(libc_a-mlock.o)
                0x000000000800e060                __malloc_unlock
 .text._vsprintf_r
                0x000000000800e06c       0x2c C:/ST/STM32CubeIDE_1.14.0/STM32CubeIDE/plugins/com.st.stm32cube.ide.mcu.externaltools.gnu-tools-for-stm32.11.3.rel1.win32_1.1.100.202309141235/tools/bin/../lib/gcc/arm-none-eabi/11.3.1/../../../../arm-none-eabi/lib/thumb/v8-m.main+fp/hard\libc_nano.a(libc_a-vsprintf.o)
                0x000000000800e06c                _vsprintf_r
                0x000000000800e06c                _vsiprintf_r
 .text.vsprintf
                0x000000000800e098       0x14 C:/ST/STM32CubeIDE_1.14.0/STM32CubeIDE/plugins/com.st.stm32cube.ide.mcu.externaltools.gnu-tools-for-stm32.11.3.rel1.win32_1.1.100.202309141235/tools/bin/../lib/gcc/arm-none-eabi/11.3.1/../../../../arm-none-eabi/lib/thumb/v8-m.main+fp/hard\libc_nano.a(libc_a-vsprintf.o)
                0x000000000800e098                vsiprintf
                0x000000000800e098                vsprintf
 .text.memset   0x000000000800e0ac       0x10 C:/ST/STM32CubeIDE_1.14.0/STM32CubeIDE/plugins/com.st.stm32cube.ide.mcu.externaltools.gnu-tools-for-stm32.11.3.rel1.win32_1.1.100.202309141235/tools/bin/../lib/gcc/arm-none-eabi/11.3.1/../../../../arm-none-eabi/lib/thumb/v8-m.main+fp/hard\libc_nano.a(libc_a-memset.o)
                0x000000000800e0ac                memset
 .text.strncpy  0x000000000800e0bc       0x26 C:/ST/STM32CubeIDE_1.14.0/STM32CubeIDE/plugins/com.st.stm32cube.ide.mcu.externaltools.gnu-tools-for-stm32.11.3.rel1.win32_1.1.100.202309141235/tools/bin/../lib/gcc/arm-none-eabi/11.3.1/../../../../arm-none-eabi/lib/thumb/v8-m.main+fp/hard\libc_nano.a(libc_a-strncpy.o)
                0x000000000800e0bc                strncpy
 *fill*         0x000000000800e0e2        0x2 
 .text._sbrk_r  0x000000000800e0e4       0x20 C:/ST/STM32CubeIDE_1.14.0/STM32CubeIDE/plugins/com.st.stm32cube.ide.mcu.externaltools.gnu-tools-for-stm32.11.3.rel1.win32_1.1.100.202309141235/tools/bin/../lib/gcc/arm-none-eabi/11.3.1/../../../../arm-none-eabi/lib/thumb/v8-m.main+fp/hard\libc_nano.a(libc_a-sbrkr.o)
                0x000000000800e0e4                _sbrk_r
 .text.__errno  0x000000000800e104        0xc C:/ST/STM32CubeIDE_1.14.0/STM32CubeIDE/plugins/com.st.stm32cube.ide.mcu.externaltools.gnu-tools-for-stm32.11.3.rel1.win32_1.1.100.202309141235/tools/bin/../lib/gcc/arm-none-eabi/11.3.1/../../../../arm-none-eabi/lib/thumb/v8-m.main+fp/hard\libc_nano.a(libc_a-errno.o)
                0x000000000800e104                __errno
 .text.__libc_init_array
                0x000000000800e110       0x48 C:/ST/STM32CubeIDE_1.14.0/STM32CubeIDE/plugins/com.st.stm32cube.ide.mcu.externaltools.gnu-tools-for-stm32.11.3.rel1.win32_1.1.100.202309141235/tools/bin/../lib/gcc/arm-none-eabi/11.3.1/../../../../arm-none-eabi/lib/thumb/v8-m.main+fp/hard\libc_nano.a(libc_a-init.o)
                0x000000000800e110                __libc_init_array
 .text.__retarget_lock_acquire_recursive
                0x000000000800e158        0x2 C:/ST/STM32CubeIDE_1.14.0/STM32CubeIDE/plugins/com.st.stm32cube.ide.mcu.externaltools.gnu-tools-for-stm32.11.3.rel1.win32_1.1.100.202309141235/tools/bin/../lib/gcc/arm-none-eabi/11.3.1/../../../../arm-none-eabi/lib/thumb/v8-m.main+fp/hard\libc_nano.a(libc_a-lock.o)
                0x000000000800e158                __retarget_lock_acquire_recursive
 .text.__retarget_lock_release_recursive
                0x000000000800e15a        0x2 C:/ST/STM32CubeIDE_1.14.0/STM32CubeIDE/plugins/com.st.stm32cube.ide.mcu.externaltools.gnu-tools-for-stm32.11.3.rel1.win32_1.1.100.202309141235/tools/bin/../lib/gcc/arm-none-eabi/11.3.1/../../../../arm-none-eabi/lib/thumb/v8-m.main+fp/hard\libc_nano.a(libc_a-lock.o)
                0x000000000800e15a                __retarget_lock_release_recursive
 .text.memcpy   0x000000000800e15c       0x1a C:/ST/STM32CubeIDE_1.14.0/STM32CubeIDE/plugins/com.st.stm32cube.ide.mcu.externaltools.gnu-tools-for-stm32.11.3.rel1.win32_1.1.100.202309141235/tools/bin/../lib/gcc/arm-none-eabi/11.3.1/../../../../arm-none-eabi/lib/thumb/v8-m.main+fp/hard\libc_nano.a(libc_a-memcpy-stub.o)
                0x000000000800e15c                memcpy
 *fill*         0x000000000800e176        0x2 
 .text._free_r  0x000000000800e178       0x98 C:/ST/STM32CubeIDE_1.14.0/STM32CubeIDE/plugins/com.st.stm32cube.ide.mcu.externaltools.gnu-tools-for-stm32.11.3.rel1.win32_1.1.100.202309141235/tools/bin/../lib/gcc/arm-none-eabi/11.3.1/../../../../arm-none-eabi/lib/thumb/v8-m.main+fp/hard\libc_nano.a(libc_a-freer.o)
                0x000000000800e178                _free_r
 .text.__ssputs_r
                0x000000000800e210       0xb4 C:/ST/STM32CubeIDE_1.14.0/STM32CubeIDE/plugins/com.st.stm32cube.ide.mcu.externaltools.gnu-tools-for-stm32.11.3.rel1.win32_1.1.100.202309141235/tools/bin/../lib/gcc/arm-none-eabi/11.3.1/../../../../arm-none-eabi/lib/thumb/v8-m.main+fp/hard\libc_nano.a(libc_a-nano-svfprintf.o)
                0x000000000800e210                __ssputs_r
 .text._svfprintf_r
                0x000000000800e2c4      0x1fc C:/ST/STM32CubeIDE_1.14.0/STM32CubeIDE/plugins/com.st.stm32cube.ide.mcu.externaltools.gnu-tools-for-stm32.11.3.rel1.win32_1.1.100.202309141235/tools/bin/../lib/gcc/arm-none-eabi/11.3.1/../../../../arm-none-eabi/lib/thumb/v8-m.main+fp/hard\libc_nano.a(libc_a-nano-svfprintf.o)
                0x000000000800e2c4                _svfiprintf_r
                0x000000000800e2c4                _svfprintf_r
 .text._printf_common
                0x000000000800e4c0       0xe4 C:/ST/STM32CubeIDE_1.14.0/STM32CubeIDE/plugins/com.st.stm32cube.ide.mcu.externaltools.gnu-tools-for-stm32.11.3.rel1.win32_1.1.100.202309141235/tools/bin/../lib/gcc/arm-none-eabi/11.3.1/../../../../arm-none-eabi/lib/thumb/v8-m.main+fp/hard\libc_nano.a(libc_a-nano-vfprintf_i.o)
                0x000000000800e4c0                _printf_common
 .text._printf_i
                0x000000000800e5a4      0x240 C:/ST/STM32CubeIDE_1.14.0/STM32CubeIDE/plugins/com.st.stm32cube.ide.mcu.externaltools.gnu-tools-for-stm32.11.3.rel1.win32_1.1.100.202309141235/tools/bin/../lib/gcc/arm-none-eabi/11.3.1/../../../../arm-none-eabi/lib/thumb/v8-m.main+fp/hard\libc_nano.a(libc_a-nano-vfprintf_i.o)
                0x000000000800e5a4                _printf_i
 .text.memmove  0x000000000800e7e4       0x34 C:/ST/STM32CubeIDE_1.14.0/STM32CubeIDE/plugins/com.st.stm32cube.ide.mcu.externaltools.gnu-tools-for-stm32.11.3.rel1.win32_1.1.100.202309141235/tools/bin/../lib/gcc/arm-none-eabi/11.3.1/../../../../arm-none-eabi/lib/thumb/v8-m.main+fp/hard\libc_nano.a(libc_a-memmove.o)
                0x000000000800e7e4                memmove
 .text.memchr   0x000000000800e818       0x1c C:/ST/STM32CubeIDE_1.14.0/STM32CubeIDE/plugins/com.st.stm32cube.ide.mcu.externaltools.gnu-tools-for-stm32.11.3.rel1.win32_1.1.100.202309141235/tools/bin/../lib/gcc/arm-none-eabi/11.3.1/../../../../arm-none-eabi/lib/thumb/v8-m.main+fp/hard\libc_nano.a(libc_a-memchr-stub.o)
                0x000000000800e818                memchr
 .text._realloc_r
                0x000000000800e834       0x5e C:/ST/STM32CubeIDE_1.14.0/STM32CubeIDE/plugins/com.st.stm32cube.ide.mcu.externaltools.gnu-tools-for-stm32.11.3.rel1.win32_1.1.100.202309141235/tools/bin/../lib/gcc/arm-none-eabi/11.3.1/../../../../arm-none-eabi/lib/thumb/v8-m.main+fp/hard\libc_nano.a(libc_a-reallocr.o)
                0x000000000800e834                _realloc_r
 .text._malloc_usable_size_r
                0x000000000800e892       0x10 C:/ST/STM32CubeIDE_1.14.0/STM32CubeIDE/plugins/com.st.stm32cube.ide.mcu.externaltools.gnu-tools-for-stm32.11.3.rel1.win32_1.1.100.202309141235/tools/bin/../lib/gcc/arm-none-eabi/11.3.1/../../../../arm-none-eabi/lib/thumb/v8-m.main+fp/hard\libc_nano.a(libc_a-msizer.o)
                0x000000000800e892                _malloc_usable_size_r
 *(.glue_7)
 .glue_7        0x000000000800e8a2        0x0 linker stubs
 *(.glue_7t)
 .glue_7t       0x000000000800e8a2        0x0 linker stubs
 *(.eh_frame)
 *fill*         0x000000000800e8a2        0x2 
 .eh_frame      0x000000000800e8a4        0x0 C:/ST/STM32CubeIDE_1.14.0/STM32CubeIDE/plugins/com.st.stm32cube.ide.mcu.externaltools.gnu-tools-for-stm32.11.3.rel1.win32_1.1.100.202309141235/tools/bin/../lib/gcc/arm-none-eabi/11.3.1/thumb/v8-m.main+fp/hard/crtbegin.o
 *(.init)
 .init          0x000000000800e8a4        0x4 C:/ST/STM32CubeIDE_1.14.0/STM32CubeIDE/plugins/com.st.stm32cube.ide.mcu.externaltools.gnu-tools-for-stm32.11.3.rel1.win32_1.1.100.202309141235/tools/bin/../lib/gcc/arm-none-eabi/11.3.1/thumb/v8-m.main+fp/hard/crti.o
                0x000000000800e8a4                _init
 .init          0x000000000800e8a8        0x8 C:/ST/STM32CubeIDE_1.14.0/STM32CubeIDE/plugins/com.st.stm32cube.ide.mcu.externaltools.gnu-tools-for-stm32.11.3.rel1.win32_1.1.100.202309141235/tools/bin/../lib/gcc/arm-none-eabi/11.3.1/thumb/v8-m.main+fp/hard/crtn.o
 *(.fini)
 .fini          0x000000000800e8b0        0x4 C:/ST/STM32CubeIDE_1.14.0/STM32CubeIDE/plugins/com.st.stm32cube.ide.mcu.externaltools.gnu-tools-for-stm32.11.3.rel1.win32_1.1.100.202309141235/tools/bin/../lib/gcc/arm-none-eabi/11.3.1/thumb/v8-m.main+fp/hard/crti.o
                0x000000000800e8b0                _fini
 .fini          0x000000000800e8b4        0x8 C:/ST/STM32CubeIDE_1.14.0/STM32CubeIDE/plugins/com.st.stm32cube.ide.mcu.externaltools.gnu-tools-for-stm32.11.3.rel1.win32_1.1.100.202309141235/tools/bin/../lib/gcc/arm-none-eabi/11.3.1/thumb/v8-m.main+fp/hard/crtn.o
                0x000000000800e8bc                . = ALIGN (0x4)
                0x000000000800e8bc                _etext = .

.vfp11_veneer   0x000000000800e8bc        0x0
 .vfp11_veneer  0x000000000800e8bc        0x0 linker stubs

.v4_bx          0x000000000800e8bc        0x0
 .v4_bx         0x000000000800e8bc        0x0 linker stubs

.iplt           0x000000000800e8bc        0x0
 .iplt          0x000000000800e8bc        0x0 C:/ST/STM32CubeIDE_1.14.0/STM32CubeIDE/plugins/com.st.stm32cube.ide.mcu.externaltools.gnu-tools-for-stm32.11.3.rel1.win32_1.1.100.202309141235/tools/bin/../lib/gcc/arm-none-eabi/11.3.1/thumb/v8-m.main+fp/hard/crtbegin.o

.Table4CLI      0x000000000800e8bc       0x30
                0x000000000800e8bc                . = ALIGN (0x4)
                0x000000000800e8bc                Table4CLI_start = .
 *(.Table4CLI)
 .Table4CLI     0x000000000800e8bc        0xc ./Drivers/BSP/src/CAN.o
                0x000000000800e8bc                _SVCLI_ENTRY_CAN_TEST
 .Table4CLI     0x000000000800e8c8        0xc ./Drivers/BSP/src/FLASH.o
                0x000000000800e8c8                _SVCLI_ENTRY_FLASH_TEST
 .Table4CLI     0x000000000800e8d4        0xc ./Drivers/BSP/src/LED.o
                0x000000000800e8d4                _SVCLI_ENTRY_LED_TEST
 .Table4CLI     0x000000000800e8e0        0xc ./Middlewares/Solvine/Utils/src/svCLI.o
                0x000000000800e8e0                _SVCLI_ENTRY_HELP
                0x000000000800e8ec                Table4CLI_end = .

.rodata         0x000000000800e8ec      0x518
                0x000000000800e8ec                . = ALIGN (0x4)
 *(.rodata)
 .rodata        0x000000000800e8ec       0x17 ./Core/App/src/AppMain.o
 *fill*         0x000000000800e903        0x1 
 .rodata        0x000000000800e904      0x132 ./Drivers/BSP/src/CAN.o
 *fill*         0x000000000800ea36        0x2 
 .rodata        0x000000000800ea38       0xf2 ./Drivers/BSP/src/FLASH.o
 *fill*         0x000000000800eb2a        0x2 
 .rodata        0x000000000800eb2c       0x18 ./Drivers/BSP/src/LED.o
 .rodata        0x000000000800eb44      0x111 ./Middlewares/Solvine/Utils/src/svCLI.o
 *(.rodata*)
 *fill*         0x000000000800ec55        0x3 
 .rodata.AHBPrescTable
                0x000000000800ec58       0x10 ./Core/Src/system_stm32h5xx.o
                0x000000000800ec58                AHBPrescTable
 .rodata.APBPrescTable
                0x000000000800ec68        0x8 ./Core/Src/system_stm32h5xx.o
                0x000000000800ec68                APBPrescTable
 .rodata.can_baud_cfg_80m_normal
                0x000000000800ec70       0x50 ./Drivers/BSP/src/CAN.o
                0x000000000800ec70                can_baud_cfg_80m_normal
 .rodata.can_baud_cfg_80m_data
                0x000000000800ecc0       0x80 ./Drivers/BSP/src/CAN.o
                0x000000000800ecc0                can_baud_cfg_80m_data
 .rodata.dlc_len_tbl
                0x000000000800ed40       0x40 ./Drivers/BSP/src/CAN.o
                0x000000000800ed40                dlc_len_tbl
 .rodata.frame_tbl
                0x000000000800ed80        0xc ./Drivers/BSP/src/CAN.o
 .rodata.mode_tbl
                0x000000000800ed8c        0xc ./Drivers/BSP/src/CAN.o
 .rodata.DLCtoBytes
                0x000000000800ed98       0x10 ./Drivers/STM32H5xx_HAL_Driver/Src/stm32h5xx_hal_fdcan.o
 .rodata.UARTPrescTable
                0x000000000800eda8       0x18 ./Drivers/STM32H5xx_HAL_Driver/Src/stm32h5xx_hal_uart.o
                0x000000000800eda8                UARTPrescTable
 .rodata.numerator.1
                0x000000000800edc0        0x8 ./Drivers/STM32H5xx_HAL_Driver/Src/stm32h5xx_hal_uart_ex.o
 .rodata.denominator.0
                0x000000000800edc8        0x8 ./Drivers/STM32H5xx_HAL_Driver/Src/stm32h5xx_hal_uart_ex.o
 .rodata._svfprintf_r.str1.1
                0x000000000800edd0       0x11 C:/ST/STM32CubeIDE_1.14.0/STM32CubeIDE/plugins/com.st.stm32cube.ide.mcu.externaltools.gnu-tools-for-stm32.11.3.rel1.win32_1.1.100.202309141235/tools/bin/../lib/gcc/arm-none-eabi/11.3.1/../../../../arm-none-eabi/lib/thumb/v8-m.main+fp/hard\libc_nano.a(libc_a-nano-svfprintf.o)
 .rodata._printf_i.str1.1
                0x000000000800ede1       0x22 C:/ST/STM32CubeIDE_1.14.0/STM32CubeIDE/plugins/com.st.stm32cube.ide.mcu.externaltools.gnu-tools-for-stm32.11.3.rel1.win32_1.1.100.202309141235/tools/bin/../lib/gcc/arm-none-eabi/11.3.1/../../../../arm-none-eabi/lib/thumb/v8-m.main+fp/hard\libc_nano.a(libc_a-nano-vfprintf_i.o)
                0x000000000800ee04                . = ALIGN (0x4)
 *fill*         0x000000000800ee03        0x1 

.ARM.extab      0x000000000800ee04        0x0
                0x000000000800ee04                . = ALIGN (0x4)
 *(.ARM.extab* .gnu.linkonce.armextab.*)
                0x000000000800ee04                . = ALIGN (0x4)

.ARM            0x000000000800ee04        0x8
                0x000000000800ee04                . = ALIGN (0x4)
                0x000000000800ee04                __exidx_start = .
 *(.ARM.exidx*)
 .ARM.exidx     0x000000000800ee04        0x8 C:/ST/STM32CubeIDE_1.14.0/STM32CubeIDE/plugins/com.st.stm32cube.ide.mcu.externaltools.gnu-tools-for-stm32.11.3.rel1.win32_1.1.100.202309141235/tools/bin/../lib/gcc/arm-none-eabi/11.3.1/thumb/v8-m.main+fp/hard\libgcc.a(_udivmoddi4.o)
                0x000000000800ee0c                __exidx_end = .
                0x000000000800ee0c                . = ALIGN (0x4)

.rel.dyn        0x000000000800ee0c        0x0
 .rel.iplt      0x000000000800ee0c        0x0 C:/ST/STM32CubeIDE_1.14.0/STM32CubeIDE/plugins/com.st.stm32cube.ide.mcu.externaltools.gnu-tools-for-stm32.11.3.rel1.win32_1.1.100.202309141235/tools/bin/../lib/gcc/arm-none-eabi/11.3.1/thumb/v8-m.main+fp/hard/crtbegin.o

.preinit_array  0x000000000800ee0c        0x0
                0x000000000800ee0c                . = ALIGN (0x4)
                0x000000000800ee0c                PROVIDE (__preinit_array_start = .)
 *(.preinit_array*)
                0x000000000800ee0c                PROVIDE (__preinit_array_end = .)
                0x000000000800ee0c                . = ALIGN (0x4)

.init_array     0x000000000800ee0c        0x4
                0x000000000800ee0c                . = ALIGN (0x4)
                0x000000000800ee0c                PROVIDE (__init_array_start = .)
 *(SORT_BY_NAME(.init_array.*))
 *(.init_array*)
 .init_array    0x000000000800ee0c        0x4 C:/ST/STM32CubeIDE_1.14.0/STM32CubeIDE/plugins/com.st.stm32cube.ide.mcu.externaltools.gnu-tools-for-stm32.11.3.rel1.win32_1.1.100.202309141235/tools/bin/../lib/gcc/arm-none-eabi/11.3.1/thumb/v8-m.main+fp/hard/crtbegin.o
                0x000000000800ee10                PROVIDE (__init_array_end = .)
                0x000000000800ee10                . = ALIGN (0x4)

.fini_array     0x000000000800ee10        0x4
                0x000000000800ee10                . = ALIGN (0x4)
                [!provide]                        PROVIDE (__fini_array_start = .)
 *(SORT_BY_NAME(.fini_array.*))
 *(.fini_array*)
 .fini_array    0x000000000800ee10        0x4 C:/ST/STM32CubeIDE_1.14.0/STM32CubeIDE/plugins/com.st.stm32cube.ide.mcu.externaltools.gnu-tools-for-stm32.11.3.rel1.win32_1.1.100.202309141235/tools/bin/../lib/gcc/arm-none-eabi/11.3.1/thumb/v8-m.main+fp/hard/crtbegin.o
                [!provide]                        PROVIDE (__fini_array_end = .)
                0x000000000800ee14                . = ALIGN (0x4)
                0x000000000800ee14                _sidata = LOADADDR (.data)

.data           0x0000000020000000       0xb4 load address 0x000000000800ee14
                0x0000000020000000                . = ALIGN (0x4)
                0x0000000020000000                _sdata = .
 *(.data)
 *(.data*)
 .data.SystemCoreClock
                0x0000000020000000        0x4 ./Core/Src/system_stm32h5xx.o
                0x0000000020000000                SystemCoreClock
 .data.p_baud_normal
                0x0000000020000004        0x4 ./Drivers/BSP/src/CAN.o
                0x0000000020000004                p_baud_normal
 .data.p_baud_data
                0x0000000020000008        0x4 ./Drivers/BSP/src/CAN.o
                0x0000000020000008                p_baud_data
 .data.g_rbDebugRx
                0x000000002000000c       0x1c ./Drivers/BSP/src/svDebug.o
                0x000000002000000c                g_rbDebugRx
 .data.g_DebugMsgLevel
                0x0000000020000028        0x4 ./Drivers/BSP/src/svDebug.o
                0x0000000020000028                g_DebugMsgLevel
 .data.uwTickPrio
                0x000000002000002c        0x4 ./Drivers/STM32H5xx_HAL_Driver/Src/stm32h5xx_hal.o
                0x000000002000002c                uwTickPrio
 .data.uwTickFreq
                0x0000000020000030        0x1 ./Drivers/STM32H5xx_HAL_Driver/Src/stm32h5xx_hal.o
                0x0000000020000030                uwTickFreq
 *fill*         0x0000000020000031        0x3 
 .data.pFlash   0x0000000020000034       0x1c ./Drivers/STM32H5xx_HAL_Driver/Src/stm32h5xx_hal_flash.o
                0x0000000020000034                pFlash
 .data.s_bPwdOK
                0x0000000020000050        0x4 ./Middlewares/Solvine/Utils/src/svCLI.o
 .data.szCLI_PROMPT
                0x0000000020000054        0xa ./Middlewares/Solvine/Utils/src/svCLI.o
 *fill*         0x000000002000005e        0x2 
 .data.snCLI_PROMPT_LENGTH
                0x0000000020000060        0x4 ./Middlewares/Solvine/Utils/src/svCLI.o
 .data._impure_data
                0x0000000020000064       0x4c C:/ST/STM32CubeIDE_1.14.0/STM32CubeIDE/plugins/com.st.stm32cube.ide.mcu.externaltools.gnu-tools-for-stm32.11.3.rel1.win32_1.1.100.202309141235/tools/bin/../lib/gcc/arm-none-eabi/11.3.1/../../../../arm-none-eabi/lib/thumb/v8-m.main+fp/hard\libc_nano.a(libc_a-impure.o)
                0x0000000020000064                _impure_data
 .data._impure_ptr
                0x00000000200000b0        0x4 C:/ST/STM32CubeIDE_1.14.0/STM32CubeIDE/plugins/com.st.stm32cube.ide.mcu.externaltools.gnu-tools-for-stm32.11.3.rel1.win32_1.1.100.202309141235/tools/bin/../lib/gcc/arm-none-eabi/11.3.1/../../../../arm-none-eabi/lib/thumb/v8-m.main+fp/hard\libc_nano.a(libc_a-impure.o)
                0x00000000200000b0                _impure_ptr
 *(.RamFunc)
 *(.RamFunc*)
                0x00000000200000b4                . = ALIGN (0x4)
                0x00000000200000b4                _edata = .

.igot.plt       0x00000000200000b4        0x0 load address 0x000000000800eec8
 .igot.plt      0x00000000200000b4        0x0 C:/ST/STM32CubeIDE_1.14.0/STM32CubeIDE/plugins/com.st.stm32cube.ide.mcu.externaltools.gnu-tools-for-stm32.11.3.rel1.win32_1.1.100.202309141235/tools/bin/../lib/gcc/arm-none-eabi/11.3.1/thumb/v8-m.main+fp/hard/crtbegin.o
                0x00000000200000b4                . = ALIGN (0x4)

.bss            0x00000000200000b4     0x1464 load address 0x000000000800eec8
                0x00000000200000b4                _sbss = .
                0x00000000200000b4                __bss_start__ = _sbss
 *(.bss)
 .bss           0x00000000200000b4       0x1c C:/ST/STM32CubeIDE_1.14.0/STM32CubeIDE/plugins/com.st.stm32cube.ide.mcu.externaltools.gnu-tools-for-stm32.11.3.rel1.win32_1.1.100.202309141235/tools/bin/../lib/gcc/arm-none-eabi/11.3.1/thumb/v8-m.main+fp/hard/crtbegin.o
 *(.bss*)
 .bss.hfdcan1   0x00000000200000d0       0x64 ./Core/Src/main.o
                0x00000000200000d0                hfdcan1
 .bss.hlpuart1  0x0000000020000134       0x94 ./Core/Src/main.o
                0x0000000020000134                hlpuart1
 .bss.huart3    0x00000000200001c8       0x94 ./Core/Src/main.o
                0x00000000200001c8                huart3
 .bss.htim6     0x000000002000025c       0x4c ./Core/Src/stm32h5xx_hal_timebase_tim.o
                0x000000002000025c                htim6
 .bss.__sbrk_heap_end
                0x00000000200002a8        0x4 ./Core/Src/sysmem.o
 .bss.can_tbl   0x00000000200002ac      0x56c ./Drivers/BSP/src/CAN.o
 .bss.err_int_cnt
                0x0000000020000818        0x4 ./Drivers/BSP/src/CAN.o
 .bss.s_bLEDInit
                0x000000002000081c        0x4 ./Drivers/BSP/src/LED.o
 .bss.s_bLEDEnable
                0x0000000020000820        0x4 ./Drivers/BSP/src/LED.o
 .bss.s_ResetCount
                0x0000000020000824        0x4 ./Drivers/BSP/src/RESET.o
 .bss.hrtc      0x0000000020000828       0x30 ./Drivers/BSP/src/RTC.o
                0x0000000020000828                hrtc
 .bss.rx_data   0x0000000020000858        0x1 ./Drivers/BSP/src/UART.o
 *fill*         0x0000000020000859        0x3 
 .bss.s_bUARTConnected
                0x000000002000085c        0x4 ./Drivers/BSP/src/UART.o
 .bss.huart2    0x0000000020000860       0x94 ./Drivers/BSP/src/UART.o
                0x0000000020000860                huart2
 .bss.g_rbDebugRx_dataSpace
                0x00000000200008f4       0x80 ./Drivers/BSP/src/svDebug.o
                0x00000000200008f4                g_rbDebugRx_dataSpace
 .bss.g_bDebugTx
                0x0000000020000974        0x4 ./Drivers/BSP/src/svDebug.o
                0x0000000020000974                g_bDebugTx
 .bss.g_lwrbDebugTx
                0x0000000020000978       0x14 ./Drivers/BSP/src/svDebug.o
                0x0000000020000978                g_lwrbDebugTx
 .bss.s_byDebugTxRingBuffer
                0x000000002000098c      0x204 ./Drivers/BSP/src/svDebug.o
 .bss.s_msg4Debug.0
                0x0000000020000b90       0x80 ./Drivers/BSP/src/svDebug.o
 .bss.uwTick    0x0000000020000c10        0x4 ./Drivers/STM32H5xx_HAL_Driver/Src/stm32h5xx_hal.o
                0x0000000020000c10                uwTick
 .bss.szCLIString
                0x0000000020000c14       0x80 ./Middlewares/Solvine/Utils/src/svCLI.o
 .bss.szCLIHistoryBuffer
                0x0000000020000c94      0x180 ./Middlewares/Solvine/Utils/src/svCLI.o
 .bss.snCLIHistoryCount
                0x0000000020000e14        0x4 ./Middlewares/Solvine/Utils/src/svCLI.o
 .bss.snCLIHistoryPos
                0x0000000020000e18        0x4 ./Middlewares/Solvine/Utils/src/svCLI.o
 .bss.scntCLIString
                0x0000000020000e1c        0x4 ./Middlewares/Solvine/Utils/src/svCLI.o
 .bss.sCLITableBegin
                0x0000000020000e20        0x4 ./Middlewares/Solvine/Utils/src/svCLI.o
 .bss.sCLITablEnd
                0x0000000020000e24        0x4 ./Middlewares/Solvine/Utils/src/svCLI.o
 .bss.svGetChar
                0x0000000020000e28        0x4 ./Middlewares/Solvine/Utils/src/svCLI.o
 .bss.svPutChar
                0x0000000020000e2c        0x4 ./Middlewares/Solvine/Utils/src/svCLI.o
 .bss.svCommit  0x0000000020000e30        0x4 ./Middlewares/Solvine/Utils/src/svCLI.o
 .bss.svBypass  0x0000000020000e34        0x4 ./Middlewares/Solvine/Utils/src/svCLI.o
 .bss.svExit    0x0000000020000e38        0x1 ./Middlewares/Solvine/Utils/src/svCLI.o
 *fill*         0x0000000020000e39        0x3 
 .bss.sbEnter   0x0000000020000e3c        0x4 ./Middlewares/Solvine/Utils/src/svCLI.o
 .bss.msg.1     0x0000000020000e40      0x100 ./Middlewares/Solvine/Utils/src/svCLI.o
 .bss.sbInEsc.0
                0x0000000020000f40        0x1 ./Middlewares/Solvine/Utils/src/svCLI.o
 *fill*         0x0000000020000f41        0x3 
 .bss.pxCurrentTCB
                0x0000000020000f44        0x4 ./Middlewares/Third_Party/FreeRTOS/Source/tasks.o
                0x0000000020000f44                pxCurrentTCB
 .bss.pxReadyTasksLists
                0x0000000020000f48      0x460 ./Middlewares/Third_Party/FreeRTOS/Source/tasks.o
 .bss.pxDelayedTaskList
                0x00000000200013a8        0x4 ./Middlewares/Third_Party/FreeRTOS/Source/tasks.o
 .bss.pxOverflowDelayedTaskList
                0x00000000200013ac        0x4 ./Middlewares/Third_Party/FreeRTOS/Source/tasks.o
 .bss.xTickCount
                0x00000000200013b0        0x4 ./Middlewares/Third_Party/FreeRTOS/Source/tasks.o
 .bss.uxTopReadyPriority
                0x00000000200013b4        0x4 ./Middlewares/Third_Party/FreeRTOS/Source/tasks.o
 .bss.xSchedulerRunning
                0x00000000200013b8        0x4 ./Middlewares/Third_Party/FreeRTOS/Source/tasks.o
 .bss.xPendedTicks
                0x00000000200013bc        0x4 ./Middlewares/Third_Party/FreeRTOS/Source/tasks.o
 .bss.xYieldPending
                0x00000000200013c0        0x4 ./Middlewares/Third_Party/FreeRTOS/Source/tasks.o
 .bss.xNumOfOverflows
                0x00000000200013c4        0x4 ./Middlewares/Third_Party/FreeRTOS/Source/tasks.o
 .bss.xNextTaskUnblockTime
                0x00000000200013c8        0x4 ./Middlewares/Third_Party/FreeRTOS/Source/tasks.o
 .bss.uxSchedulerSuspended
                0x00000000200013cc        0x4 ./Middlewares/Third_Party/FreeRTOS/Source/tasks.o
 .bss.__malloc_free_list
                0x00000000200013d0        0x4 C:/ST/STM32CubeIDE_1.14.0/STM32CubeIDE/plugins/com.st.stm32cube.ide.mcu.externaltools.gnu-tools-for-stm32.11.3.rel1.win32_1.1.100.202309141235/tools/bin/../lib/gcc/arm-none-eabi/11.3.1/../../../../arm-none-eabi/lib/thumb/v8-m.main+fp/hard\libc_nano.a(libc_a-mallocr.o)
                0x00000000200013d0                __malloc_free_list
 .bss.__malloc_sbrk_start
                0x00000000200013d4        0x4 C:/ST/STM32CubeIDE_1.14.0/STM32CubeIDE/plugins/com.st.stm32cube.ide.mcu.externaltools.gnu-tools-for-stm32.11.3.rel1.win32_1.1.100.202309141235/tools/bin/../lib/gcc/arm-none-eabi/11.3.1/../../../../arm-none-eabi/lib/thumb/v8-m.main+fp/hard\libc_nano.a(libc_a-mallocr.o)
                0x00000000200013d4                __malloc_sbrk_start
 .bss.__sf      0x00000000200013d8      0x138 C:/ST/STM32CubeIDE_1.14.0/STM32CubeIDE/plugins/com.st.stm32cube.ide.mcu.externaltools.gnu-tools-for-stm32.11.3.rel1.win32_1.1.100.202309141235/tools/bin/../lib/gcc/arm-none-eabi/11.3.1/../../../../arm-none-eabi/lib/thumb/v8-m.main+fp/hard\libc_nano.a(libc_a-findfp.o)
                0x00000000200013d8                __sf
 .bss.errno     0x0000000020001510        0x4 C:/ST/STM32CubeIDE_1.14.0/STM32CubeIDE/plugins/com.st.stm32cube.ide.mcu.externaltools.gnu-tools-for-stm32.11.3.rel1.win32_1.1.100.202309141235/tools/bin/../lib/gcc/arm-none-eabi/11.3.1/../../../../arm-none-eabi/lib/thumb/v8-m.main+fp/hard\libc_nano.a(libc_a-reent.o)
                0x0000000020001510                errno
 .bss.__lock___malloc_recursive_mutex
                0x0000000020001514        0x1 C:/ST/STM32CubeIDE_1.14.0/STM32CubeIDE/plugins/com.st.stm32cube.ide.mcu.externaltools.gnu-tools-for-stm32.11.3.rel1.win32_1.1.100.202309141235/tools/bin/../lib/gcc/arm-none-eabi/11.3.1/../../../../arm-none-eabi/lib/thumb/v8-m.main+fp/hard\libc_nano.a(libc_a-lock.o)
                0x0000000020001514                __lock___malloc_recursive_mutex
 *(COMMON)
                0x0000000020001518                . = ALIGN (0x4)
 *fill*         0x0000000020001515        0x3 
                0x0000000020001518                _ebss = .
                0x0000000020001518                __bss_end__ = _ebss

._user_heap_stack
                0x0000000020001518      0x600 load address 0x000000000800eec8
                0x0000000020001518                . = ALIGN (0x8)
                [!provide]                        PROVIDE (end = .)
                0x0000000020001518                PROVIDE (_end = .)
                0x0000000020001718                . = (. + _Min_Heap_Size)
 *fill*         0x0000000020001518      0x200 
                0x0000000020001b18                . = (. + _Min_Stack_Size)
 *fill*         0x0000000020001718      0x400 
                0x0000000020001b18                . = ALIGN (0x8)

/DISCARD/
 libc.a(*)
 libm.a(*)
 libgcc.a(*)

.ARM.attributes
                0x0000000000000000       0x36
 *(.ARM.attributes)
 .ARM.attributes
                0x0000000000000000       0x22 C:/ST/STM32CubeIDE_1.14.0/STM32CubeIDE/plugins/com.st.stm32cube.ide.mcu.externaltools.gnu-tools-for-stm32.11.3.rel1.win32_1.1.100.202309141235/tools/bin/../lib/gcc/arm-none-eabi/11.3.1/thumb/v8-m.main+fp/hard/crti.o
 .ARM.attributes
                0x0000000000000022       0x38 C:/ST/STM32CubeIDE_1.14.0/STM32CubeIDE/plugins/com.st.stm32cube.ide.mcu.externaltools.gnu-tools-for-stm32.11.3.rel1.win32_1.1.100.202309141235/tools/bin/../lib/gcc/arm-none-eabi/11.3.1/thumb/v8-m.main+fp/hard/crtbegin.o
 .ARM.attributes
                0x000000000000005a       0x3a ./Core/App/src/AppMain.o
 .ARM.attributes
                0x0000000000000094       0x3a ./Core/Src/main.o
 .ARM.attributes
                0x00000000000000ce       0x3a ./Core/Src/stm32h5xx_hal_msp.o
 .ARM.attributes
                0x0000000000000108       0x3a ./Core/Src/stm32h5xx_hal_timebase_tim.o
 .ARM.attributes
                0x0000000000000142       0x3a ./Core/Src/stm32h5xx_it.o
 .ARM.attributes
                0x000000000000017c       0x3a ./Core/Src/sysmem.o
 .ARM.attributes
                0x00000000000001b6       0x3a ./Core/Src/system_stm32h5xx.o
 .ARM.attributes
                0x00000000000001f0       0x24 ./Core/Startup/startup_stm32h563zitx.o
 .ARM.attributes
                0x0000000000000214       0x3a ./Drivers/BSP/src/CAN.o
 .ARM.attributes
                0x000000000000024e       0x3a ./Drivers/BSP/src/FLASH.o
 .ARM.attributes
                0x0000000000000288       0x3a ./Drivers/BSP/src/LED.o
 .ARM.attributes
                0x00000000000002c2       0x3a ./Drivers/BSP/src/RESET.o
 .ARM.attributes
                0x00000000000002fc       0x3a ./Drivers/BSP/src/RTC.o
 .ARM.attributes
                0x0000000000000336       0x3a ./Drivers/BSP/src/UART.o
 .ARM.attributes
                0x0000000000000370       0x3a ./Drivers/BSP/src/svDebug.o
 .ARM.attributes
                0x00000000000003aa       0x3a ./Drivers/BSP/src/svPlatform.o
 .ARM.attributes
                0x00000000000003e4       0x3a ./Drivers/STM32H5xx_HAL_Driver/Src/stm32h5xx_hal.o
 .ARM.attributes
                0x000000000000041e       0x3a ./Drivers/STM32H5xx_HAL_Driver/Src/stm32h5xx_hal_cortex.o
 .ARM.attributes
                0x0000000000000458       0x3a ./Drivers/STM32H5xx_HAL_Driver/Src/stm32h5xx_hal_dma.o
 .ARM.attributes
                0x0000000000000492       0x3a ./Drivers/STM32H5xx_HAL_Driver/Src/stm32h5xx_hal_fdcan.o
 .ARM.attributes
                0x00000000000004cc       0x3a ./Drivers/STM32H5xx_HAL_Driver/Src/stm32h5xx_hal_flash.o
 .ARM.attributes
                0x0000000000000506       0x3a ./Drivers/STM32H5xx_HAL_Driver/Src/stm32h5xx_hal_flash_ex.o
 .ARM.attributes
                0x0000000000000540       0x3a ./Drivers/STM32H5xx_HAL_Driver/Src/stm32h5xx_hal_gpio.o
 .ARM.attributes
                0x000000000000057a       0x3a ./Drivers/STM32H5xx_HAL_Driver/Src/stm32h5xx_hal_icache.o
 .ARM.attributes
                0x00000000000005b4       0x3a ./Drivers/STM32H5xx_HAL_Driver/Src/stm32h5xx_hal_rcc.o
 .ARM.attributes
                0x00000000000005ee       0x3a ./Drivers/STM32H5xx_HAL_Driver/Src/stm32h5xx_hal_rcc_ex.o
 .ARM.attributes
                0x0000000000000628       0x3a ./Drivers/STM32H5xx_HAL_Driver/Src/stm32h5xx_hal_rtc_ex.o
 .ARM.attributes
                0x0000000000000662       0x3a ./Drivers/STM32H5xx_HAL_Driver/Src/stm32h5xx_hal_tim.o
 .ARM.attributes
                0x000000000000069c       0x3a ./Drivers/STM32H5xx_HAL_Driver/Src/stm32h5xx_hal_tim_ex.o
 .ARM.attributes
                0x00000000000006d6       0x3a ./Drivers/STM32H5xx_HAL_Driver/Src/stm32h5xx_hal_uart.o
 .ARM.attributes
                0x0000000000000710       0x3a ./Drivers/STM32H5xx_HAL_Driver/Src/stm32h5xx_hal_uart_ex.o
 .ARM.attributes
                0x000000000000074a       0x3a ./Middlewares/Solvine/Utils/src/qbuffer.o
 .ARM.attributes
                0x0000000000000784       0x3a ./Middlewares/Solvine/Utils/src/svCLI.o
 .ARM.attributes
                0x00000000000007be       0x3a ./Middlewares/Solvine/Utils/src/svRingBuffer.o
 .ARM.attributes
                0x00000000000007f8       0x3a ./Middlewares/Third_Party/FreeRTOS/Source/CMSIS_RTOS_V2/cmsis_os2.o
 .ARM.attributes
                0x0000000000000832       0x3a ./Middlewares/Third_Party/FreeRTOS/Source/tasks.o
 .ARM.attributes
                0x000000000000086c       0x3a ./Middlewares/Third_Party/FreeRTOS/Source/portable/GCC/ARM_CM33_NTZ/non_secure/port.o
 .ARM.attributes
                0x00000000000008a6       0x3a ./Middlewares/Third_Party/FreeRTOS/Source/portable/GCC/ARM_CM33_NTZ/non_secure/portasm.o
 .ARM.attributes
                0x00000000000008e0       0x3a ./Middlewares/Third_Party/lwrb/src/lwrb.o
 .ARM.attributes
                0x000000000000091a       0x38 C:/ST/STM32CubeIDE_1.14.0/STM32CubeIDE/plugins/com.st.stm32cube.ide.mcu.externaltools.gnu-tools-for-stm32.11.3.rel1.win32_1.1.100.202309141235/tools/bin/../lib/gcc/arm-none-eabi/11.3.1/../../../../arm-none-eabi/lib/thumb/v8-m.main+fp/hard\libc_nano.a(libc_a-mallocr.o)
 .ARM.attributes
                0x0000000000000952       0x38 C:/ST/STM32CubeIDE_1.14.0/STM32CubeIDE/plugins/com.st.stm32cube.ide.mcu.externaltools.gnu-tools-for-stm32.11.3.rel1.win32_1.1.100.202309141235/tools/bin/../lib/gcc/arm-none-eabi/11.3.1/../../../../arm-none-eabi/lib/thumb/v8-m.main+fp/hard\libc_nano.a(libc_a-mlock.o)
 .ARM.attributes
                0x000000000000098a       0x38 C:/ST/STM32CubeIDE_1.14.0/STM32CubeIDE/plugins/com.st.stm32cube.ide.mcu.externaltools.gnu-tools-for-stm32.11.3.rel1.win32_1.1.100.202309141235/tools/bin/../lib/gcc/arm-none-eabi/11.3.1/../../../../arm-none-eabi/lib/thumb/v8-m.main+fp/hard\libc_nano.a(libc_a-findfp.o)
 .ARM.attributes
                0x00000000000009c2       0x38 C:/ST/STM32CubeIDE_1.14.0/STM32CubeIDE/plugins/com.st.stm32cube.ide.mcu.externaltools.gnu-tools-for-stm32.11.3.rel1.win32_1.1.100.202309141235/tools/bin/../lib/gcc/arm-none-eabi/11.3.1/../../../../arm-none-eabi/lib/thumb/v8-m.main+fp/hard\libc_nano.a(libc_a-vsprintf.o)
 .ARM.attributes
                0x00000000000009fa       0x38 C:/ST/STM32CubeIDE_1.14.0/STM32CubeIDE/plugins/com.st.stm32cube.ide.mcu.externaltools.gnu-tools-for-stm32.11.3.rel1.win32_1.1.100.202309141235/tools/bin/../lib/gcc/arm-none-eabi/11.3.1/../../../../arm-none-eabi/lib/thumb/v8-m.main+fp/hard\libc_nano.a(libc_a-memset.o)
 .ARM.attributes
                0x0000000000000a32       0x38 C:/ST/STM32CubeIDE_1.14.0/STM32CubeIDE/plugins/com.st.stm32cube.ide.mcu.externaltools.gnu-tools-for-stm32.11.3.rel1.win32_1.1.100.202309141235/tools/bin/../lib/gcc/arm-none-eabi/11.3.1/../../../../arm-none-eabi/lib/thumb/v8-m.main+fp/hard\libc_nano.a(libc_a-strncpy.o)
 .ARM.attributes