../Drivers/BSP/src/CAN.c:116:10:CAN_Init	16	static
../Drivers/BSP/src/CAN.c:139:10:CAN_Open	48	static
../Drivers/BSP/src/CAN.c:220:10:CAN_Close	16	static
../Drivers/BSP/src/CAN.c:224:10:CAN_ConfigFilter	48	static
../Drivers/BSP/src/CAN.c:265:10:CAN_MsgAvailable	16	static
../Drivers/BSP/src/CAN.c:272:10:CAN_MsgInit	16	static
../Drivers/BSP/src/CAN.c:281:10:CAN_MsgWrite	72	static
../Drivers/BSP/src/CAN.c:361:10:CAN_MsgRead	24	static
../Drivers/BSP/src/CAN.c:372:10:CAN_GetRxErrCount	40	static
../Drivers/BSP/src/CAN.c:388:10:CAN_GetTxErrCount	40	static
../Drivers/BSP/src/CAN.c:405:10:CAN_GetError	16	static
../Drivers/BSP/src/CAN.c:412:10:CAN_GetState	16	static
../Drivers/BSP/src/CAN.c:420:6:CAN_RxFifoCallback	64	static
../Drivers/BSP/src/CAN.c:474:6:CAN_AttachRxInterrupt	16	static
../Drivers/BSP/src/CAN.c:481:6:CAN_DetachRxInterrupt	16	static
../Drivers/BSP/src/CAN.c:488:6:CAN_Recovery	16	static
../Drivers/BSP/src/CAN.c:498:10:CAN_Update	24	static
../Drivers/BSP/src/CAN.c:531:10:CAN_ErrClear	16	static
../Drivers/BSP/src/CAN.c:538:10:CAN_ErrPrint	24	static
../Drivers/BSP/src/CAN.c:552:6:CAN_ErrUpdate	64	static
../Drivers/BSP/src/CAN.c:586:6:HAL_FDCAN_ErrorStatusCallback	24	static
../Drivers/BSP/src/CAN.c:592:6:HAL_FDCAN_ErrorCallback	24	static
../Drivers/BSP/src/CAN.c:604:6:FDCAN1_IT0_IRQHandler	8	static
../Drivers/BSP/src/CAN.c:609:6:HAL_FDCAN_RxFifo0Callback	16	static
../Drivers/BSP/src/CAN.c:627:6:HAL_FDCAN_MspInit	312	static
../Drivers/BSP/src/CAN.c:671:6:HAL_FDCAN_MspDeInit	16	static
../Drivers/BSP/src/CAN.c:698:13:CLI_FDCANTest	120	static
