../Drivers/BSP/LWIP_RAW/Target/ethernetif.c:117:13:low_level_init	24	static
../Drivers/BSP/LWIP_RAW/Target/ethernetif.c:182:14:low_level_output	80	static
../Drivers/BSP/LWIP_RAW/Target/ethernetif.c:230:22:low_level_input	24	static
../Drivers/BSP/LWIP_RAW/Target/ethernetif.c:251:6:ethernetif_input	24	static
../Drivers/BSP/LWIP_RAW/Target/ethernetif.c:282:7:ethernetif_init	16	static
../Drivers/BSP/LWIP_RAW/Target/ethernetif.c:311:6:pbuf_free_custom	24	static
../Drivers/BSP/LWIP_RAW/Target/ethernetif.c:329:7:sys_now	8	static
../Drivers/BSP/LWIP_RAW/Target/ethernetif.c:341:6:HAL_ETH_MspInit	64	static
../Drivers/BSP/LWIP_RAW/Target/ethernetif.c:414:9:ETH_PHY_IO_Init	8	static
../Drivers/BSP/LWIP_RAW/Target/ethernetif.c:431:9:ETH_PHY_IO_DeInit	4	static
../Drivers/BSP/LWIP_RAW/Target/ethernetif.c:443:9:ETH_PHY_IO_ReadReg	24	static
../Drivers/BSP/LWIP_RAW/Target/ethernetif.c:460:9:ETH_PHY_IO_WriteReg	24	static
../Drivers/BSP/LWIP_RAW/Target/ethernetif.c:474:9:ETH_PHY_IO_GetTick	8	static
../Drivers/BSP/LWIP_RAW/Target/ethernetif.c:483:6:ethernet_link_check_state	136	static
../Drivers/BSP/LWIP_RAW/Target/ethernetif.c:538:6:HAL_ETH_RxAllocateCallback	32	static
../Drivers/BSP/LWIP_RAW/Target/ethernetif.c:558:6:HAL_ETH_RxLinkCallback	40	static
../Drivers/BSP/LWIP_RAW/Target/ethernetif.c:593:6:HAL_ETH_TxFreeCallback	16	static
