../Drivers/CMSIS/Include/core_cm33.h:3212:26:ITM_SendChar	16	static,ignoring_inline_asm
../Core/Src/main.c:99:5:_write	32	static
../Core/Src/main.c:117:5:main	8	static
../Core/Src/main.c:183:6:SystemClock_Config	120	static
../Core/Src/main.c:331:13:MX_FLASH_Init	8	static
../Core/Src/main.c:360:13:MX_ICACHE_Init	8	static
../Core/Src/main.c:388:13:MX_LPUART1_UART_Init	8	static
../Core/Src/main.c:483:13:MX_USART3_UART_Init	8	static
../Core/Src/main.c:606:13:MX_GPIO_Init	64	static
../Core/Src/main.c:681:6:StartDefaultTask	16	static
../Core/Src/main.c:701:6:HAL_TIM_PeriodElapsedCallback	16	static
../Core/Src/main.c:727:6:Error_Handler	4	static,ignoring_inline_asm
