../Core/Src/main.c:82:5:main	8	static
../Core/Src/main.c:143:6:SystemClock_Config	120	static
../Core/Src/main.c:197:13:MX_FDCAN1_Init	8	static
../Core/Src/main.c:240:13:MX_FLASH_Init	8	static
../Core/Src/main.c:269:13:MX_ICACHE_Init	8	static
../Core/Src/main.c:297:13:MX_LPUART1_UART_Init	8	static
../Core/Src/main.c:392:13:MX_USART3_UART_Init	8	static
../Core/Src/main.c:488:13:MX_GPIO_Init	64	static
../Core/Src/main.c:566:6:HAL_TIM_PeriodElapsedCallback	16	static
../Core/Src/main.c:583:6:Error_Handler	4	static,ignoring_inline_asm
