../Core/Src/stm32h5xx_it.c:73:6:NMI_Handler	4	static
../Core/Src/stm32h5xx_it.c:88:6:HardFault_Handler	4	static
../Core/Src/stm32h5xx_it.c:103:6:MemManage_Handler	4	static
../Core/Src/stm32h5xx_it.c:118:6:BusFault_Handler	4	static
../Core/Src/stm32h5xx_it.c:133:6:UsageFault_Handler	4	static
../Core/Src/stm32h5xx_it.c:148:6:DebugMon_Handler	4	static
../Core/Src/stm32h5xx_it.c:168:6:EXTI13_IRQHandler	8	static
../Core/Src/stm32h5xx_it.c:184:6:TIM6_IRQHandler	8	static
../Core/Src/stm32h5xx_it.c:198:6:ETH_IRQHandler	8	static
../Core/Src/stm32h5xx_it.c:212:6:ETH_WKUP_IRQHandler	8	static
../Core/Src/stm32h5xx_it.c:225:6:USART2_IRQHandler	8	static
