../Core/Src/stm32h5xx_it.c:72:6:NMI_Handler	4	static
../Core/Src/stm32h5xx_it.c:87:6:HardFault_Handler	4	static
../Core/Src/stm32h5xx_it.c:102:6:MemManage_Handler	4	static
../Core/Src/stm32h5xx_it.c:117:6:BusFault_Handler	4	static
../Core/Src/stm32h5xx_it.c:132:6:UsageFault_Handler	4	static
../Core/Src/stm32h5xx_it.c:147:6:DebugMon_Handler	4	static
../Core/Src/stm32h5xx_it.c:167:6:EXTI13_IRQHandler	8	static
../Core/Src/stm32h5xx_it.c:183:6:TIM6_IRQHandler	8	static
../Core/Src/stm32h5xx_it.c:197:6:USART2_IRQHandler	8	static
