../Middlewares/Solvine/Utils/src/svCLI.c:57:6:svCLI_Init	24	static
../Middlewares/Solvine/Utils/src/svCLI.c:83:12:svCLI_Printf	24	static
../Middlewares/Solvine/Utils/src/svCLI.c:98:6:svCLI_ShowHelp	24	static
../Middlewares/Solvine/Utils/src/svCLI.c:123:6:svCLI_KeepLoop	8	static
../Middlewares/Solvine/Utils/src/svCLI.c:136:12:_strlenOffspace	24	static
../Middlewares/Solvine/Utils/src/svCLI.c:154:13:_toLower	16	static
../Middlewares/Solvine/Utils/src/svCLI.c:162:12:_isPrintable	16	static
../Middlewares/Solvine/Utils/src/svCLI.c:169:12:_isHex	16	static
../Middlewares/Solvine/Utils/src/svCLI.c:178:12:_fromHex	24	static
../Middlewares/Solvine/Utils/src/svCLI.c:194:12:_strNoCaseCmp	32	static
../Middlewares/Solvine/Utils/src/svCLI.c:210:13:_svMemCpy	24	static
../Middlewares/Solvine/Utils/src/svCLI.c:217:13:_svClearLine	16	static
../Middlewares/Solvine/Utils/src/svCLI.c:227:13:svCLIHandleHistory	24	static
../Middlewares/Solvine/Utils/src/svCLI.c:260:17:svCLI_Search	32	static
../Middlewares/Solvine/Utils/src/svCLI.c:284:5:svCLI_ParseNumber	48	static
../Middlewares/Solvine/Utils/src/svCLI.c:323:13:svCLI_ParsenExecute	48	static
../Middlewares/Solvine/Utils/src/svCLI.c:367:6:svCLI_SetBypassFtn	32	static
../Middlewares/Solvine/Utils/src/svCLI.c:401:6:svCLI_Handler	24	static
../Middlewares/Solvine/Utils/src/svCLI.c:526:13:CLI_Help	24	static
