../Middlewares/Solvine/Utils/src/svCLI.c:56:6:svCLI_Init	24	static
../Middlewares/Solvine/Utils/src/svCLI.c:82:12:svCLI_Printf	24	static
../Middlewares/Solvine/Utils/src/svCLI.c:97:6:svCLI_ShowHelp	24	static
../Middlewares/Solvine/Utils/src/svCLI.c:122:12:_strlenOffspace	24	static
../Middlewares/Solvine/Utils/src/svCLI.c:140:13:_toLower	16	static
../Middlewares/Solvine/Utils/src/svCLI.c:148:12:_isPrintable	16	static
../Middlewares/Solvine/Utils/src/svCLI.c:155:12:_isHex	16	static
../Middlewares/Solvine/Utils/src/svCLI.c:164:12:_fromHex	24	static
../Middlewares/Solvine/Utils/src/svCLI.c:180:12:_strNoCaseCmp	32	static
../Middlewares/Solvine/Utils/src/svCLI.c:196:13:_svMemCpy	24	static
../Middlewares/Solvine/Utils/src/svCLI.c:203:13:_svClearLine	16	static
../Middlewares/Solvine/Utils/src/svCLI.c:213:13:svCLIHandleHistory	24	static
../Middlewares/Solvine/Utils/src/svCLI.c:246:17:svCLI_Search	32	static
../Middlewares/Solvine/Utils/src/svCLI.c:270:5:svCLI_ParseNumber	48	static
../Middlewares/Solvine/Utils/src/svCLI.c:309:13:svCLI_ParsenExecute	48	static
../Middlewares/Solvine/Utils/src/svCLI.c:353:6:svCLI_SetBypassFtn	32	static
../Middlewares/Solvine/Utils/src/svCLI.c:387:6:svCLI_Handler	24	static
../Middlewares/Solvine/Utils/src/svCLI.c:512:13:CLI_Help	24	static
