../Middlewares/Solvine/Utils/src/svLinkBuffer.c:10:14:svLinkBuffer_GetSize	16	static
../Middlewares/Solvine/Utils/src/svLinkBuffer.c:15:14:svLinkBuffer_GetCount	24	static
../Middlewares/Solvine/Utils/src/svLinkBuffer.c:29:6:svLinkBuffer_Reset	16	static
../Middlewares/Solvine/Utils/src/svLinkBuffer.c:36:14:svLinkBuffer_Capacity	16	static
../Middlewares/Solvine/Utils/src/svLinkBuffer.c:41:14:svLinkBuffer_FreeBytes	24	static
../Middlewares/Solvine/Utils/src/svLinkBuffer.c:55:5:svLinkBuffer_IsFull	16	static
../Middlewares/Solvine/Utils/src/svLinkBuffer.c:61:5:svLinkBuffer_IsEmpty	24	static
../Middlewares/Solvine/Utils/src/svLinkBuffer.c:66:18:svLinkBuffer_Tail	16	static
../Middlewares/Solvine/Utils/src/svLinkBuffer.c:71:18:svLinkBuffer_Head	16	static
../Middlewares/Solvine/Utils/src/svLinkBuffer.c:76:18:svLinkBuffer_Buf	16	static
../Middlewares/Solvine/Utils/src/svLinkBuffer.c:81:5:svLinkBuffer_IsOverflow	16	static
../Middlewares/Solvine/Utils/src/svLinkBuffer.c:86:5:svLinkBuffer_IsTurnAround	16	static
../Middlewares/Solvine/Utils/src/svLinkBuffer.c:91:6:svLinkBuffer_ClearOverflow	16	static
../Middlewares/Solvine/Utils/src/svLinkBuffer.c:96:5:svLinkBuffer_Push	24	static
../Middlewares/Solvine/Utils/src/svLinkBuffer.c:118:11:svLinkBuffer_Pop	24	static
../Middlewares/Solvine/Utils/src/svLinkBuffer.c:128:6:svLinkBuffer_Skip	16	static
../Middlewares/Solvine/Utils/src/svLinkBuffer.c:135:11:svLinkBuffer_Peek	24	static
