../Drivers/STM32H5xx_HAL_Driver/Src/stm32h5xx_hal_rtc_ex.c:235:19:HAL_RTCEx_SetTimeStamp	24	static
../Drivers/STM32H5xx_HAL_Driver/Src/stm32h5xx_hal_rtc_ex.c:294:19:HAL_RTCEx_SetTimeStamp_IT	24	static
../Drivers/STM32H5xx_HAL_Driver/Src/stm32h5xx_hal_rtc_ex.c:342:19:HAL_RTCEx_DeactivateTimeStamp	16	static
../Drivers/STM32H5xx_HAL_Driver/Src/stm32h5xx_hal_rtc_ex.c:379:19:HAL_RTCEx_SetInternalTimeStamp	16	static
../Drivers/STM32H5xx_HAL_Driver/Src/stm32h5xx_hal_rtc_ex.c:410:19:HAL_RTCEx_DeactivateInternalTimeStamp	16	static
../Drivers/STM32H5xx_HAL_Driver/Src/stm32h5xx_hal_rtc_ex.c:446:19:HAL_RTCEx_GetTimeStamp	32	static
../Drivers/STM32H5xx_HAL_Driver/Src/stm32h5xx_hal_rtc_ex.c:500:6:HAL_RTCEx_TimeStampIRQHandler	16	static
../Drivers/STM32H5xx_HAL_Driver/Src/stm32h5xx_hal_rtc_ex.c:530:13:HAL_RTCEx_TimeStampEventCallback	16	static
../Drivers/STM32H5xx_HAL_Driver/Src/stm32h5xx_hal_rtc_ex.c:546:19:HAL_RTCEx_PollForTimeStampEvent	24	static
../Drivers/STM32H5xx_HAL_Driver/Src/stm32h5xx_hal_rtc_ex.c:608:19:HAL_RTCEx_SetWakeUpTimer	32	static
../Drivers/STM32H5xx_HAL_Driver/Src/stm32h5xx_hal_rtc_ex.c:694:19:HAL_RTCEx_SetWakeUpTimer_IT	32	static
../Drivers/STM32H5xx_HAL_Driver/Src/stm32h5xx_hal_rtc_ex.c:778:19:HAL_RTCEx_DeactivateWakeUpTimer	24	static
../Drivers/STM32H5xx_HAL_Driver/Src/stm32h5xx_hal_rtc_ex.c:840:10:HAL_RTCEx_GetWakeUpTimer	16	static
../Drivers/STM32H5xx_HAL_Driver/Src/stm32h5xx_hal_rtc_ex.c:854:6:HAL_RTCEx_WakeUpTimerIRQHandler	16	static
../Drivers/STM32H5xx_HAL_Driver/Src/stm32h5xx_hal_rtc_ex.c:882:13:HAL_RTCEx_WakeUpTimerEventCallback	16	static
../Drivers/STM32H5xx_HAL_Driver/Src/stm32h5xx_hal_rtc_ex.c:898:19:HAL_RTCEx_PollForWakeUpTimerEvent	24	static
../Drivers/STM32H5xx_HAL_Driver/Src/stm32h5xx_hal_rtc_ex.c:980:19:HAL_RTCEx_SetSmoothCalib	32	static
../Drivers/STM32H5xx_HAL_Driver/Src/stm32h5xx_hal_rtc_ex.c:1052:19:HAL_RTCEx_SetLowPowerCalib	16	static
../Drivers/STM32H5xx_HAL_Driver/Src/stm32h5xx_hal_rtc_ex.c:1093:19:HAL_RTCEx_SetSynchroShift	32	static
../Drivers/STM32H5xx_HAL_Driver/Src/stm32h5xx_hal_rtc_ex.c:1202:19:HAL_RTCEx_SetCalibrationOutPut	16	static
../Drivers/STM32H5xx_HAL_Driver/Src/stm32h5xx_hal_rtc_ex.c:1239:19:HAL_RTCEx_DeactivateCalibrationOutPut	16	static
../Drivers/STM32H5xx_HAL_Driver/Src/stm32h5xx_hal_rtc_ex.c:1272:19:HAL_RTCEx_SetRefClock	24	static
../Drivers/STM32H5xx_HAL_Driver/Src/stm32h5xx_hal_rtc_ex.c:1316:19:HAL_RTCEx_DeactivateRefClock	24	static
../Drivers/STM32H5xx_HAL_Driver/Src/stm32h5xx_hal_rtc_ex.c:1363:19:HAL_RTCEx_EnableBypassShadow	16	static
../Drivers/STM32H5xx_HAL_Driver/Src/stm32h5xx_hal_rtc_ex.c:1396:19:HAL_RTCEx_DisableBypassShadow	16	static
../Drivers/STM32H5xx_HAL_Driver/Src/stm32h5xx_hal_rtc_ex.c:1430:19:HAL_RTCEx_MonotonicCounterIncrement	16	static
../Drivers/STM32H5xx_HAL_Driver/Src/stm32h5xx_hal_rtc_ex.c:1452:19:HAL_RTCEx_MonotonicCounterGet	24	static
../Drivers/STM32H5xx_HAL_Driver/Src/stm32h5xx_hal_rtc_ex.c:1471:19:HAL_RTCEx_SetSSRU_IT	16	static
../Drivers/STM32H5xx_HAL_Driver/Src/stm32h5xx_hal_rtc_ex.c:1502:19:HAL_RTCEx_DeactivateSSRU	16	static
../Drivers/STM32H5xx_HAL_Driver/Src/stm32h5xx_hal_rtc_ex.c:1533:6:HAL_RTCEx_SSRUIRQHandler	16	static
../Drivers/STM32H5xx_HAL_Driver/Src/stm32h5xx_hal_rtc_ex.c:1564:13:HAL_RTCEx_SSRUEventCallback	16	static
../Drivers/STM32H5xx_HAL_Driver/Src/stm32h5xx_hal_rtc_ex.c:1598:13:HAL_RTCEx_AlarmBEventCallback	16	static
../Drivers/STM32H5xx_HAL_Driver/Src/stm32h5xx_hal_rtc_ex.c:1614:19:HAL_RTCEx_PollForAlarmBEvent	24	static
../Drivers/STM32H5xx_HAL_Driver/Src/stm32h5xx_hal_rtc_ex.c:1684:19:HAL_RTCEx_SetTamper	24	static
../Drivers/STM32H5xx_HAL_Driver/Src/stm32h5xx_hal_rtc_ex.c:1766:19:HAL_RTCEx_SetTamper_IT	24	static
../Drivers/STM32H5xx_HAL_Driver/Src/stm32h5xx_hal_rtc_ex.c:1848:19:HAL_RTCEx_DeactivateTamper	16	static
../Drivers/STM32H5xx_HAL_Driver/Src/stm32h5xx_hal_rtc_ex.c:1878:19:HAL_RTCEx_SetActiveTampers	48	static
../Drivers/STM32H5xx_HAL_Driver/Src/stm32h5xx_hal_rtc_ex.c:2010:19:HAL_RTCEx_SetActiveSeed	24	static
../Drivers/STM32H5xx_HAL_Driver/Src/stm32h5xx_hal_rtc_ex.c:2058:19:HAL_RTCEx_LockBootHardwareKey	16	static
../Drivers/STM32H5xx_HAL_Driver/Src/stm32h5xx_hal_rtc_ex.c:2074:19:HAL_RTCEx_DeactivateActiveTampers	24	static
../Drivers/STM32H5xx_HAL_Driver/Src/stm32h5xx_hal_rtc_ex.c:2126:19:HAL_RTCEx_PollForTamperEvent	32	static
../Drivers/STM32H5xx_HAL_Driver/Src/stm32h5xx_hal_rtc_ex.c:2168:19:HAL_RTCEx_SetInternalTamper	16	static
../Drivers/STM32H5xx_HAL_Driver/Src/stm32h5xx_hal_rtc_ex.c:2215:19:HAL_RTCEx_SetInternalTamper_IT	16	static
../Drivers/STM32H5xx_HAL_Driver/Src/stm32h5xx_hal_rtc_ex.c:2264:19:HAL_RTCEx_DeactivateInternalTamper	16	static
../Drivers/STM32H5xx_HAL_Driver/Src/stm32h5xx_hal_rtc_ex.c:2291:19:HAL_RTCEx_PollForInternalTamperEvent	32	static
../Drivers/STM32H5xx_HAL_Driver/Src/stm32h5xx_hal_rtc_ex.c:2332:6:HAL_RTCEx_TamperIRQHandler	24	static
../Drivers/STM32H5xx_HAL_Driver/Src/stm32h5xx_hal_rtc_ex.c:2604:13:HAL_RTCEx_Tamper1EventCallback	16	static
../Drivers/STM32H5xx_HAL_Driver/Src/stm32h5xx_hal_rtc_ex.c:2619:13:HAL_RTCEx_Tamper2EventCallback	16	static
../Drivers/STM32H5xx_HAL_Driver/Src/stm32h5xx_hal_rtc_ex.c:2634:13:HAL_RTCEx_Tamper3EventCallback	16	static
../Drivers/STM32H5xx_HAL_Driver/Src/stm32h5xx_hal_rtc_ex.c:2649:13:HAL_RTCEx_Tamper4EventCallback	16	static
../Drivers/STM32H5xx_HAL_Driver/Src/stm32h5xx_hal_rtc_ex.c:2664:13:HAL_RTCEx_Tamper5EventCallback	16	static
../Drivers/STM32H5xx_HAL_Driver/Src/stm32h5xx_hal_rtc_ex.c:2679:13:HAL_RTCEx_Tamper6EventCallback	16	static
../Drivers/STM32H5xx_HAL_Driver/Src/stm32h5xx_hal_rtc_ex.c:2694:13:HAL_RTCEx_Tamper7EventCallback	16	static
../Drivers/STM32H5xx_HAL_Driver/Src/stm32h5xx_hal_rtc_ex.c:2709:13:HAL_RTCEx_Tamper8EventCallback	16	static
../Drivers/STM32H5xx_HAL_Driver/Src/stm32h5xx_hal_rtc_ex.c:2724:13:HAL_RTCEx_InternalTamper1EventCallback	16	static
../Drivers/STM32H5xx_HAL_Driver/Src/stm32h5xx_hal_rtc_ex.c:2739:13:HAL_RTCEx_InternalTamper2EventCallback	16	static
../Drivers/STM32H5xx_HAL_Driver/Src/stm32h5xx_hal_rtc_ex.c:2754:13:HAL_RTCEx_InternalTamper3EventCallback	16	static
../Drivers/STM32H5xx_HAL_Driver/Src/stm32h5xx_hal_rtc_ex.c:2769:13:HAL_RTCEx_InternalTamper4EventCallback	16	static
../Drivers/STM32H5xx_HAL_Driver/Src/stm32h5xx_hal_rtc_ex.c:2784:13:HAL_RTCEx_InternalTamper5EventCallback	16	static
../Drivers/STM32H5xx_HAL_Driver/Src/stm32h5xx_hal_rtc_ex.c:2799:13:HAL_RTCEx_InternalTamper6EventCallback	16	static
../Drivers/STM32H5xx_HAL_Driver/Src/stm32h5xx_hal_rtc_ex.c:2814:13:HAL_RTCEx_InternalTamper7EventCallback	16	static
../Drivers/STM32H5xx_HAL_Driver/Src/stm32h5xx_hal_rtc_ex.c:2829:13:HAL_RTCEx_InternalTamper8EventCallback	16	static
../Drivers/STM32H5xx_HAL_Driver/Src/stm32h5xx_hal_rtc_ex.c:2844:13:HAL_RTCEx_InternalTamper9EventCallback	16	static
../Drivers/STM32H5xx_HAL_Driver/Src/stm32h5xx_hal_rtc_ex.c:2859:13:HAL_RTCEx_InternalTamper11EventCallback	16	static
../Drivers/STM32H5xx_HAL_Driver/Src/stm32h5xx_hal_rtc_ex.c:2874:13:HAL_RTCEx_InternalTamper12EventCallback	16	static
../Drivers/STM32H5xx_HAL_Driver/Src/stm32h5xx_hal_rtc_ex.c:2889:13:HAL_RTCEx_InternalTamper13EventCallback	16	static
../Drivers/STM32H5xx_HAL_Driver/Src/stm32h5xx_hal_rtc_ex.c:2904:13:HAL_RTCEx_InternalTamper15EventCallback	16	static
../Drivers/STM32H5xx_HAL_Driver/Src/stm32h5xx_hal_rtc_ex.c:2946:6:HAL_RTCEx_BKUPWrite	32	static
../Drivers/STM32H5xx_HAL_Driver/Src/stm32h5xx_hal_rtc_ex.c:2972:10:HAL_RTCEx_BKUPRead	24	static
../Drivers/STM32H5xx_HAL_Driver/Src/stm32h5xx_hal_rtc_ex.c:2995:7:HAL_RTCEx_BKUPErase	16	static
../Drivers/STM32H5xx_HAL_Driver/Src/stm32h5xx_hal_rtc_ex.c:3008:7:HAL_RTCEx_BKUPBlock	16	static
../Drivers/STM32H5xx_HAL_Driver/Src/stm32h5xx_hal_rtc_ex.c:3021:7:HAL_RTCEx_BKUPUnblock	16	static
../Drivers/STM32H5xx_HAL_Driver/Src/stm32h5xx_hal_rtc_ex.c:3041:7:HAL_RTCEx_ConfigEraseDeviceSecrets	16	static
../Drivers/STM32H5xx_HAL_Driver/Src/stm32h5xx_hal_rtc_ex.c:3076:19:HAL_RTCEx_SecureModeGet	24	static
../Drivers/STM32H5xx_HAL_Driver/Src/stm32h5xx_hal_rtc_ex.c:3170:19:HAL_RTCEx_PrivilegeModeSet	16	static
../Drivers/STM32H5xx_HAL_Driver/Src/stm32h5xx_hal_rtc_ex.c:3216:19:HAL_RTCEx_PrivilegeModeGet	32	static
