../Drivers/BSP/LWIP_RAW/App/tcp_client.c:35:6:app_start_get_time	8	static
../Drivers/BSP/LWIP_RAW/App/tcp_client.c:44:13:app_open_conn	16	static
../Drivers/BSP/LWIP_RAW/App/tcp_client.c:72:14:tcp_callback_connected	24	static
../Drivers/BSP/LWIP_RAW/App/tcp_client.c:98:13:app_send_data	8	static
../Drivers/BSP/LWIP_RAW/App/tcp_client.c:120:14:tcp_callback_sent	24	static
../Drivers/BSP/LWIP_RAW/App/tcp_client.c:149:14:tcp_callback_received	56	static
../Drivers/BSP/LWIP_RAW/App/tcp_client.c:200:13:app_close_conn	8	static
../Drivers/BSP/LWIP_RAW/App/tcp_client.c:217:13:tcp_callback_error	16	static
../Drivers/BSP/LWIP_RAW/App/tcp_client.c:229:14:tcp_callback_poll	16	static
